OpenJDK 64-Bit Server VM (25.382-b05) for linux-amd64 JRE (1.8.0_382-8u382-ga-1~22.04.1-b05), built on Jul 24 2023 20:17:51 by "buildd" with gcc 11.3.0
Memory: 4k page, physical 16313872k(15253644k free), swap 8388608k(8385332k free)
CommandLine flags: -XX:InitialHeapSize=268435456 -XX:MaxGCPauseMillis=50 -XX:MaxHeapSize=268435456 -XX:+PrintGC -XX:+PrintGCDateStamps -XX:+PrintGCDetails -XX:+PrintGCTimeStamps -XX:+UseCompressedClassPointers -XX:+UseCompressedOops 
2023-11-16T03:48:48.401+0000: 3.691: [GC (Allocation Failure) 2023-11-16T03:48:48.401+0000: 3.691: [DefNew: 66282K->1238K(78656K), 0.0046657 secs] 66282K->1238K(253440K), 0.0047880 secs] [Times: user=0.01 sys=0.00, real=0.01 secs] 
2023-11-16T03:48:48.501+0000: 3.790: [GC (Allocation Failure) 2023-11-16T03:48:48.501+0000: 3.790: [DefNew: 71190K->8703K(78656K), 0.0512369 secs] 71190K->12354K(253440K), 0.0513721 secs] [Times: user=0.05 sys=0.01, real=0.05 secs] 
2023-11-16T03:48:48.710+0000: 3.999: [GC (Allocation Failure) 2023-11-16T03:48:48.710+0000: 3.999: [DefNew: 76209K->110K(78656K), 0.0025974 secs] 79860K->4017K(253440K), 0.0027147 secs] [Times: user=0.01 sys=0.00, real=0.00 secs] 
2023-11-16T03:48:48.869+0000: 4.158: [GC (Allocation Failure) 2023-11-16T03:48:48.869+0000: 4.158: [DefNew: 70062K->8704K(78656K), 0.0332741 secs] 73969K->14677K(253440K), 0.0333991 secs] [Times: user=0.04 sys=0.00, real=0.03 secs] 
2023-11-16T03:48:49.003+0000: 4.292: [GC (Allocation Failure) 2023-11-16T03:48:49.003+0000: 4.292: [DefNew: 76855K->110K(78656K), 0.0004341 secs] 82829K->6085K(253440K), 0.0004961 secs] [Times: user=0.00 sys=0.00, real=0.00 secs] 
2023-11-16T03:48:49.065+0000: 4.354: [GC (Allocation Failure) 2023-11-16T03:48:49.065+0000: 4.355: [DefNew: 70062K->8703K(78656K), 0.0146028 secs] 76037K->16993K(253440K), 0.0146783 secs] [Times: user=0.02 sys=0.00, real=0.01 secs] 
2023-11-16T03:48:49.148+0000: 4.437: [GC (Allocation Failure) 2023-11-16T03:48:49.148+0000: 4.437: [DefNew: 77423K->90K(78656K), 0.0004367 secs] 85712K->8381K(253440K), 0.0004971 secs] [Times: user=0.00 sys=0.00, real=0.00 secs] 
2023-11-16T03:48:49.211+0000: 4.500: [GC (Allocation Failure) 2023-11-16T03:48:49.211+0000: 4.500: [DefNew: 70042K->8704K(78656K), 0.0153831 secs] 78333K->19549K(253440K), 0.0154584 secs] [Times: user=0.02 sys=0.00, real=0.02 secs] 
2023-11-16T03:48:49.294+0000: 4.584: [GC (Allocation Failure) 2023-11-16T03:48:49.294+0000: 4.584: [DefNew: 75928K->33K(78656K), 0.0004324 secs] 86773K->10880K(253440K), 0.0004951 secs] [Times: user=0.00 sys=0.00, real=0.00 secs] 
2023-11-16T03:48:49.363+0000: 4.653: [GC (Allocation Failure) 2023-11-16T03:48:49.363+0000: 4.653: [DefNew: 69985K->8703K(78656K), 0.0157088 secs] 80832K->22158K(253440K), 0.0157836 secs] [Times: user=0.02 sys=0.00, real=0.02 secs] 
2023-11-16T03:48:49.445+0000: 4.734: [GC (Allocation Failure) 2023-11-16T03:48:49.445+0000: 4.734: [DefNew: 75905K->29K(78656K), 0.0004350 secs] 89360K->13487K(253440K), 0.0004944 secs] [Times: user=0.00 sys=0.00, real=0.00 secs] 
2023-11-16T03:48:49.506+0000: 4.795: [GC (Allocation Failure) 2023-11-16T03:48:49.506+0000: 4.795: [DefNew: 69981K->8703K(78656K), 0.0157378 secs] 83439K->24848K(253440K), 0.0158129 secs] [Times: user=0.02 sys=0.00, real=0.01 secs] 
2023-11-16T03:48:49.586+0000: 4.875: [GC (Allocation Failure) 2023-11-16T03:48:49.586+0000: 4.875: [DefNew: 75921K->29K(78656K), 0.0003740 secs] 92066K->16174K(253440K), 0.0004413 secs] [Times: user=0.00 sys=0.00, real=0.00 secs] 
2023-11-16T03:48:49.646+0000: 4.935: [GC (Allocation Failure) 2023-11-16T03:48:49.646+0000: 4.935: [DefNew: 69981K->8703K(78656K), 0.0157774 secs] 86126K->27533K(253440K), 0.0158562 secs] [Times: user=0.02 sys=0.00, real=0.01 secs] 
2023-11-16T03:48:49.726+0000: 5.016: [GC (Allocation Failure) 2023-11-16T03:48:49.727+0000: 5.016: [DefNew: 75927K->49K(78656K), 0.0003815 secs] 94757K->18880K(253440K), 0.0004446 secs] [Times: user=0.00 sys=0.00, real=0.00 secs] 
2023-11-16T03:48:49.789+0000: 5.078: [GC (Allocation Failure) 2023-11-16T03:48:49.789+0000: 5.078: [DefNew: 70001K->8703K(78656K), 0.0159010 secs] 88832K->30225K(253440K), 0.0159833 secs] [Times: user=0.01 sys=0.00, real=0.02 secs] 
2023-11-16T03:48:49.874+0000: 5.163: [GC (Allocation Failure) 2023-11-16T03:48:49.874+0000: 5.163: [DefNew: 75915K->49K(78656K), 0.0004250 secs] 97436K->21575K(253440K), 0.0004848 secs] [Times: user=0.00 sys=0.00, real=0.00 secs] 
2023-11-16T03:48:49.934+0000: 5.223: [GC (Allocation Failure) 2023-11-16T03:48:49.934+0000: 5.223: [DefNew: 70001K->8703K(78656K), 0.0157135 secs] 91527K->32935K(253440K), 0.0157893 secs] [Times: user=0.02 sys=0.00, real=0.02 secs] 
2023-11-16T03:48:50.013+0000: 5.302: [GC (Allocation Failure) 2023-11-16T03:48:50.013+0000: 5.302: [DefNew: 75923K->28K(78656K), 0.0003800 secs] 100154K->24261K(253440K), 0.0004396 secs] [Times: user=0.00 sys=0.00, real=0.00 secs] 
2023-11-16T03:48:50.074+0000: 5.363: [GC (Allocation Failure) 2023-11-16T03:48:50.074+0000: 5.363: [DefNew: 69980K->8703K(78656K), 0.0157318 secs] 94213K->35619K(253440K), 0.0158098 secs] [Times: user=0.02 sys=0.00, real=0.02 secs] 
2023-11-16T03:48:50.152+0000: 5.441: [GC (Allocation Failure) 2023-11-16T03:48:50.152+0000: 5.441: [DefNew: 75927K->28K(78656K), 0.0003787 secs] 102842K->26945K(253440K), 0.0004403 secs] [Times: user=0.00 sys=0.00, real=0.00 secs] 
2023-11-16T03:48:50.213+0000: 5.502: [GC (Allocation Failure) 2023-11-16T03:48:50.213+0000: 5.502: [DefNew: 69980K->8703K(78656K), 0.0159799 secs] 96897K->38305K(253440K), 0.0160560 secs] [Times: user=0.01 sys=0.00, real=0.02 secs] 
2023-11-16T03:48:50.292+0000: 5.581: [GC (Allocation Failure) 2023-11-16T03:48:50.292+0000: 5.581: [DefNew: 75937K->33K(78656K), 0.0004000 secs] 105539K->29636K(253440K), 0.0004629 secs] [Times: user=0.00 sys=0.00, real=0.00 secs] 
2023-11-16T03:48:50.352+0000: 5.641: [GC (Allocation Failure) 2023-11-16T03:48:50.352+0000: 5.641: [DefNew: 69985K->8704K(78656K), 0.0157792 secs] 99588K->40994K(253440K), 0.0158585 secs] [Times: user=0.01 sys=0.00, real=0.02 secs] 
2023-11-16T03:48:50.434+0000: 5.724: [GC (Allocation Failure) 2023-11-16T03:48:50.434+0000: 5.724: [DefNew: 75927K->28K(78656K), 0.0004152 secs] 108218K->32324K(253440K), 0.0004761 secs] [Times: user=0.00 sys=0.00, real=0.00 secs] 
2023-11-16T03:48:50.494+0000: 5.783: [GC (Allocation Failure) 2023-11-16T03:48:50.494+0000: 5.783: [DefNew: 69980K->8703K(78656K), 0.0157986 secs] 102276K->43684K(253440K), 0.0158889 secs] [Times: user=0.02 sys=0.00, real=0.02 secs] 
2023-11-16T03:48:50.571+0000: 5.860: [GC (Allocation Failure) 2023-11-16T03:48:50.571+0000: 5.860: [DefNew: 75928K->28K(78656K), 0.0003785 secs] 110908K->35010K(253440K), 0.0004391 secs] [Times: user=0.00 sys=0.00, real=0.00 secs] 
2023-11-16T03:48:50.633+0000: 5.923: [GC (Allocation Failure) 2023-11-16T03:48:50.633+0000: 5.923: [DefNew: 69980K->8703K(78656K), 0.0157563 secs] 104962K->46369K(253440K), 0.0158329 secs] [Times: user=0.02 sys=0.00, real=0.02 secs] 
2023-11-16T03:48:50.716+0000: 6.006: [GC (Allocation Failure) 2023-11-16T03:48:50.716+0000: 6.006: [DefNew: 75929K->28K(78656K), 0.0003762 secs] 113594K->37695K(253440K), 0.0004359 secs] [Times: user=0.00 sys=0.00, real=0.00 secs] 
2023-11-16T03:48:50.785+0000: 6.074: [GC (Allocation Failure) 2023-11-16T03:48:50.785+0000: 6.074: [DefNew: 69980K->8704K(78656K), 0.0157107 secs] 107647K->49053K(253440K), 0.0157888 secs] [Times: user=0.02 sys=0.00, real=0.01 secs] 
2023-11-16T03:48:50.866+0000: 6.155: [GC (Allocation Failure) 2023-11-16T03:48:50.866+0000: 6.155: [DefNew: 75929K->28K(78656K), 0.0004145 secs] 116278K->40382K(253440K), 0.0004753 secs] [Times: user=0.00 sys=0.00, real=0.00 secs] 
2023-11-16T03:48:50.925+0000: 6.214: [GC (Allocation Failure) 2023-11-16T03:48:50.925+0000: 6.214: [DefNew: 69980K->8703K(78656K), 0.0157045 secs] 110334K->51741K(253440K), 0.0157805 secs] [Times: user=0.02 sys=0.00, real=0.01 secs] 
2023-11-16T03:48:51.004+0000: 6.293: [GC (Allocation Failure) 2023-11-16T03:48:51.004+0000: 6.293: [DefNew: 75929K->28K(78656K), 0.0003791 secs] 118966K->43067K(253440K), 0.0004398 secs] [Times: user=0.00 sys=0.00, real=0.00 secs] 
2023-11-16T03:48:51.088+0000: 6.378: [GC (Allocation Failure) 2023-11-16T03:48:51.088+0000: 6.378: [DefNew: 69980K->8704K(78656K), 0.0156990 secs] 113019K->54427K(253440K), 0.0158048 secs] [Times: user=0.02 sys=0.00, real=0.02 secs] 
2023-11-16T03:48:51.166+0000: 6.455: [GC (Allocation Failure) 2023-11-16T03:48:51.166+0000: 6.455: [DefNew: 75935K->29K(78656K), 0.0003857 secs] 121658K->45753K(253440K), 0.0004458 secs] [Times: user=0.00 sys=0.00, real=0.00 secs] 
2023-11-16T03:48:51.227+0000: 6.516: [GC (Allocation Failure) 2023-11-16T03:48:51.227+0000: 6.516: [DefNew: 69981K->8703K(78656K), 0.0159569 secs] 115705K->57113K(253440K), 0.0160341 secs] [Times: user=0.02 sys=0.00, real=0.01 secs] 
2023-11-16T03:48:51.324+0000: 6.614: [GC (Allocation Failure) 2023-11-16T03:48:51.324+0000: 6.614: [DefNew: 75932K->29K(78656K), 0.0004017 secs] 124341K->48439K(253440K), 0.0004628 secs] [Times: user=0.00 sys=0.00, real=0.00 secs] 
2023-11-16T03:48:51.386+0000: 6.675: [GC (Allocation Failure) 2023-11-16T03:48:51.386+0000: 6.675: [DefNew: 69981K->8704K(78656K), 0.0165324 secs] 118391K->59798K(253440K), 0.0166089 secs] [Times: user=0.02 sys=0.00, real=0.01 secs] 
2023-11-16T03:48:51.464+0000: 6.754: [GC (Allocation Failure) 2023-11-16T03:48:51.464+0000: 6.754: [DefNew: 75928K->49K(78656K), 0.0004542 secs] 127023K->51148K(253440K), 0.0005131 secs] [Times: user=0.00 sys=0.00, real=0.00 secs] 
2023-11-16T03:48:51.524+0000: 6.813: [GC (Allocation Failure) 2023-11-16T03:48:51.524+0000: 6.813: [DefNew: 70001K->8703K(78656K), 0.0159130 secs] 121100K->62510K(253440K), 0.0159871 secs] [Times: user=0.02 sys=0.00, real=0.01 secs] 
2023-11-16T03:48:51.604+0000: 6.893: [GC (Allocation Failure) 2023-11-16T03:48:51.604+0000: 6.894: [DefNew: 75929K->28K(78656K), 0.0003836 secs] 129735K->53836K(253440K), 0.0004449 secs] [Times: user=0.00 sys=0.00, real=0.00 secs] 
2023-11-16T03:48:51.664+0000: 6.953: [GC (Allocation Failure) 2023-11-16T03:48:51.664+0000: 6.953: [DefNew: 69980K->8703K(78656K), 0.0157848 secs] 123788K->65195K(253440K), 0.0158622 secs] [Times: user=0.02 sys=0.00, real=0.01 secs] 
2023-11-16T03:48:51.741+0000: 7.030: [GC (Allocation Failure) 2023-11-16T03:48:51.741+0000: 7.030: [DefNew: 75929K->28K(78656K), 0.0003854 secs] 132420K->56521K(253440K), 0.0004449 secs] [Times: user=0.00 sys=0.00, real=0.00 secs] 
2023-11-16T03:48:51.800+0000: 7.089: [GC (Allocation Failure) 2023-11-16T03:48:51.800+0000: 7.090: [DefNew: 69980K->8703K(78656K), 0.0159934 secs] 126473K->67879K(253440K), 0.0160693 secs] [Times: user=0.01 sys=0.00, real=0.02 secs] 
2023-11-16T03:48:51.878+0000: 7.167: [GC (Allocation Failure) 2023-11-16T03:48:51.878+0000: 7.167: [DefNew: 75929K->33K(78656K), 0.0004188 secs] 135105K->59210K(253440K), 0.0004788 secs] [Times: user=0.00 sys=0.00, real=0.00 secs] 
2023-11-16T03:48:51.937+0000: 7.226: [GC (Allocation Failure) 2023-11-16T03:48:51.937+0000: 7.226: [DefNew: 69985K->8703K(78656K), 0.0157997 secs] 129162K->70568K(253440K), 0.0158764 secs] [Times: user=0.01 sys=0.01, real=0.01 secs] 
2023-11-16T03:48:52.015+0000: 7.305: [GC (Allocation Failure) 2023-11-16T03:48:52.015+0000: 7.305: [DefNew: 75929K->28K(78656K), 0.0004598 secs] 137793K->61897K(253440K), 0.0005209 secs] [Times: user=0.00 sys=0.00, real=0.01 secs] 
2023-11-16T03:48:52.083+0000: 7.372: [GC (Allocation Failure) 2023-11-16T03:48:52.083+0000: 7.372: [DefNew: 69980K->8703K(78656K), 0.0157657 secs] 131849K->73259K(253440K), 0.0158407 secs] [Times: user=0.02 sys=0.00, real=0.02 secs] 
2023-11-16T03:48:52.159+0000: 7.449: [GC (Allocation Failure) 2023-11-16T03:48:52.159+0000: 7.449: [DefNew: 75929K->28K(78656K), 0.0004264 secs] 140484K->64585K(253440K), 0.0004868 secs] [Times: user=0.00 sys=0.00, real=0.00 secs] 
2023-11-16T03:48:52.218+0000: 7.507: [GC (Allocation Failure) 2023-11-16T03:48:52.218+0000: 7.508: [DefNew: 69980K->8703K(78656K), 0.0158053 secs] 134537K->75944K(253440K), 0.0158774 secs] [Times: user=0.01 sys=0.00, real=0.01 secs] 
2023-11-16T03:48:52.296+0000: 7.585: [GC (Allocation Failure) 2023-11-16T03:48:52.296+0000: 7.585: [DefNew: 75929K->49K(78656K), 0.0004142 secs] 143169K->67290K(253440K), 0.0004746 secs] [Times: user=0.00 sys=0.00, real=0.00 secs] 
2023-11-16T03:48:52.356+0000: 7.645: [GC (Allocation Failure) 2023-11-16T03:48:52.356+0000: 7.645: [DefNew: 70001K->8703K(78656K), 0.0158296 secs] 137242K->78650K(253440K), 0.0159217 secs] [Times: user=0.02 sys=0.00, real=0.02 secs] 
2023-11-16T03:48:52.436+0000: 7.725: [GC (Allocation Failure) 2023-11-16T03:48:52.436+0000: 7.725: [DefNew: 75929K->34K(78656K), 0.0004212 secs] 145875K->69980K(253440K), 0.0004808 secs] [Times: user=0.00 sys=0.00, real=0.00 secs] 
2023-11-16T03:48:52.495+0000: 7.784: [GC (Allocation Failure) 2023-11-16T03:48:52.495+0000: 7.784: [DefNew: 69986K->8704K(78656K), 0.0158485 secs] 139932K->81340K(253440K), 0.0159244 secs] [Times: user=0.02 sys=0.00, real=0.02 secs] 
2023-11-16T03:48:52.575+0000: 7.864: [GC (Allocation Failure) 2023-11-16T03:48:52.575+0000: 7.864: [DefNew: 75929K->28K(78656K), 0.0004271 secs] 148565K->72669K(253440K), 0.0004866 secs] [Times: user=0.00 sys=0.00, real=0.00 secs] 
2023-11-16T03:48:52.636+0000: 7.925: [GC (Allocation Failure) 2023-11-16T03:48:52.636+0000: 7.925: [DefNew: 69980K->8703K(78656K), 0.0159385 secs] 142621K->84029K(253440K), 0.0160163 secs] [Times: user=0.01 sys=0.00, real=0.01 secs] 
2023-11-16T03:48:52.713+0000: 8.002: [GC (Allocation Failure) 2023-11-16T03:48:52.713+0000: 8.003: [DefNew: 75929K->28K(78656K), 0.0003844 secs] 151255K->75355K(253440K), 0.0004446 secs] [Times: user=0.00 sys=0.00, real=0.00 secs] 
2023-11-16T03:48:52.772+0000: 8.062: [GC (Allocation Failure) 2023-11-16T03:48:52.772+0000: 8.062: [DefNew: 69980K->8703K(78656K), 0.0158288 secs] 145307K->86716K(253440K), 0.0159049 secs] [Times: user=0.02 sys=0.00, real=0.02 secs] 
2023-11-16T03:48:52.861+0000: 8.150: [GC (Allocation Failure) 2023-11-16T03:48:52.861+0000: 8.150: [DefNew: 75931K->30K(78656K), 0.0004225 secs] 153944K->78043K(253440K), 0.0004843 secs] [Times: user=0.00 sys=0.00, real=0.00 secs] 
2023-11-16T03:48:52.921+0000: 8.210: [GC (Allocation Failure) 2023-11-16T03:48:52.921+0000: 8.210: [DefNew: 69982K->8703K(78656K), 0.0157112 secs] 147995K->89402K(253440K), 0.0157862 secs] [Times: user=0.02 sys=0.00, real=0.02 secs] 
2023-11-16T03:48:52.997+0000: 8.287: [GC (Allocation Failure) 2023-11-16T03:48:52.997+0000: 8.287: [DefNew: 75929K->28K(78656K), 0.0004180 secs] 156627K->80728K(253440K), 0.0004784 secs] [Times: user=0.00 sys=0.00, real=0.00 secs] 
2023-11-16T03:48:53.057+0000: 8.346: [GC (Allocation Failure) 2023-11-16T03:48:53.057+0000: 8.346: [DefNew: 69980K->8704K(78656K), 0.0158266 secs] 150680K->92087K(253440K), 0.0159067 secs] [Times: user=0.01 sys=0.00, real=0.01 secs] 
2023-11-16T03:48:53.134+0000: 8.423: [GC (Allocation Failure) 2023-11-16T03:48:53.134+0000: 8.423: [DefNew: 75929K->28K(78656K), 0.0004593 secs] 159312K->83416K(253440K), 0.0005188 secs] [Times: user=0.00 sys=0.00, real=0.00 secs] 
2023-11-16T03:48:53.193+0000: 8.483: [GC (Allocation Failure) 2023-11-16T03:48:53.194+0000: 8.483: [DefNew: 69980K->8704K(78656K), 0.0158501 secs] 153368K->94776K(253440K), 0.0159264 secs] [Times: user=0.02 sys=0.00, real=0.02 secs] 
2023-11-16T03:48:53.271+0000: 8.560: [GC (Allocation Failure) 2023-11-16T03:48:53.271+0000: 8.560: [DefNew: 75929K->49K(78656K), 0.0004094 secs] 162001K->86121K(253440K), 0.0004689 secs] [Times: user=0.00 sys=0.00, real=0.00 secs] 
2023-11-16T03:48:53.329+0000: 8.618: [GC (Allocation Failure) 2023-11-16T03:48:53.329+0000: 8.619: [DefNew: 70001K->8704K(78656K), 0.0157750 secs] 156073K->97480K(253440K), 0.0158497 secs] [Times: user=0.01 sys=0.00, real=0.02 secs] 
2023-11-16T03:48:53.406+0000: 8.695: [GC (Allocation Failure) 2023-11-16T03:48:53.406+0000: 8.695: [DefNew: 75929K->28K(78656K), 0.0004147 secs] 164706K->88806K(253440K), 0.0004748 secs] [Times: user=0.00 sys=0.00, real=0.00 secs] 
2023-11-16T03:48:53.465+0000: 8.754: [GC (Allocation Failure) 2023-11-16T03:48:53.465+0000: 8.754: [DefNew: 69980K->8704K(78656K), 0.0159322 secs] 158758K->100166K(253440K), 0.0160097 secs] [Times: user=0.01 sys=0.00, real=0.01 secs] 
2023-11-16T03:48:53.543+0000: 8.832: [GC (Allocation Failure) 2023-11-16T03:48:53.543+0000: 8.832: [DefNew: 75929K->28K(78656K), 0.0004563 secs] 167391K->91491K(253440K), 0.0005190 secs] [Times: user=0.01 sys=0.00, real=0.01 secs] 
2023-11-16T03:48:53.607+0000: 8.896: [GC (Allocation Failure) 2023-11-16T03:48:53.607+0000: 8.896: [DefNew: 69980K->8703K(78656K), 0.0158543 secs] 161443K->102851K(253440K), 0.0159305 secs] [Times: user=0.01 sys=0.00, real=0.01 secs] 
2023-11-16T03:48:53.691+0000: 8.981: [GC (Allocation Failure) 2023-11-16T03:48:53.691+0000: 8.981: [DefNew: 75929K->29K(78656K), 0.0005063 secs] 170076K->94181K(253440K), 0.0005702 secs] [Times: user=0.00 sys=0.00, real=0.00 secs] 
2023-11-16T03:48:53.752+0000: 9.041: [GC (Allocation Failure) 2023-11-16T03:48:53.752+0000: 9.041: [DefNew: 69981K->8704K(78656K), 0.0157657 secs] 164133K->105539K(253440K), 0.0158525 secs] [Times: user=0.02 sys=0.00, real=0.02 secs] 
2023-11-16T03:48:53.856+0000: 9.146: [GC (Allocation Failure) 2023-11-16T03:48:53.856+0000: 9.146: [DefNew: 75931K->29K(78656K), 0.0004387 secs] 172767K->96866K(253440K), 0.0004997 secs] [Times: user=0.00 sys=0.00, real=0.00 secs] 
2023-11-16T03:48:53.930+0000: 9.219: [GC (Allocation Failure) 2023-11-16T03:48:53.930+0000: 9.219: [DefNew: 69981K->8704K(78656K), 0.0157495 secs] 166818K->108224K(253440K), 0.0158277 secs] [Times: user=0.01 sys=0.00, real=0.02 secs] 
2023-11-16T03:48:54.006+0000: 9.296: [GC (Allocation Failure) 2023-11-16T03:48:54.006+0000: 9.296: [DefNew: 75929K->28K(78656K), 0.0004582 secs] 175449K->99550K(253440K), 0.0005184 secs] [Times: user=0.00 sys=0.00, real=0.00 secs] 
2023-11-16T03:48:54.065+0000: 9.355: [GC (Allocation Failure) 2023-11-16T03:48:54.065+0000: 9.355: [DefNew: 69980K->8704K(78656K), 0.0157832 secs] 169502K->110910K(253440K), 0.0158592 secs] [Times: user=0.01 sys=0.00, real=0.01 secs] 
2023-11-16T03:48:54.148+0000: 9.438: [GC (Allocation Failure) 2023-11-16T03:48:54.148+0000: 9.438: [DefNew: 75929K->48K(78656K), 0.0004433 secs] 178135K->102255K(253440K), 0.0005037 secs] [Times: user=0.00 sys=0.00, real=0.00 secs] 
2023-11-16T03:48:54.207+0000: 9.496: [GC (Allocation Failure) 2023-11-16T03:48:54.207+0000: 9.496: [DefNew: 70000K->8703K(78656K), 0.0159101 secs] 172207K->113615K(253440K), 0.0159855 secs] [Times: user=0.02 sys=0.00, real=0.01 secs] 
2023-11-16T03:48:54.294+0000: 9.583: [GC (Allocation Failure) 2023-11-16T03:48:54.294+0000: 9.583: [DefNew: 75931K->34K(78656K), 0.0004918 secs] 180842K->104946K(253440K), 0.0005513 secs] [Times: user=0.00 sys=0.00, real=0.00 secs] 
2023-11-16T03:48:54.353+0000: 9.642: [GC (Allocation Failure) 2023-11-16T03:48:54.353+0000: 9.642: [DefNew: 69986K->8704K(78656K), 0.0158005 secs] 174898K->116305K(253440K), 0.0158755 secs] [Times: user=0.01 sys=0.01, real=0.02 secs] 
2023-11-16T03:48:54.435+0000: 9.724: [GC (Allocation Failure) 2023-11-16T03:48:54.435+0000: 9.724: [DefNew: 75931K->28K(78656K), 0.0005131 secs] 183532K->107634K(253440K), 0.0006260 secs] [Times: user=0.01 sys=0.00, real=0.01 secs] 
2023-11-16T03:48:54.494+0000: 9.783: [GC (Allocation Failure) 2023-11-16T03:48:54.494+0000: 9.783: [DefNew: 69980K->8703K(78656K), 0.0159710 secs] 177586K->118993K(253440K), 0.0160487 secs] [Times: user=0.02 sys=0.00, real=0.02 secs] 
2023-11-16T03:48:54.571+0000: 9.861: [GC (Allocation Failure) 2023-11-16T03:48:54.571+0000: 9.861: [DefNew: 75931K->28K(78656K), 0.0004673 secs] 186220K->110318K(253440K), 0.0005302 secs] [Times: user=0.00 sys=0.00, real=0.00 secs] 
2023-11-16T03:48:54.631+0000: 9.920: [GC (Allocation Failure) 2023-11-16T03:48:54.631+0000: 9.920: [DefNew: 69980K->8703K(78656K), 0.0158342 secs] 180270K->121680K(253440K), 0.0159109 secs] [Times: user=0.02 sys=0.00, real=0.02 secs] 
2023-11-16T03:48:54.707+0000: 9.997: [GC (Allocation Failure) 2023-11-16T03:48:54.707+0000: 9.997: [DefNew: 75929K->28K(78656K), 0.0004417 secs] 188905K->113005K(253440K), 0.0004968 secs] [Times: user=0.00 sys=0.00, real=0.00 secs] 
2023-11-16T03:48:54.768+0000: 10.057: [GC (Allocation Failure) 2023-11-16T03:48:54.768+0000: 10.057: [DefNew: 69980K->8704K(78656K), 0.0158752 secs] 182957K->124364K(253440K), 0.0159521 secs] [Times: user=0.01 sys=0.00, real=0.02 secs] 
2023-11-16T03:48:54.858+0000: 10.147: [GC (Allocation Failure) 2023-11-16T03:48:54.858+0000: 10.147: [DefNew: 75929K->28K(78656K), 0.0004236 secs] 191589K->115689K(253440K), 0.0004846 secs] [Times: user=0.00 sys=0.00, real=0.00 secs] 
2023-11-16T03:48:54.917+0000: 10.207: [GC (Allocation Failure) 2023-11-16T03:48:54.918+0000: 10.207: [DefNew: 69980K->8703K(78656K), 0.0157094 secs] 185641K->127048K(253440K), 0.0157887 secs] [Times: user=0.01 sys=0.00, real=0.01 secs] 
2023-11-16T03:48:54.994+0000: 10.283: [GC (Allocation Failure) 2023-11-16T03:48:54.994+0000: 10.283: [DefNew: 75929K->28K(78656K), 0.0004861 secs] 194274K->118378K(253440K), 0.0005464 secs] [Times: user=0.00 sys=0.00, real=0.00 secs] 
2023-11-16T03:48:55.051+0000: 10.341: [GC (Allocation Failure) 2023-11-16T03:48:55.051+0000: 10.341: [DefNew: 69980K->8704K(78656K), 0.0127449 secs] 188330K->128338K(253440K), 0.0128168 secs] [Times: user=0.01 sys=0.00, real=0.02 secs] 
2023-11-16T03:48:55.127+0000: 10.416: [GC (Allocation Failure) 2023-11-16T03:48:55.127+0000: 10.416: [DefNew: 77203K->48K(78656K), 0.0004301 secs] 196838K->119684K(253440K), 0.0004916 secs] [Times: user=0.00 sys=0.00, real=0.00 secs] 
2023-11-16T03:48:55.187+0000: 10.477: [GC (Allocation Failure) 2023-11-16T03:48:55.187+0000: 10.477: [DefNew: 70000K->8704K(78656K), 0.0158533 secs] 189636K->131042K(253440K), 0.0159329 secs] [Times: user=0.01 sys=0.00, real=0.01 secs] 
2023-11-16T03:48:55.268+0000: 10.557: [GC (Allocation Failure) 2023-11-16T03:48:55.268+0000: 10.557: [DefNew: 75888K->28K(78656K), 0.0004645 secs] 198226K->122367K(253440K), 0.0005539 secs] [Times: user=0.00 sys=0.00, real=0.00 secs] 
2023-11-16T03:48:55.326+0000: 10.615: [GC (Allocation Failure) 2023-11-16T03:48:55.326+0000: 10.615: [DefNew: 69980K->8704K(78656K), 0.0158521 secs] 192319K->133728K(253440K), 0.0159291 secs] [Times: user=0.02 sys=0.00, real=0.01 secs] 
2023-11-16T03:48:55.405+0000: 10.694: [GC (Allocation Failure) 2023-11-16T03:48:55.405+0000: 10.694: [DefNew: 75912K->28K(78656K), 0.0004226 secs] 200936K->125052K(253440K), 0.0004828 secs] [Times: user=0.00 sys=0.00, real=0.00 secs] 
2023-11-16T03:48:55.466+0000: 10.755: [GC (Allocation Failure) 2023-11-16T03:48:55.466+0000: 10.755: [DefNew: 69980K->8703K(78656K), 0.0159819 secs] 195004K->136411K(253440K), 0.0160600 secs] [Times: user=0.02 sys=0.00, real=0.01 secs] 
2023-11-16T03:48:55.546+0000: 10.835: [GC (Allocation Failure) 2023-11-16T03:48:55.546+0000: 10.835: [DefNew: 75922K->28K(78656K), 0.0004410 secs] 203629K->127736K(253440K), 0.0005034 secs] [Times: user=0.00 sys=0.00, real=0.00 secs] 
2023-11-16T03:48:55.605+0000: 10.894: [GC (Allocation Failure) 2023-11-16T03:48:55.605+0000: 10.894: [DefNew: 69980K->8703K(78656K), 0.0159922 secs] 197688K->139093K(253440K), 0.0160702 secs] [Times: user=0.01 sys=0.00, real=0.01 secs] 
2023-11-16T03:48:55.683+0000: 10.972: [GC (Allocation Failure) 2023-11-16T03:48:55.683+0000: 10.972: [DefNew: 75926K->28K(78656K), 0.0004866 secs] 206316K->130423K(253440K), 0.0005480 secs] [Times: user=0.00 sys=0.00, real=0.00 secs] 
2023-11-16T03:48:55.742+0000: 11.031: [GC (Allocation Failure) 2023-11-16T03:48:55.742+0000: 11.031: [DefNew: 69980K->8704K(78656K), 0.0158972 secs] 200375K->141783K(253440K), 0.0159731 secs] [Times: user=0.01 sys=0.00, real=0.02 secs] 
2023-11-16T03:48:55.823+0000: 11.112: [GC (Allocation Failure) 2023-11-16T03:48:55.823+0000: 11.112: [DefNew: 75928K->48K(78656K), 0.0004699 secs] 209008K->133128K(253440K), 0.0005303 secs] [Times: user=0.00 sys=0.00, real=0.01 secs] 
2023-11-16T03:48:55.882+0000: 11.171: [GC (Allocation Failure) 2023-11-16T03:48:55.882+0000: 11.171: [DefNew: 70000K->8704K(78656K), 0.0158925 secs] 203080K->144488K(253440K), 0.0159723 secs] [Times: user=0.02 sys=0.00, real=0.02 secs] 
2023-11-16T03:48:55.958+0000: 11.247: [GC (Allocation Failure) 2023-11-16T03:48:55.958+0000: 11.248: [DefNew: 75929K->28K(78656K), 0.0004358 secs] 211713K->135813K(253440K), 0.0004967 secs] [Times: user=0.00 sys=0.00, real=0.00 secs] 
2023-11-16T03:48:56.017+0000: 11.306: [GC (Allocation Failure) 2023-11-16T03:48:56.017+0000: 11.306: [DefNew: 69980K->8704K(78656K), 0.0159779 secs] 205765K->147171K(253440K), 0.0160524 secs] [Times: user=0.01 sys=0.00, real=0.01 secs] 
2023-11-16T03:48:56.093+0000: 11.383: [GC (Allocation Failure) 2023-11-16T03:48:56.093+0000: 11.383: [DefNew: 75929K->28K(78656K), 0.0004456 secs] 214397K->138496K(253440K), 0.0005050 secs] [Times: user=0.00 sys=0.00, real=0.00 secs] 
2023-11-16T03:48:56.216+0000: 11.505: [GC (Allocation Failure) 2023-11-16T03:48:56.216+0000: 11.505: [DefNew: 69980K->8704K(78656K), 0.0159838 secs] 208448K->149856K(253440K), 0.0160664 secs] [Times: user=0.01 sys=0.00, real=0.01 secs] 
2023-11-16T03:48:56.308+0000: 11.598: [GC (Allocation Failure) 2023-11-16T03:48:56.308+0000: 11.598: [DefNew: 75929K->28K(78656K), 0.0004336 secs] 217081K->141181K(253440K), 0.0004988 secs] [Times: user=0.00 sys=0.00, real=0.00 secs] 
2023-11-16T03:48:56.369+0000: 11.659: [GC (Allocation Failure) 2023-11-16T03:48:56.369+0000: 11.659: [DefNew: 69980K->8703K(78656K), 0.0157984 secs] 211133K->152540K(253440K), 0.0158818 secs] [Times: user=0.02 sys=0.00, real=0.02 secs] 
2023-11-16T03:48:56.448+0000: 11.738: [GC (Allocation Failure) 2023-11-16T03:48:56.448+0000: 11.738: [DefNew: 75931K->28K(78656K), 0.0004905 secs] 219767K->143869K(253440K), 0.0005519 secs] [Times: user=0.00 sys=0.00, real=0.00 secs] 
2023-11-16T03:48:56.517+0000: 11.807: [GC (Allocation Failure) 2023-11-16T03:48:56.518+0000: 11.807: [DefNew: 69980K->8704K(78656K), 0.0158061 secs] 213821K->155227K(253440K), 0.0158814 secs] [Times: user=0.01 sys=0.01, real=0.01 secs] 
2023-11-16T03:48:56.594+0000: 11.883: [GC (Allocation Failure) 2023-11-16T03:48:56.594+0000: 11.883: [DefNew: 75929K->28K(78656K), 0.0004399 secs] 222452K->146552K(253440K), 0.0005011 secs] [Times: user=0.00 sys=0.00, real=0.00 secs] 
2023-11-16T03:48:56.652+0000: 11.941: [GC (Allocation Failure) 2023-11-16T03:48:56.652+0000: 11.941: [DefNew: 69980K->8704K(78656K), 0.0158904 secs] 216504K->157911K(253440K), 0.0159644 secs] [Times: user=0.02 sys=0.00, real=0.02 secs] 
2023-11-16T03:48:56.734+0000: 12.023: [GC (Allocation Failure) 2023-11-16T03:48:56.734+0000: 12.023: [DefNew: 75929K->28K(78656K), 0.0004455 secs] 225137K->149236K(253440K), 0.0005067 secs] [Times: user=0.00 sys=0.00, real=0.00 secs] 
2023-11-16T03:48:56.793+0000: 12.082: [GC (Allocation Failure) 2023-11-16T03:48:56.793+0000: 12.082: [DefNew: 69980K->8703K(78656K), 0.0158440 secs] 219188K->160595K(253440K), 0.0159213 secs] [Times: user=0.02 sys=0.00, real=0.02 secs] 
2023-11-16T03:48:56.869+0000: 12.158: [GC (Allocation Failure) 2023-11-16T03:48:56.869+0000: 12.158: [DefNew: 75929K->48K(78656K), 0.0004527 secs] 227820K->151940K(253440K), 0.0005126 secs] [Times: user=0.00 sys=0.00, real=0.00 secs] 
2023-11-16T03:48:56.927+0000: 12.216: [GC (Allocation Failure) 2023-11-16T03:48:56.927+0000: 12.216: [DefNew: 70000K->8704K(78656K), 0.0158517 secs] 221892K->163300K(253440K), 0.0159325 secs] [Times: user=0.02 sys=0.00, real=0.01 secs] 
2023-11-16T03:48:57.003+0000: 12.293: [GC (Allocation Failure) 2023-11-16T03:48:57.003+0000: 12.293: [DefNew: 75929K->28K(78656K), 0.0004727 secs] 230525K->154625K(253440K), 0.0005342 secs] [Times: user=0.00 sys=0.00, real=0.01 secs] 
2023-11-16T03:48:57.068+0000: 12.358: [GC (Allocation Failure) 2023-11-16T03:48:57.068+0000: 12.358: [DefNew: 69980K->8704K(78656K), 0.0159380 secs] 224577K->165983K(253440K), 0.0160223 secs] [Times: user=0.01 sys=0.00, real=0.02 secs] 
2023-11-16T03:48:57.151+0000: 12.441: [GC (Allocation Failure) 2023-11-16T03:48:57.151+0000: 12.441: [DefNew: 75929K->48K(78656K), 0.0005239 secs] 233208K->157333K(253440K), 0.0005854 secs] [Times: user=0.00 sys=0.00, real=0.00 secs] 
2023-11-16T03:48:57.210+0000: 12.499: [GC (Allocation Failure) 2023-11-16T03:48:57.210+0000: 12.499: [DefNew: 70000K->8704K(78656K), 0.0160932 secs] 227285K->168693K(253440K), 0.0161697 secs] [Times: user=0.01 sys=0.00, real=0.02 secs] 
2023-11-16T03:48:57.286+0000: 12.576: [GC (Allocation Failure) 2023-11-16T03:48:57.286+0000: 12.576: [DefNew: 75929K->28K(78656K), 0.0004415 secs] 235919K->160018K(253440K), 0.0005018 secs] [Times: user=0.00 sys=0.00, real=0.00 secs] 
2023-11-16T03:48:57.345+0000: 12.634: [GC (Allocation Failure) 2023-11-16T03:48:57.345+0000: 12.634: [DefNew: 69980K->8704K(78656K), 0.0157877 secs] 229970K->171379K(253440K), 0.0158647 secs] [Times: user=0.02 sys=0.00, real=0.01 secs] 
2023-11-16T03:48:57.436+0000: 12.725: [GC (Allocation Failure) 2023-11-16T03:48:57.436+0000: 12.725: [DefNew: 75929K->28K(78656K), 0.0004324 secs] 238604K->162703K(253440K), 0.0004915 secs] [Times: user=0.00 sys=0.00, real=0.00 secs] 
2023-11-16T03:48:57.560+0000: 12.849: [GC (Allocation Failure) 2023-11-16T03:48:57.560+0000: 12.849: [DefNew: 69980K->8704K(78656K), 0.0159071 secs] 232655K->174064K(253440K), 0.0159879 secs] [Times: user=0.02 sys=0.01, real=0.02 secs] 
2023-11-16T03:48:57.637+0000: 12.926: [GC (Allocation Failure) 2023-11-16T03:48:57.637+0000: 12.926: [DefNew: 75929K->28K(78656K), 0.0004438 secs] 241289K->165389K(253440K), 0.0005038 secs] [Times: user=0.00 sys=0.00, real=0.00 secs] 
2023-11-16T03:48:57.695+0000: 12.984: [GC (Allocation Failure) 2023-11-16T03:48:57.695+0000: 12.984: [DefNew: 69980K->8704K(78656K), 0.0158081 secs] 235341K->176748K(253440K), 0.0158842 secs] [Times: user=0.02 sys=0.00, real=0.02 secs] 
2023-11-16T03:48:57.775+0000: 13.065: [GC (Allocation Failure) 2023-11-16T03:48:57.775+0000: 13.065: [DefNew: 75929K->28K(78656K), 0.0004500 secs] 243974K->168073K(253440K), 0.0005125 secs] [Times: user=0.01 sys=0.00, real=0.01 secs] 
2023-11-16T03:48:57.848+0000: 13.138: [GC (Allocation Failure) 2023-11-16T03:48:57.848+0000: 13.138: [DefNew: 69980K->8703K(78656K), 0.0159216 secs] 238025K->179431K(253440K), 0.0160023 secs] [Times: user=0.02 sys=0.00, real=0.02 secs] 
2023-11-16T03:48:57.925+0000: 13.214: [GC (Allocation Failure) 2023-11-16T03:48:57.925+0000: 13.214: [DefNew: 75929K->75929K(78656K), 0.0000326 secs]2023-11-16T03:48:57.925+0000: 13.214: [Tenured: 170727K->9018K(174784K), 0.0939881 secs] 246657K->9018K(253440K), [Metaspace: 5979K->5979K(1056768K)], 0.0941224 secs] [Times: user=0.09 sys=0.00, real=0.09 secs] 
2023-11-16T03:48:58.076+0000: 13.365: [GC (Allocation Failure) 2023-11-16T03:48:58.076+0000: 13.365: [DefNew: 69952K->8704K(78656K), 0.0157435 secs] 78970K->18978K(253440K), 0.0158219 secs] [Times: user=0.02 sys=0.00, real=0.01 secs] 
2023-11-16T03:48:58.153+0000: 13.442: [GC (Allocation Failure) 2023-11-16T03:48:58.153+0000: 13.442: [DefNew: 77197K->28K(78656K), 0.0003938 secs] 87472K->10303K(253440K), 0.0004534 secs] [Times: user=0.00 sys=0.00, real=0.00 secs] 
2023-11-16T03:48:58.212+0000: 13.501: [GC (Allocation Failure) 2023-11-16T03:48:58.212+0000: 13.501: [DefNew: 69980K->8704K(78656K), 0.0146213 secs] 80255K->21664K(253440K), 0.0146945 secs] [Times: user=0.01 sys=0.00, real=0.02 secs] 
2023-11-16T03:48:58.287+0000: 13.576: [GC (Allocation Failure) 2023-11-16T03:48:58.287+0000: 13.576: [DefNew: 75885K->28K(78656K), 0.0003937 secs] 88846K->12989K(253440K), 0.0004536 secs] [Times: user=0.00 sys=0.00, real=0.00 secs] 
2023-11-16T03:48:58.359+0000: 13.648: [GC (Allocation Failure) 2023-11-16T03:48:58.359+0000: 13.648: [DefNew: 69980K->8704K(78656K), 0.0145887 secs] 82941K->24349K(253440K), 0.0146675 secs] [Times: user=0.02 sys=0.00, real=0.01 secs] 
2023-11-16T03:48:58.434+0000: 13.723: [GC (Allocation Failure) 2023-11-16T03:48:58.434+0000: 13.723: [DefNew: 75910K->28K(78656K), 0.0003963 secs] 91556K->15674K(253440K), 0.0004559 secs] [Times: user=0.00 sys=0.00, real=0.00 secs] 
2023-11-16T03:48:58.492+0000: 13.781: [GC (Allocation Failure) 2023-11-16T03:48:58.492+0000: 13.781: [DefNew: 69980K->8704K(78656K), 0.0146802 secs] 85626K->27034K(253440K), 0.0147574 secs] [Times: user=0.01 sys=0.00, real=0.02 secs] 
2023-11-16T03:48:58.568+0000: 13.857: [GC (Allocation Failure) 2023-11-16T03:48:58.568+0000: 13.857: [DefNew: 75921K->28K(78656K), 0.0003916 secs] 94252K->18359K(253440K), 0.0004521 secs] [Times: user=0.00 sys=0.00, real=0.00 secs] 
2023-11-16T03:48:58.626+0000: 13.915: [GC (Allocation Failure) 2023-11-16T03:48:58.626+0000: 13.915: [DefNew: 69980K->8704K(78656K), 0.0147111 secs] 88311K->29720K(253440K), 0.0148125 secs] [Times: user=0.02 sys=0.00, real=0.01 secs] 
2023-11-16T03:48:58.705+0000: 13.994: [GC (Allocation Failure) 2023-11-16T03:48:58.705+0000: 13.994: [DefNew: 75926K->34K(78656K), 0.0004452 secs] 96942K->21051K(253440K), 0.0005097 secs] [Times: user=0.00 sys=0.00, real=0.00 secs] 
2023-11-16T03:48:58.792+0000: 14.081: [GC (Allocation Failure) 2023-11-16T03:48:58.792+0000: 14.081: [DefNew: 69986K->8704K(78656K), 0.0147550 secs] 91003K->32410K(253440K), 0.0148377 secs] [Times: user=0.02 sys=0.00, real=0.02 secs] 
2023-11-16T03:48:58.920+0000: 14.209: [GC (Allocation Failure) 2023-11-16T03:48:58.920+0000: 14.209: [DefNew: 75928K->28K(78656K), 0.0004490 secs] 99634K->23740K(253440K), 0.0005116 secs] [Times: user=0.00 sys=0.00, real=0.00 secs] 
2023-11-16T03:48:59.043+0000: 14.332: [GC (Allocation Failure) 2023-11-16T03:48:59.043+0000: 14.332: [DefNew: 69980K->8704K(78656K), 0.0150286 secs] 93692K->35099K(253440K), 0.0151201 secs] [Times: user=0.02 sys=0.00, real=0.02 secs] 
2023-11-16T03:48:59.125+0000: 14.414: [GC (Allocation Failure) 2023-11-16T03:48:59.125+0000: 14.414: [DefNew: 75929K->28K(78656K), 0.0003992 secs] 102324K->26424K(253440K), 0.0004629 secs] [Times: user=0.00 sys=0.00, real=0.00 secs] 
2023-11-16T03:48:59.183+0000: 14.473: [GC (Allocation Failure) 2023-11-16T03:48:59.183+0000: 14.473: [DefNew: 69980K->8704K(78656K), 0.0146913 secs] 96376K->37784K(253440K), 0.0147685 secs] [Times: user=0.02 sys=0.00, real=0.02 secs] 
2023-11-16T03:48:59.258+0000: 14.548: [GC (Allocation Failure) 2023-11-16T03:48:59.258+0000: 14.548: [DefNew: 75929K->28K(78656K), 0.0004147 secs] 105009K->29108K(253440K), 0.0004884 secs] [Times: user=0.00 sys=0.00, real=0.00 secs] 
2023-11-16T03:48:59.317+0000: 14.606: [GC (Allocation Failure) 2023-11-16T03:48:59.317+0000: 14.606: [DefNew: 69980K->8704K(78656K), 0.0146549 secs] 99060K->40469K(253440K), 0.0147319 secs] [Times: user=0.02 sys=0.00, real=0.01 secs] 
2023-11-16T03:48:59.392+0000: 14.681: [GC (Allocation Failure) 2023-11-16T03:48:59.392+0000: 14.681: [DefNew: 75929K->28K(78656K), 0.0003972 secs] 107694K->31794K(253440K), 0.0004572 secs] [Times: user=0.00 sys=0.00, real=0.00 secs] 
2023-11-16T03:48:59.450+0000: 14.739: [GC (Allocation Failure) 2023-11-16T03:48:59.450+0000: 14.739: [DefNew: 69980K->8704K(78656K), 0.0147374 secs] 101746K->43154K(253440K), 0.0148183 secs] [Times: user=0.01 sys=0.00, real=0.02 secs] 
2023-11-16T03:48:59.525+0000: 14.814: [GC (Allocation Failure) 2023-11-16T03:48:59.525+0000: 14.814: [DefNew: 75929K->48K(78656K), 0.0004087 secs] 110379K->34499K(253440K), 0.0004685 secs] [Times: user=0.00 sys=0.00, real=0.00 secs] 
2023-11-16T03:48:59.584+0000: 14.873: [GC (Allocation Failure) 2023-11-16T03:48:59.584+0000: 14.873: [DefNew: 70000K->8704K(78656K), 0.0146490 secs] 104451K->45858K(253440K), 0.0147288 secs] [Times: user=0.02 sys=0.00, real=0.01 secs] 
2023-11-16T03:48:59.659+0000: 14.948: [GC (Allocation Failure) 2023-11-16T03:48:59.659+0000: 14.948: [DefNew: 75929K->28K(78656K), 0.0004581 secs] 113084K->37189K(253440K), 0.0005176 secs] [Times: user=0.00 sys=0.00, real=0.00 secs] 
2023-11-16T03:48:59.717+0000: 15.006: [GC (Allocation Failure) 2023-11-16T03:48:59.717+0000: 15.006: [DefNew: 69980K->8704K(78656K), 0.0145964 secs] 107141K->48551K(253440K), 0.0146703 secs] [Times: user=0.02 sys=0.00, real=0.01 secs] 
2023-11-16T03:48:59.792+0000: 15.081: [GC (Allocation Failure) 2023-11-16T03:48:59.792+0000: 15.081: [DefNew: 75929K->28K(78656K), 0.0004042 secs] 115776K->39876K(253440K), 0.0004573 secs] [Times: user=0.00 sys=0.00, real=0.00 secs] 
2023-11-16T03:48:59.850+0000: 15.140: [GC (Allocation Failure) 2023-11-16T03:48:59.850+0000: 15.140: [DefNew: 69980K->8704K(78656K), 0.0145886 secs] 109828K->51238K(253440K), 0.0146648 secs] [Times: user=0.02 sys=0.00, real=0.02 secs] 
2023-11-16T03:48:59.925+0000: 15.214: [GC (Allocation Failure) 2023-11-16T03:48:59.925+0000: 15.214: [DefNew: 75929K->28K(78656K), 0.0004003 secs] 118463K->42562K(253440K), 0.0004587 secs] [Times: user=0.00 sys=0.00, real=0.00 secs] 
2023-11-16T03:48:59.984+0000: 15.273: [GC (Allocation Failure) 2023-11-16T03:48:59.984+0000: 15.273: [DefNew: 69980K->8704K(78656K), 0.0147006 secs] 112514K->53924K(253440K), 0.0147751 secs] [Times: user=0.01 sys=0.00, real=0.01 secs] 
2023-11-16T03:49:00.059+0000: 15.348: [GC (Allocation Failure) 2023-11-16T03:49:00.059+0000: 15.348: [DefNew: 75929K->28K(78656K), 0.0004050 secs] 121150K->45249K(253440K), 0.0004627 secs] [Times: user=0.00 sys=0.00, real=0.00 secs] 
2023-11-16T03:49:00.117+0000: 15.406: [GC (Allocation Failure) 2023-11-16T03:49:00.117+0000: 15.406: [DefNew: 69980K->8704K(78656K), 0.0146318 secs] 115201K->56609K(253440K), 0.0147046 secs] [Times: user=0.02 sys=0.00, real=0.01 secs] 
2023-11-16T03:49:00.192+0000: 15.481: [GC (Allocation Failure) 2023-11-16T03:49:00.192+0000: 15.481: [DefNew: 75929K->28K(78656K), 0.0004331 secs] 123835K->47934K(253440K), 0.0005063 secs] [Times: user=0.00 sys=0.00, real=0.00 secs] 
2023-11-16T03:49:00.250+0000: 15.540: [GC (Allocation Failure) 2023-11-16T03:49:00.250+0000: 15.540: [DefNew: 69980K->8704K(78656K), 0.0148536 secs] 117886K->59294K(253440K), 0.0149252 secs] [Times: user=0.02 sys=0.00, real=0.02 secs] 
2023-11-16T03:49:00.326+0000: 15.616: [GC (Allocation Failure) 2023-11-16T03:49:00.326+0000: 15.616: [DefNew: 75929K->35K(78656K), 0.0004550 secs] 126519K->50626K(253440K), 0.0005205 secs] [Times: user=0.00 sys=0.00, real=0.00 secs] 
2023-11-16T03:49:00.385+0000: 15.674: [GC (Allocation Failure) 2023-11-16T03:49:00.385+0000: 15.674: [DefNew: 69987K->8704K(78656K), 0.0146817 secs] 120578K->61985K(253440K), 0.0147563 secs] [Times: user=0.02 sys=0.00, real=0.01 secs] 
2023-11-16T03:49:00.459+0000: 15.749: [GC (Allocation Failure) 2023-11-16T03:49:00.459+0000: 15.749: [DefNew: 75929K->28K(78656K), 0.0004861 secs] 129211K->53316K(253440K), 0.0005465 secs] [Times: user=0.00 sys=0.00, real=0.00 secs] 
2023-11-16T03:49:00.518+0000: 15.807: [GC (Allocation Failure) 2023-11-16T03:49:00.518+0000: 15.807: [DefNew: 69980K->8704K(78656K), 0.0146119 secs] 123268K->64676K(253440K), 0.0146842 secs] [Times: user=0.01 sys=0.00, real=0.01 secs] 
2023-11-16T03:49:00.596+0000: 15.886: [GC (Allocation Failure) 2023-11-16T03:49:00.596+0000: 15.886: [DefNew: 75929K->28K(78656K), 0.0004101 secs] 131901K->56001K(253440K), 0.0004712 secs] [Times: user=0.00 sys=0.00, real=0.00 secs] 
2023-11-16T03:49:00.657+0000: 15.946: [GC (Allocation Failure) 2023-11-16T03:49:00.657+0000: 15.946: [DefNew: 69980K->8704K(78656K), 0.0146055 secs] 125953K->67363K(253440K), 0.0146826 secs] [Times: user=0.01 sys=0.00, real=0.01 secs] 
2023-11-16T03:49:00.732+0000: 16.021: [GC (Allocation Failure) 2023-11-16T03:49:00.732+0000: 16.021: [DefNew: 75929K->28K(78656K), 0.0004128 secs] 134589K->58689K(253440K), 0.0004727 secs] [Times: user=0.00 sys=0.00, real=0.00 secs] 
2023-11-16T03:49:00.790+0000: 16.080: [GC (Allocation Failure) 2023-11-16T03:49:00.790+0000: 16.080: [DefNew: 69980K->8704K(78656K), 0.0146881 secs] 128641K->70048K(253440K), 0.0147628 secs] [Times: user=0.01 sys=0.00, real=0.02 secs] 
2023-11-16T03:49:00.876+0000: 16.165: [GC (Allocation Failure) 2023-11-16T03:49:00.876+0000: 16.165: [DefNew: 75929K->28K(78656K), 0.0004249 secs] 137274K->61373K(253440K), 0.0005096 secs] [Times: user=0.00 sys=0.00, real=0.01 secs] 
2023-11-16T03:49:00.934+0000: 16.223: [GC (Allocation Failure) 2023-11-16T03:49:00.934+0000: 16.223: [DefNew: 69980K->8704K(78656K), 0.0146091 secs] 131325K->72734K(253440K), 0.0146851 secs] [Times: user=0.01 sys=0.00, real=0.02 secs] 
2023-11-16T03:49:01.009+0000: 16.298: [GC (Allocation Failure) 2023-11-16T03:49:01.009+0000: 16.298: [DefNew: 75929K->48K(78656K), 0.0004104 secs] 139959K->64079K(253440K), 0.0004711 secs] [Times: user=0.00 sys=0.00, real=0.00 secs] 
2023-11-16T03:49:01.067+0000: 16.357: [GC (Allocation Failure) 2023-11-16T03:49:01.067+0000: 16.357: [DefNew: 70000K->8704K(78656K), 0.0146890 secs] 134031K->75439K(253440K), 0.0147637 secs] [Times: user=0.02 sys=0.00, real=0.01 secs] 
2023-11-16T03:49:01.143+0000: 16.432: [GC (Allocation Failure) 2023-11-16T03:49:01.143+0000: 16.432: [DefNew: 75929K->35K(78656K), 0.0004964 secs] 142664K->66771K(253440K), 0.0005594 secs] [Times: user=0.00 sys=0.00, real=0.00 secs] 
2023-11-16T03:49:01.201+0000: 16.490: [GC (Allocation Failure) 2023-11-16T03:49:01.201+0000: 16.490: [DefNew: 69987K->8703K(78656K), 0.0146897 secs] 136723K->78133K(253440K), 0.0147649 secs] [Times: user=0.01 sys=0.00, real=0.02 secs] 
2023-11-16T03:49:01.277+0000: 16.566: [GC (Allocation Failure) 2023-11-16T03:49:01.277+0000: 16.566: [DefNew: 75929K->28K(78656K), 0.0004807 secs] 145358K->69463K(253440K), 0.0005452 secs] [Times: user=0.00 sys=0.00, real=0.00 secs] 
2023-11-16T03:49:01.335+0000: 16.624: [GC (Allocation Failure) 2023-11-16T03:49:01.335+0000: 16.624: [DefNew: 69980K->8704K(78656K), 0.0147202 secs] 139415K->80822K(253440K), 0.0147945 secs] [Times: user=0.02 sys=0.00, real=0.02 secs] 
2023-11-16T03:49:01.411+0000: 16.700: [GC (Allocation Failure) 2023-11-16T03:49:01.411+0000: 16.700: [DefNew: 75929K->28K(78656K), 0.0004107 secs] 148047K->72147K(253440K), 0.0004708 secs] [Times: user=0.00 sys=0.00, real=0.00 secs] 
2023-11-16T03:49:01.470+0000: 16.759: [GC (Allocation Failure) 2023-11-16T03:49:01.470+0000: 16.759: [DefNew: 69980K->8704K(78656K), 0.0146358 secs] 142099K->83507K(253440K), 0.0147126 secs] [Times: user=0.01 sys=0.00, real=0.02 secs] 
2023-11-16T03:49:01.544+0000: 16.833: [GC (Allocation Failure) 2023-11-16T03:49:01.544+0000: 16.833: [DefNew: 75929K->28K(78656K), 0.0004039 secs] 150732K->74832K(253440K), 0.0004625 secs] [Times: user=0.00 sys=0.00, real=0.00 secs] 
2023-11-16T03:49:01.603+0000: 16.892: [GC (Allocation Failure) 2023-11-16T03:49:01.603+0000: 16.892: [DefNew: 69980K->8704K(78656K), 0.0147135 secs] 144784K->86193K(253440K), 0.0147902 secs] [Times: user=0.01 sys=0.00, real=0.02 secs] 
2023-11-16T03:49:01.681+0000: 16.970: [GC (Allocation Failure) 2023-11-16T03:49:01.681+0000: 16.970: [DefNew: 75929K->28K(78656K), 0.0004125 secs] 153418K->77518K(253440K), 0.0004708 secs] [Times: user=0.00 sys=0.00, real=0.00 secs] 
2023-11-16T03:49:01.739+0000: 17.029: [GC (Allocation Failure) 2023-11-16T03:49:01.739+0000: 17.029: [DefNew: 69980K->8704K(78656K), 0.0147421 secs] 147470K->88877K(253440K), 0.0148165 secs] [Times: user=0.02 sys=0.00, real=0.01 secs] 
2023-11-16T03:49:01.814+0000: 17.103: [GC (Allocation Failure) 2023-11-16T03:49:01.814+0000: 17.104: [DefNew: 75929K->28K(78656K), 0.0004133 secs] 156102K->80202K(253440K), 0.0004725 secs] [Times: user=0.00 sys=0.00, real=0.00 secs] 
2023-11-16T03:49:01.873+0000: 17.162: [GC (Allocation Failure) 2023-11-16T03:49:01.873+0000: 17.162: [DefNew: 69980K->8704K(78656K), 0.0146496 secs] 150154K->91562K(253440K), 0.0147269 secs] [Times: user=0.02 sys=0.00, real=0.02 secs] 
2023-11-16T03:49:01.948+0000: 17.238: [GC (Allocation Failure) 2023-11-16T03:49:01.948+0000: 17.238: [DefNew: 75929K->35K(78656K), 0.0004749 secs] 158787K->82894K(253440K), 0.0005372 secs] [Times: user=0.00 sys=0.00, real=0.00 secs] 
2023-11-16T03:49:02.007+0000: 17.296: [GC (Allocation Failure) 2023-11-16T03:49:02.007+0000: 17.296: [DefNew: 69987K->8704K(78656K), 0.0146459 secs] 152846K->94255K(253440K), 0.0147223 secs] [Times: user=0.01 sys=0.00, real=0.01 secs] 
2023-11-16T03:49:02.081+0000: 17.371: [GC (Allocation Failure) 2023-11-16T03:49:02.081+0000: 17.371: [DefNew: 75929K->28K(78656K), 0.0004691 secs] 161480K->85586K(253440K), 0.0005293 secs] [Times: user=0.00 sys=0.00, real=0.00 secs] 
2023-11-16T03:49:02.140+0000: 17.429: [GC (Allocation Failure) 2023-11-16T03:49:02.140+0000: 17.429: [DefNew: 69980K->8704K(78656K), 0.0146851 secs] 155538K->96946K(253440K), 0.0147600 secs] [Times: user=0.02 sys=0.00, real=0.01 secs] 
2023-11-16T03:49:02.214+0000: 17.504: [GC (Allocation Failure) 2023-11-16T03:49:02.214+0000: 17.504: [DefNew: 75929K->28K(78656K), 0.0004140 secs] 164172K->88271K(253440K), 0.0004729 secs] [Times: user=0.00 sys=0.00, real=0.00 secs] 
2023-11-16T03:49:02.273+0000: 17.562: [GC (Allocation Failure) 2023-11-16T03:49:02.273+0000: 17.562: [DefNew: 69980K->8704K(78656K), 0.0146800 secs] 158223K->99633K(253440K), 0.0147538 secs] [Times: user=0.02 sys=0.00, real=0.02 secs] 
2023-11-16T03:49:02.348+0000: 17.637: [GC (Allocation Failure) 2023-11-16T03:49:02.348+0000: 17.637: [DefNew: 75929K->28K(78656K), 0.0004154 secs] 166859K->90958K(253440K), 0.0004744 secs] [Times: user=0.00 sys=0.00, real=0.00 secs] 
2023-11-16T03:49:02.406+0000: 17.695: [GC (Allocation Failure) 2023-11-16T03:49:02.406+0000: 17.695: [DefNew: 69980K->8704K(78656K), 0.0147157 secs] 160910K->102319K(253440K), 0.0147900 secs] [Times: user=0.02 sys=0.00, real=0.01 secs] 
2023-11-16T03:49:02.556+0000: 17.845: [GC (Allocation Failure) 2023-11-16T03:49:02.556+0000: 17.845: [DefNew: 75929K->29K(78656K), 0.0004228 secs] 169545K->93645K(253440K), 0.0004822 secs] [Times: user=0.00 sys=0.00, real=0.00 secs] 
2023-11-16T03:49:02.667+0000: 17.956: [GC (Allocation Failure) 2023-11-16T03:49:02.667+0000: 17.956: [DefNew: 69981K->8703K(78656K), 0.0146800 secs] 163597K->105007K(253440K), 0.0147699 secs] [Times: user=0.02 sys=0.00, real=0.01 secs] 
2023-11-16T03:49:02.806+0000: 18.096: [GC (Allocation Failure) 2023-11-16T03:49:02.806+0000: 18.096: [DefNew: 75929K->28K(78656K), 0.0004786 secs] 172232K->96332K(253440K), 0.0005435 secs] [Times: user=0.00 sys=0.00, real=0.00 secs] 
2023-11-16T03:49:02.912+0000: 18.201: [GC (Allocation Failure) 2023-11-16T03:49:02.912+0000: 18.201: [DefNew: 69980K->8704K(78656K), 0.0146424 secs] 166284K->107694K(253440K), 0.0147249 secs] [Times: user=0.01 sys=0.00, real=0.02 secs] 
2023-11-16T03:49:02.987+0000: 18.276: [GC (Allocation Failure) 2023-11-16T03:49:02.987+0000: 18.277: [DefNew: 75929K->35K(78656K), 0.0004922 secs] 174919K->99026K(253440K), 0.0005563 secs] [Times: user=0.00 sys=0.00, real=0.00 secs] 
2023-11-16T03:49:03.046+0000: 18.335: [GC (Allocation Failure) 2023-11-16T03:49:03.046+0000: 18.335: [DefNew: 69987K->8704K(78656K), 0.0147203 secs] 168978K->110386K(253440K), 0.0147968 secs] [Times: user=0.01 sys=0.00, real=0.01 secs] 
2023-11-16T03:49:03.121+0000: 18.410: [GC (Allocation Failure) 2023-11-16T03:49:03.121+0000: 18.410: [DefNew: 75929K->28K(78656K), 0.0004800 secs] 177611K->101717K(253440K), 0.0005397 secs] [Times: user=0.00 sys=0.00, real=0.00 secs] 
2023-11-16T03:49:03.179+0000: 18.468: [GC (Allocation Failure) 2023-11-16T03:49:03.179+0000: 18.468: [DefNew: 69980K->8704K(78656K), 0.0147325 secs] 171669K->113076K(253440K), 0.0148052 secs] [Times: user=0.02 sys=0.00, real=0.01 secs] 
2023-11-16T03:49:03.254+0000: 18.543: [GC (Allocation Failure) 2023-11-16T03:49:03.254+0000: 18.543: [DefNew: 75929K->28K(78656K), 0.0004235 secs] 180302K->104401K(253440K), 0.0004831 secs] [Times: user=0.00 sys=0.00, real=0.00 secs] 
2023-11-16T03:49:03.312+0000: 18.601: [GC (Allocation Failure) 2023-11-16T03:49:03.312+0000: 18.602: [DefNew: 69980K->8704K(78656K), 0.0146614 secs] 174353K->115763K(253440K), 0.0147380 secs] [Times: user=0.01 sys=0.00, real=0.02 secs] 
2023-11-16T03:49:03.387+0000: 18.676: [GC (Allocation Failure) 2023-11-16T03:49:03.387+0000: 18.676: [DefNew: 75929K->28K(78656K), 0.0004219 secs] 182988K->107088K(253440K), 0.0004802 secs] [Times: user=0.00 sys=0.00, real=0.00 secs] 
2023-11-16T03:49:03.445+0000: 18.734: [GC (Allocation Failure) 2023-11-16T03:49:03.445+0000: 18.735: [DefNew: 69980K->8704K(78656K), 0.0147026 secs] 177040K->118450K(253440K), 0.0147767 secs] [Times: user=0.01 sys=0.00, real=0.01 secs] 
2023-11-16T03:49:03.520+0000: 18.809: [GC (Allocation Failure) 2023-11-16T03:49:03.520+0000: 18.809: [DefNew: 75929K->28K(78656K), 0.0004213 secs] 185675K->109775K(253440K), 0.0004792 secs] [Times: user=0.00 sys=0.00, real=0.00 secs] 
2023-11-16T03:49:03.578+0000: 18.868: [GC (Allocation Failure) 2023-11-16T03:49:03.578+0000: 18.868: [DefNew: 69980K->8704K(78656K), 0.0147001 secs] 179727K->121135K(253440K), 0.0147723 secs] [Times: user=0.02 sys=0.00, real=0.01 secs] 
2023-11-16T03:49:03.653+0000: 18.943: [GC (Allocation Failure) 2023-11-16T03:49:03.653+0000: 18.943: [DefNew: 75929K->28K(78656K), 0.0004236 secs] 188360K->112460K(253440K), 0.0004819 secs] [Times: user=0.00 sys=0.00, real=0.00 secs] 
2023-11-16T03:49:03.711+0000: 19.001: [GC (Allocation Failure) 2023-11-16T03:49:03.712+0000: 19.001: [DefNew: 69980K->8704K(78656K), 0.0147768 secs] 182412K->123819K(253440K), 0.0149025 secs] [Times: user=0.02 sys=0.00, real=0.02 secs] 
2023-11-16T03:49:03.787+0000: 19.076: [GC (Allocation Failure) 2023-11-16T03:49:03.787+0000: 19.076: [DefNew: 75929K->37K(78656K), 0.0004723 secs] 191045K->115153K(253440K), 0.0005300 secs] [Times: user=0.00 sys=0.00, real=0.00 secs] 
2023-11-16T03:49:03.847+0000: 19.136: [GC (Allocation Failure) 2023-11-16T03:49:03.847+0000: 19.136: [DefNew: 69989K->8703K(78656K), 0.0154754 secs] 185105K->126513K(253440K), 0.0155544 secs] [Times: user=0.01 sys=0.00, real=0.01 secs] 
2023-11-16T03:49:03.922+0000: 19.212: [GC (Allocation Failure) 2023-11-16T03:49:03.922+0000: 19.212: [DefNew: 75929K->28K(78656K), 0.0004767 secs] 193738K->117842K(253440K), 0.0005359 secs] [Times: user=0.00 sys=0.00, real=0.00 secs] 
2023-11-16T03:49:03.981+0000: 19.270: [GC (Allocation Failure) 2023-11-16T03:49:03.981+0000: 19.270: [DefNew: 69980K->8704K(78656K), 0.0147337 secs] 187794K->129203K(253440K), 0.0148258 secs] [Times: user=0.01 sys=0.00, real=0.02 secs] 
2023-11-16T03:49:04.056+0000: 19.345: [GC (Allocation Failure) 2023-11-16T03:49:04.056+0000: 19.345: [DefNew: 75929K->28K(78656K), 0.0004231 secs] 196428K->120528K(253440K), 0.0004820 secs] [Times: user=0.00 sys=0.00, real=0.00 secs] 
2023-11-16T03:49:04.114+0000: 19.403: [GC (Allocation Failure) 2023-11-16T03:49:04.114+0000: 19.403: [DefNew: 69980K->8704K(78656K), 0.0146794 secs] 190480K->131888K(253440K), 0.0147534 secs] [Times: user=0.02 sys=0.00, real=0.02 secs] 
2023-11-16T03:49:04.189+0000: 19.478: [GC (Allocation Failure) 2023-11-16T03:49:04.189+0000: 19.478: [DefNew: 75929K->28K(78656K), 0.0004275 secs] 199114K->123213K(253440K), 0.0004858 secs] [Times: user=0.00 sys=0.00, real=0.00 secs] 
2023-11-16T03:49:04.247+0000: 19.536: [GC (Allocation Failure) 2023-11-16T03:49:04.247+0000: 19.536: [DefNew: 69980K->8704K(78656K), 0.0149949 secs] 193165K->134575K(253440K), 0.0150647 secs] [Times: user=0.02 sys=0.00, real=0.01 secs] 
2023-11-16T03:49:04.337+0000: 19.626: [GC (Allocation Failure) 2023-11-16T03:49:04.337+0000: 19.626: [DefNew: 75929K->28K(78656K), 0.0004302 secs] 201801K->125901K(253440K), 0.0004925 secs] [Times: user=0.00 sys=0.00, real=0.00 secs] 
2023-11-16T03:49:04.399+0000: 19.688: [GC (Allocation Failure) 2023-11-16T03:49:04.399+0000: 19.688: [DefNew: 69980K->8704K(78656K), 0.0146158 secs] 195853K->137261K(253440K), 0.0146957 secs] [Times: user=0.02 sys=0.00, real=0.01 secs] 
2023-11-16T03:49:04.473+0000: 19.763: [GC (Allocation Failure) 2023-11-16T03:49:04.473+0000: 19.763: [DefNew: 75929K->28K(78656K), 0.0004340 secs] 204486K->128586K(253440K), 0.0004949 secs] [Times: user=0.00 sys=0.00, real=0.00 secs] 
2023-11-16T03:49:04.538+0000: 19.827: [GC (Allocation Failure) 2023-11-16T03:49:04.538+0000: 19.827: [DefNew: 69980K->8703K(78656K), 0.0147089 secs] 198538K->139946K(253440K), 0.0147871 secs] [Times: user=0.02 sys=0.00, real=0.01 secs] 
2023-11-16T03:49:04.613+0000: 19.902: [GC (Allocation Failure) 2023-11-16T03:49:04.613+0000: 19.902: [DefNew: 75929K->28K(78656K), 0.0004421 secs] 207172K->131272K(253440K), 0.0005003 secs] [Times: user=0.00 sys=0.00, real=0.00 secs] 
2023-11-16T03:49:04.673+0000: 19.962: [GC (Allocation Failure) 2023-11-16T03:49:04.673+0000: 19.962: [DefNew: 69980K->8703K(78656K), 0.0147195 secs] 201224K->142630K(253440K), 0.0147961 secs] [Times: user=0.01 sys=0.00, real=0.02 secs] 
2023-11-16T03:49:04.747+0000: 20.037: [GC (Allocation Failure) 2023-11-16T03:49:04.747+0000: 20.037: [DefNew: 75929K->28K(78656K), 0.0004963 secs] 209855K->133961K(253440K), 0.0005567 secs] [Times: user=0.00 sys=0.00, real=0.00 secs] 
2023-11-16T03:49:04.806+0000: 20.095: [GC (Allocation Failure) 2023-11-16T03:49:04.806+0000: 20.095: [DefNew: 69980K->8704K(78656K), 0.0147266 secs] 203913K->145321K(253440K), 0.0147994 secs] [Times: user=0.02 sys=0.00, real=0.01 secs] 
2023-11-16T03:49:04.881+0000: 20.171: [GC (Allocation Failure) 2023-11-16T03:49:04.881+0000: 20.171: [DefNew: 75929K->28K(78656K), 0.0004280 secs] 212546K->136646K(253440K), 0.0005173 secs] [Times: user=0.00 sys=0.00, real=0.00 secs] 
2023-11-16T03:49:04.941+0000: 20.230: [GC (Allocation Failure) 2023-11-16T03:49:04.941+0000: 20.230: [DefNew: 69980K->8704K(78656K), 0.0146733 secs] 206598K->148007K(253440K), 0.0147427 secs] [Times: user=0.01 sys=0.00, real=0.01 secs] 
2023-11-16T03:49:05.015+0000: 20.305: [GC (Allocation Failure) 2023-11-16T03:49:05.015+0000: 20.305: [DefNew: 75929K->28K(78656K), 0.0004654 secs] 215233K->139332K(253440K), 0.0005272 secs] [Times: user=0.00 sys=0.00, real=0.01 secs] 
2023-11-16T03:49:05.073+0000: 20.362: [GC (Allocation Failure) 2023-11-16T03:49:05.073+0000: 20.362: [DefNew: 69980K->8704K(78656K), 0.0136239 secs] 209284K->149993K(253440K), 0.0137009 secs] [Times: user=0.01 sys=0.00, real=0.02 secs] 
2023-11-16T03:49:05.148+0000: 20.437: [GC (Allocation Failure) 2023-11-16T03:49:05.148+0000: 20.437: [DefNew: 77317K->28K(78656K), 0.0004919 secs] 218606K->141318K(253440K), 0.0005515 secs] [Times: user=0.00 sys=0.00, real=0.00 secs] 
2023-11-16T03:49:05.206+0000: 20.495: [GC (Allocation Failure) 2023-11-16T03:49:05.206+0000: 20.495: [DefNew: 69980K->8704K(78656K), 0.0146730 secs] 211270K->152678K(253440K), 0.0147460 secs] [Times: user=0.02 sys=0.00, real=0.01 secs] 
2023-11-16T03:49:05.282+0000: 20.571: [GC (Allocation Failure) 2023-11-16T03:49:05.282+0000: 20.572: [DefNew: 75934K->28K(78656K), 0.0004587 secs] 219909K->144003K(253440K), 0.0005213 secs] [Times: user=0.00 sys=0.00, real=0.00 secs] 
2023-11-16T03:49:05.341+0000: 20.630: [GC (Allocation Failure) 2023-11-16T03:49:05.341+0000: 20.630: [DefNew: 69980K->8704K(78656K), 0.0147672 secs] 213955K->155364K(253440K), 0.0148442 secs] [Times: user=0.01 sys=0.00, real=0.01 secs] 
2023-11-16T03:49:05.415+0000: 20.705: [GC (Allocation Failure) 2023-11-16T03:49:05.415+0000: 20.705: [DefNew: 75931K->28K(78656K), 0.0004707 secs] 222592K->146689K(253440K), 0.0005306 secs] [Times: user=0.00 sys=0.00, real=0.01 secs] 
2023-11-16T03:49:05.474+0000: 20.763: [GC (Allocation Failure) 2023-11-16T03:49:05.474+0000: 20.763: [DefNew: 69980K->8704K(78656K), 0.0146834 secs] 216641K->158050K(253440K), 0.0147565 secs] [Times: user=0.01 sys=0.00, real=0.02 secs] 
2023-11-16T03:49:05.555+0000: 20.844: [GC (Allocation Failure) 2023-11-16T03:49:05.555+0000: 20.844: [DefNew: 75930K->56K(78656K), 0.0005430 secs] 225277K->149403K(253440K), 0.0006079 secs] [Times: user=0.00 sys=0.00, real=0.01 secs] 
2023-11-16T03:49:05.614+0000: 20.903: [GC (Allocation Failure) 2023-11-16T03:49:05.614+0000: 20.903: [DefNew: 70008K->8704K(78656K), 0.0148646 secs] 219355K->160763K(253440K), 0.0149412 secs] [Times: user=0.01 sys=0.00, real=0.02 secs] 
2023-11-16T03:49:05.689+0000: 20.979: [GC (Allocation Failure) 2023-11-16T03:49:05.689+0000: 20.979: [DefNew: 75930K->28K(78656K), 0.0005216 secs] 227989K->152094K(253440K), 0.0005826 secs] [Times: user=0.01 sys=0.00, real=0.00 secs] 
2023-11-16T03:49:05.748+0000: 21.037: [GC (Allocation Failure) 2023-11-16T03:49:05.748+0000: 21.037: [DefNew: 69980K->8704K(78656K), 0.0147410 secs] 222046K->163455K(253440K), 0.0148168 secs] [Times: user=0.02 sys=0.00, real=0.01 secs] 
2023-11-16T03:49:05.823+0000: 21.112: [GC (Allocation Failure) 2023-11-16T03:49:05.823+0000: 21.112: [DefNew: 75929K->28K(78656K), 0.0004588 secs] 230680K->154780K(253440K), 0.0005185 secs] [Times: user=0.00 sys=0.00, real=0.00 secs] 
2023-11-16T03:49:05.881+0000: 21.170: [GC (Allocation Failure) 2023-11-16T03:49:05.881+0000: 21.170: [DefNew: 69980K->8704K(78656K), 0.0147514 secs] 224732K->166141K(253440K), 0.0148257 secs] [Times: user=0.01 sys=0.00, real=0.02 secs] 
2023-11-16T03:49:05.962+0000: 21.251: [GC (Allocation Failure) 2023-11-16T03:49:05.962+0000: 21.252: [DefNew: 75929K->28K(78656K), 0.0004614 secs] 233367K->157466K(253440K), 0.0005218 secs] [Times: user=0.00 sys=0.00, real=0.00 secs] 
2023-11-16T03:49:06.021+0000: 21.310: [GC (Allocation Failure) 2023-11-16T03:49:06.021+0000: 21.310: [DefNew: 69980K->8704K(78656K), 0.0147198 secs] 227418K->168825K(253440K), 0.0147938 secs] [Times: user=0.01 sys=0.00, real=0.01 secs] 
2023-11-16T03:49:06.095+0000: 21.385: [GC (Allocation Failure) 2023-11-16T03:49:06.095+0000: 21.385: [DefNew: 75929K->28K(78656K), 0.0004774 secs] 236051K->160150K(253440K), 0.0005372 secs] [Times: user=0.00 sys=0.00, real=0.01 secs] 
2023-11-16T03:49:06.154+0000: 21.443: [GC (Allocation Failure) 2023-11-16T03:49:06.154+0000: 21.443: [DefNew: 69980K->8704K(78656K), 0.0146940 secs] 230102K->171510K(253440K), 0.0147676 secs] [Times: user=0.01 sys=0.00, real=0.02 secs] 
2023-11-16T03:49:06.228+0000: 21.518: [GC (Allocation Failure) 2023-11-16T03:49:06.228+0000: 21.518: [DefNew: 75929K->28K(78656K), 0.0004659 secs] 238736K->162835K(253440K), 0.0005252 secs] [Times: user=0.00 sys=0.00, real=0.00 secs] 
2023-11-16T03:49:06.287+0000: 21.576: [GC (Allocation Failure) 2023-11-16T03:49:06.287+0000: 21.576: [DefNew: 69980K->8704K(78656K), 0.0147971 secs] 232787K->174195K(253440K), 0.0148763 secs] [Times: user=0.02 sys=0.00, real=0.01 secs] 
2023-11-16T03:49:06.362+0000: 21.651: [GC (Allocation Failure) 2023-11-16T03:49:06.362+0000: 21.651: [DefNew: 75929K->28K(78656K), 0.0004652 secs] 241421K->165520K(253440K), 0.0005250 secs] [Times: user=0.00 sys=0.00, real=0.00 secs] 
2023-11-16T03:49:06.421+0000: 21.710: [GC (Allocation Failure) 2023-11-16T03:49:06.421+0000: 21.710: [DefNew: 69980K->8704K(78656K), 0.0148624 secs] 235472K->176880K(253440K), 0.0149398 secs] [Times: user=0.02 sys=0.00, real=0.01 secs] 
2023-11-16T03:49:06.496+0000: 21.785: [GC (Allocation Failure) 2023-11-16T03:49:06.496+0000: 21.785: [DefNew: 75929K->28K(78656K), 0.0005319 secs] 244106K->168211K(253440K), 0.0005923 secs] [Times: user=0.00 sys=0.00, real=0.00 secs] 
2023-11-16T03:49:06.554+0000: 21.843: [GC (Allocation Failure) 2023-11-16T03:49:06.554+0000: 21.843: [DefNew: 69980K->8704K(78656K), 0.0148081 secs] 238163K->179573K(253440K), 0.0148838 secs] [Times: user=0.01 sys=0.00, real=0.02 secs] 
2023-11-16T03:49:06.629+0000: 21.918: [GC (Allocation Failure) 2023-11-16T03:49:06.629+0000: 21.918: [DefNew: 75929K->75929K(78656K), 0.0000187 secs]2023-11-16T03:49:06.629+0000: 21.918: [Tenured: 170869K->10888K(174784K), 0.0912850 secs] 246799K->10888K(253440K), [Metaspace: 5979K->5979K(1056768K)], 0.0914023 secs] [Times: user=0.09 sys=0.00, real=0.09 secs] 
2023-11-16T03:49:06.778+0000: 22.068: [GC (Allocation Failure) 2023-11-16T03:49:06.778+0000: 22.068: [DefNew: 69952K->8704K(78656K), 0.0145839 secs] 80840K->22248K(253440K), 0.0146592 secs] [Times: user=0.01 sys=0.00, real=0.01 secs] 
2023-11-16T03:49:06.853+0000: 22.142: [GC (Allocation Failure) 2023-11-16T03:49:06.853+0000: 22.142: [DefNew: 75929K->28K(78656K), 0.0004185 secs] 89474K->13573K(253440K), 0.0004776 secs] [Times: user=0.00 sys=0.00, real=0.00 secs] 
2023-11-16T03:49:06.912+0000: 22.201: [GC (Allocation Failure) 2023-11-16T03:49:06.912+0000: 22.201: [DefNew: 69980K->8704K(78656K), 0.0145669 secs] 83525K->24934K(253440K), 0.0146410 secs] [Times: user=0.01 sys=0.00, real=0.02 secs] 
2023-11-16T03:49:06.986+0000: 22.276: [GC (Allocation Failure) 2023-11-16T03:49:06.986+0000: 22.276: [DefNew: 75929K->28K(78656K), 0.0004207 secs] 92160K->16259K(253440K), 0.0004791 secs] [Times: user=0.00 sys=0.00, real=0.00 secs] 
2023-11-16T03:49:07.045+0000: 22.334: [GC (Allocation Failure) 2023-11-16T03:49:07.045+0000: 22.334: [DefNew: 69980K->8704K(78656K), 0.0145909 secs] 86211K->27620K(253440K), 0.0146655 secs] [Times: user=0.02 sys=0.00, real=0.01 secs] 
2023-11-16T03:49:07.119+0000: 22.409: [GC (Allocation Failure) 2023-11-16T03:49:07.119+0000: 22.409: [DefNew: 75929K->28K(78656K), 0.0004384 secs] 94845K->18945K(253440K), 0.0004977 secs] [Times: user=0.00 sys=0.00, real=0.00 secs] 
2023-11-16T03:49:07.180+0000: 22.469: [GC (Allocation Failure) 2023-11-16T03:49:07.180+0000: 22.469: [DefNew: 69980K->8704K(78656K), 0.0147156 secs] 88897K->30306K(253440K), 0.0147929 secs] [Times: user=0.01 sys=0.00, real=0.01 secs] 
2023-11-16T03:49:07.255+0000: 22.544: [GC (Allocation Failure) 2023-11-16T03:49:07.255+0000: 22.544: [DefNew: 75929K->48K(78656K), 0.0004696 secs] 97531K->21651K(253440K), 0.0005393 secs] [Times: user=0.00 sys=0.00, real=0.01 secs] 
2023-11-16T03:49:07.314+0000: 22.604: [GC (Allocation Failure) 2023-11-16T03:49:07.314+0000: 22.604: [DefNew: 70000K->8704K(78656K), 0.0146550 secs] 91603K->33012K(253440K), 0.0147299 secs] [Times: user=0.02 sys=0.00, real=0.02 secs] 
2023-11-16T03:49:07.389+0000: 22.678: [GC (Allocation Failure) 2023-11-16T03:49:07.389+0000: 22.678: [DefNew: 75929K->28K(78656K), 0.0004309 secs] 100238K->24337K(253440K), 0.0004900 secs] [Times: user=0.00 sys=0.00, real=0.00 secs] 
2023-11-16T03:49:07.448+0000: 22.737: [GC (Allocation Failure) 2023-11-16T03:49:07.448+0000: 22.737: [DefNew: 69980K->8704K(78656K), 0.0146806 secs] 94289K->35696K(253440K), 0.0147591 secs] [Times: user=0.01 sys=0.00, real=0.01 secs] 
2023-11-16T03:49:07.523+0000: 22.812: [GC (Allocation Failure) 2023-11-16T03:49:07.523+0000: 22.812: [DefNew: 75929K->28K(78656K), 0.0004818 secs] 102922K->27027K(253440K), 0.0005415 secs] [Times: user=0.00 sys=0.00, real=0.00 secs] 
2023-11-16T03:49:07.585+0000: 22.874: [GC (Allocation Failure) 2023-11-16T03:49:07.585+0000: 22.874: [DefNew: 69980K->8704K(78656K), 0.0146197 secs] 96979K->38388K(253440K), 0.0146945 secs] [Times: user=0.02 sys=0.00, real=0.01 secs] 
2023-11-16T03:49:07.659+0000: 22.948: [GC (Allocation Failure) 2023-11-16T03:49:07.659+0000: 22.949: [DefNew: 75929K->28K(78656K), 0.0004358 secs] 105614K->29713K(253440K), 0.0004956 secs] [Times: user=0.00 sys=0.00, real=0.00 secs] 
2023-11-16T03:49:07.718+0000: 23.007: [GC (Allocation Failure) 2023-11-16T03:49:07.718+0000: 23.007: [DefNew: 69980K->8704K(78656K), 0.0147427 secs] 99665K->41074K(253440K), 0.0148151 secs] [Times: user=0.02 sys=0.00, real=0.01 secs] 
2023-11-16T03:49:07.793+0000: 23.082: [GC (Allocation Failure) 2023-11-16T03:49:07.793+0000: 23.082: [DefNew: 75929K->28K(78656K), 0.0004221 secs] 108300K->32399K(253440K), 0.0004817 secs] [Times: user=0.00 sys=0.00, real=0.00 secs] 
2023-11-16T03:49:07.851+0000: 23.140: [GC (Allocation Failure) 2023-11-16T03:49:07.851+0000: 23.140: [DefNew: 69980K->8704K(78656K), 0.0147702 secs] 102351K->43760K(253440K), 0.0148438 secs] [Times: user=0.01 sys=0.00, real=0.02 secs] 
2023-11-16T03:49:07.926+0000: 23.215: [GC (Allocation Failure) 2023-11-16T03:49:07.926+0000: 23.215: [DefNew: 75929K->28K(78656K), 0.0004236 secs] 110985K->35085K(253440K), 0.0004809 secs] [Times: user=0.00 sys=0.00, real=0.00 secs] 
2023-11-16T03:49:07.985+0000: 23.274: [GC (Allocation Failure) 2023-11-16T03:49:07.985+0000: 23.274: [DefNew: 69980K->8704K(78656K), 0.0146936 secs] 105037K->46445K(253440K), 0.0147685 secs] [Times: user=0.01 sys=0.01, real=0.01 secs] 
2023-11-16T03:49:08.059+0000: 23.349: [GC (Allocation Failure) 2023-11-16T03:49:08.059+0000: 23.349: [DefNew: 75929K->28K(78656K), 0.0004432 secs] 113671K->37770K(253440K), 0.0005030 secs] [Times: user=0.00 sys=0.00, real=0.00 secs] 
2023-11-16T03:49:08.118+0000: 23.407: [GC (Allocation Failure) 2023-11-16T03:49:08.118+0000: 23.407: [DefNew: 69980K->8704K(78656K), 0.0147691 secs] 107722K->49131K(253440K), 0.0148436 secs] [Times: user=0.02 sys=0.00, real=0.01 secs] 
2023-11-16T03:49:08.192+0000: 23.482: [GC (Allocation Failure) 2023-11-16T03:49:08.192+0000: 23.482: [DefNew: 75929K->28K(78656K), 0.0004240 secs] 116357K->40456K(253440K), 0.0004829 secs] [Times: user=0.00 sys=0.00, real=0.00 secs] 
2023-11-16T03:49:08.251+0000: 23.540: [GC (Allocation Failure) 2023-11-16T03:49:08.251+0000: 23.540: [DefNew: 69980K->8704K(78656K), 0.0148580 secs] 110408K->51817K(253440K), 0.0149292 secs] [Times: user=0.02 sys=0.00, real=0.02 secs] 
2023-11-16T03:49:08.326+0000: 23.615: [GC (Allocation Failure) 2023-11-16T03:49:08.326+0000: 23.615: [DefNew: 75929K->36K(78656K), 0.0004856 secs] 119042K->43150K(253440K), 0.0005451 secs] [Times: user=0.00 sys=0.00, real=0.00 secs] 
2023-11-16T03:49:08.385+0000: 23.674: [GC (Allocation Failure) 2023-11-16T03:49:08.385+0000: 23.674: [DefNew: 69988K->8703K(78656K), 0.0147554 secs] 113102K->54510K(253440K), 0.0148304 secs] [Times: user=0.02 sys=0.00, real=0.01 secs] 
2023-11-16T03:49:08.459+0000: 23.749: [GC (Allocation Failure) 2023-11-16T03:49:08.460+0000: 23.749: [DefNew: 75929K->28K(78656K), 0.0005054 secs] 121735K->45842K(253440K), 0.0006067 secs] [Times: user=0.00 sys=0.00, real=0.00 secs] 
2023-11-16T03:49:08.518+0000: 23.807: [GC (Allocation Failure) 2023-11-16T03:49:08.518+0000: 23.807: [DefNew: 69980K->8704K(78656K), 0.0146781 secs] 115794K->57204K(253440K), 0.0147538 secs] [Times: user=0.01 sys=0.00, real=0.01 secs] 
2023-11-16T03:49:08.593+0000: 23.882: [GC (Allocation Failure) 2023-11-16T03:49:08.593+0000: 23.882: [DefNew: 75929K->28K(78656K), 0.0004276 secs] 124430K->48529K(253440K), 0.0004865 secs] [Times: user=0.00 sys=0.00, real=0.00 secs] 
2023-11-16T03:49:08.651+0000: 23.940: [GC (Allocation Failure) 2023-11-16T03:49:08.651+0000: 23.940: [DefNew: 69980K->8704K(78656K), 0.0147518 secs] 118481K->59889K(253440K), 0.0148258 secs] [Times: user=0.02 sys=0.00, real=0.02 secs] 
2023-11-16T03:49:08.726+0000: 24.015: [GC (Allocation Failure) 2023-11-16T03:49:08.726+0000: 24.015: [DefNew: 75929K->28K(78656K), 0.0004297 secs] 127115K->51214K(253440K), 0.0004901 secs] [Times: user=0.00 sys=0.00, real=0.00 secs] 
2023-11-16T03:49:08.784+0000: 24.074: [GC (Allocation Failure) 2023-11-16T03:49:08.784+0000: 24.074: [DefNew: 69980K->8704K(78656K), 0.0147399 secs] 121166K->62577K(253440K), 0.0148138 secs] [Times: user=0.02 sys=0.00, real=0.01 secs] 
2023-11-16T03:49:08.859+0000: 24.148: [GC (Allocation Failure) 2023-11-16T03:49:08.859+0000: 24.148: [DefNew: 75929K->48K(78656K), 0.0004362 secs] 129803K->53922K(253440K), 0.0005082 secs] [Times: user=0.00 sys=0.00, real=0.00 secs] 
2023-11-16T03:49:08.917+0000: 24.207: [GC (Allocation Failure) 2023-11-16T03:49:08.918+0000: 24.207: [DefNew: 70000K->8704K(78656K), 0.0147069 secs] 123874K->65283K(253440K), 0.0147818 secs] [Times: user=0.02 sys=0.00, real=0.01 secs] 
2023-11-16T03:49:08.992+0000: 24.282: [GC (Allocation Failure) 2023-11-16T03:49:08.992+0000: 24.282: [DefNew: 75929K->28K(78656K), 0.0004417 secs] 132509K->56608K(253440K), 0.0005018 secs] [Times: user=0.00 sys=0.00, real=0.00 secs] 
2023-11-16T03:49:09.051+0000: 24.340: [GC (Allocation Failure) 2023-11-16T03:49:09.051+0000: 24.340: [DefNew: 69980K->8704K(78656K), 0.0148059 secs] 126560K->67970K(253440K), 0.0148911 secs] [Times: user=0.01 sys=0.00, real=0.02 secs] 
2023-11-16T03:49:09.127+0000: 24.416: [GC (Allocation Failure) 2023-11-16T03:49:09.127+0000: 24.416: [DefNew: 75929K->28K(78656K), 0.0004390 secs] 135196K->59295K(253440K), 0.0004998 secs] [Times: user=0.00 sys=0.00, real=0.00 secs] 
2023-11-16T03:49:09.185+0000: 24.474: [GC (Allocation Failure) 2023-11-16T03:49:09.185+0000: 24.475: [DefNew: 69980K->8704K(78656K), 0.0146773 secs] 129247K->70655K(253440K), 0.0147516 secs] [Times: user=0.02 sys=0.00, real=0.01 secs] 
2023-11-16T03:49:09.261+0000: 24.550: [GC (Allocation Failure) 2023-11-16T03:49:09.261+0000: 24.550: [DefNew: 75929K->37K(78656K), 0.0004919 secs] 137881K->61989K(253440K), 0.0005483 secs] [Times: user=0.00 sys=0.00, real=0.00 secs] 
2023-11-16T03:49:09.319+0000: 24.609: [GC (Allocation Failure) 2023-11-16T03:49:09.319+0000: 24.609: [DefNew: 69989K->8704K(78656K), 0.0147979 secs] 131941K->73348K(253440K), 0.0148729 secs] [Times: user=0.02 sys=0.00, real=0.01 secs] 
2023-11-16T03:49:09.394+0000: 24.683: [GC (Allocation Failure) 2023-11-16T03:49:09.394+0000: 24.683: [DefNew: 75929K->28K(78656K), 0.0005032 secs] 140574K->64681K(253440K), 0.0005636 secs] [Times: user=0.00 sys=0.00, real=0.00 secs] 
2023-11-16T03:49:09.453+0000: 24.742: [GC (Allocation Failure) 2023-11-16T03:49:09.453+0000: 24.742: [DefNew: 69980K->8704K(78656K), 0.0148403 secs] 134633K->76043K(253440K), 0.0149127 secs] [Times: user=0.01 sys=0.00, real=0.02 secs] 
2023-11-16T03:49:09.528+0000: 24.817: [GC (Allocation Failure) 2023-11-16T03:49:09.528+0000: 24.817: [DefNew: 75929K->28K(78656K), 0.0004330 secs] 143268K->67368K(253440K), 0.0004919 secs] [Times: user=0.00 sys=0.00, real=0.00 secs] 
2023-11-16T03:49:09.586+0000: 24.875: [GC (Allocation Failure) 2023-11-16T03:49:09.586+0000: 24.875: [DefNew: 69980K->8704K(78656K), 0.0146929 secs] 137320K->78727K(253440K), 0.0147669 secs] [Times: user=0.02 sys=0.00, real=0.01 secs] 
2023-11-16T03:49:09.661+0000: 24.950: [GC (Allocation Failure) 2023-11-16T03:49:09.661+0000: 24.950: [DefNew: 75929K->28K(78656K), 0.0004344 secs] 145953K->70052K(253440K), 0.0004941 secs] [Times: user=0.00 sys=0.00, real=0.00 secs] 
2023-11-16T03:49:09.719+0000: 25.008: [GC (Allocation Failure) 2023-11-16T03:49:09.719+0000: 25.008: [DefNew: 69980K->8704K(78656K), 0.0146328 secs] 140004K->81413K(253440K), 0.0147070 secs] [Times: user=0.02 sys=0.00, real=0.01 secs] 
2023-11-16T03:49:09.794+0000: 25.083: [GC (Allocation Failure) 2023-11-16T03:49:09.794+0000: 25.083: [DefNew: 75929K->28K(78656K), 0.0004316 secs] 148638K->72738K(253440K), 0.0004918 secs] [Times: user=0.00 sys=0.00, real=0.00 secs] 
2023-11-16T03:49:09.852+0000: 25.141: [GC (Allocation Failure) 2023-11-16T03:49:09.852+0000: 25.141: [DefNew: 69980K->8704K(78656K), 0.0147134 secs] 142690K->84099K(253440K), 0.0147858 secs] [Times: user=0.01 sys=0.00, real=0.02 secs] 
2023-11-16T03:49:09.927+0000: 25.216: [GC (Allocation Failure) 2023-11-16T03:49:09.927+0000: 25.216: [DefNew: 75929K->28K(78656K), 0.0004351 secs] 151324K->75424K(253440K), 0.0004949 secs] [Times: user=0.00 sys=0.00, real=0.00 secs] 
2023-11-16T03:49:09.985+0000: 25.274: [GC (Allocation Failure) 2023-11-16T03:49:09.985+0000: 25.274: [DefNew: 69980K->8704K(78656K), 0.0146337 secs] 145376K->86783K(253440K), 0.0147089 secs] [Times: user=0.01 sys=0.00, real=0.01 secs] 
2023-11-16T03:49:10.060+0000: 25.349: [GC (Allocation Failure) 2023-11-16T03:49:10.060+0000: 25.349: [DefNew: 75929K->28K(78656K), 0.0004364 secs] 154009K->78108K(253440K), 0.0004895 secs] [Times: user=0.00 sys=0.00, real=0.00 secs] 
2023-11-16T03:49:10.118+0000: 25.408: [GC (Allocation Failure) 2023-11-16T03:49:10.118+0000: 25.408: [DefNew: 69980K->8704K(78656K), 0.0147173 secs] 148060K->89469K(253440K), 0.0147899 secs] [Times: user=0.02 sys=0.00, real=0.01 secs] 
2023-11-16T03:49:10.193+0000: 25.482: [GC (Allocation Failure) 2023-11-16T03:49:10.193+0000: 25.482: [DefNew: 75929K->28K(78656K), 0.0004328 secs] 156695K->80794K(253440K), 0.0004924 secs] [Times: user=0.00 sys=0.00, real=0.00 secs] 
2023-11-16T03:49:10.253+0000: 25.542: [GC (Allocation Failure) 2023-11-16T03:49:10.253+0000: 25.542: [DefNew: 69980K->8704K(78656K), 0.0148951 secs] 150746K->92150K(253440K), 0.0149739 secs] [Times: user=0.01 sys=0.00, real=0.02 secs] 
2023-11-16T03:49:10.328+0000: 25.617: [GC (Allocation Failure) 2023-11-16T03:49:10.328+0000: 25.617: [DefNew: 75929K->28K(78656K), 0.0005103 secs] 159375K->83482K(253440K), 0.0005703 secs] [Times: user=0.00 sys=0.00, real=0.00 secs] 
2023-11-16T03:49:10.386+0000: 25.676: [GC (Allocation Failure) 2023-11-16T03:49:10.386+0000: 25.676: [DefNew: 69980K->8704K(78656K), 0.0148809 secs] 153434K->94842K(253440K), 0.0149559 secs] [Times: user=0.02 sys=0.00, real=0.01 secs] 
2023-11-16T03:49:10.461+0000: 25.751: [GC (Allocation Failure) 2023-11-16T03:49:10.461+0000: 25.751: [DefNew: 75929K->28K(78656K), 0.0004369 secs] 162068K->86167K(253440K), 0.0004964 secs] [Times: user=0.00 sys=0.00, real=0.00 secs] 
2023-11-16T03:49:10.522+0000: 25.812: [GC (Allocation Failure) 2023-11-16T03:49:10.522+0000: 25.812: [DefNew: 69980K->8704K(78656K), 0.0146710 secs] 156119K->97527K(253440K), 0.0147470 secs] [Times: user=0.01 sys=0.00, real=0.02 secs] 
2023-11-16T03:49:10.597+0000: 25.886: [GC (Allocation Failure) 2023-11-16T03:49:10.597+0000: 25.886: [DefNew: 75929K->28K(78656K), 0.0004716 secs] 164753K->88852K(253440K), 0.0005389 secs] [Times: user=0.00 sys=0.00, real=0.00 secs] 
2023-11-16T03:49:10.658+0000: 25.947: [GC (Allocation Failure) 2023-11-16T03:49:10.658+0000: 25.947: [DefNew: 69980K->8704K(78656K), 0.0147505 secs] 158804K->100212K(253440K), 0.0148268 secs] [Times: user=0.02 sys=0.00, real=0.01 secs] 
2023-11-16T03:49:10.738+0000: 26.027: [GC (Allocation Failure) 2023-11-16T03:49:10.738+0000: 26.027: [DefNew: 75929K->28K(78656K), 0.0004459 secs] 167438K->91537K(253440K), 0.0005071 secs] [Times: user=0.00 sys=0.00, real=0.00 secs] 
2023-11-16T03:49:10.796+0000: 26.086: [GC (Allocation Failure) 2023-11-16T03:49:10.796+0000: 26.086: [DefNew: 69980K->8704K(78656K), 0.0146970 secs] 161489K->102898K(253440K), 0.0147992 secs] [Times: user=0.02 sys=0.00, real=0.01 secs] 
2023-11-16T03:49:10.871+0000: 26.160: [GC (Allocation Failure) 2023-11-16T03:49:10.871+0000: 26.160: [DefNew: 75929K->28K(78656K), 0.0004390 secs] 170124K->94223K(253440K), 0.0005096 secs] [Times: user=0.00 sys=0.00, real=0.00 secs] 
2023-11-16T03:49:10.930+0000: 26.220: [GC (Allocation Failure) 2023-11-16T03:49:10.930+0000: 26.220: [DefNew: 69980K->8704K(78656K), 0.0147168 secs] 164175K->105583K(253440K), 0.0147923 secs] [Times: user=0.02 sys=0.00, real=0.02 secs] 
2023-11-16T03:49:11.009+0000: 26.298: [GC (Allocation Failure) 2023-11-16T03:49:11.009+0000: 26.298: [DefNew: 75929K->28K(78656K), 0.0004449 secs] 172808K->96908K(253440K), 0.0005061 secs] [Times: user=0.00 sys=0.00, real=0.00 secs] 
2023-11-16T03:49:11.067+0000: 26.357: [GC (Allocation Failure) 2023-11-16T03:49:11.067+0000: 26.357: [DefNew: 69980K->8704K(78656K), 0.0146603 secs] 166860K->108270K(253440K), 0.0147364 secs] [Times: user=0.01 sys=0.00, real=0.01 secs] 
2023-11-16T03:49:11.142+0000: 26.431: [GC (Allocation Failure) 2023-11-16T03:49:11.142+0000: 26.431: [DefNew: 75929K->28K(78656K), 0.0004513 secs] 175495K->99595K(253440K), 0.0005106 secs] [Times: user=0.00 sys=0.00, real=0.00 secs] 
2023-11-16T03:49:11.205+0000: 26.494: [GC (Allocation Failure) 2023-11-16T03:49:11.205+0000: 26.494: [DefNew: 69980K->8704K(78656K), 0.0148155 secs] 169547K->110952K(253440K), 0.0148956 secs] [Times: user=0.01 sys=0.00, real=0.01 secs] 
2023-11-16T03:49:11.280+0000: 26.569: [GC (Allocation Failure) 2023-11-16T03:49:11.280+0000: 26.569: [DefNew: 75929K->28K(78656K), 0.0005163 secs] 178178K->102284K(253440K), 0.0005791 secs] [Times: user=0.00 sys=0.00, real=0.00 secs] 
2023-11-16T03:49:11.338+0000: 26.627: [GC (Allocation Failure) 2023-11-16T03:49:11.338+0000: 26.628: [DefNew: 69980K->8704K(78656K), 0.0147123 secs] 172236K->113646K(253440K), 0.0147858 secs] [Times: user=0.01 sys=0.00, real=0.01 secs] 
2023-11-16T03:49:11.413+0000: 26.702: [GC (Allocation Failure) 2023-11-16T03:49:11.413+0000: 26.702: [DefNew: 75929K->28K(78656K), 0.0004438 secs] 180872K->104971K(253440K), 0.0005031 secs] [Times: user=0.00 sys=0.00, real=0.00 secs] 
2023-11-16T03:49:11.471+0000: 26.761: [GC (Allocation Failure) 2023-11-16T03:49:11.471+0000: 26.761: [DefNew: 69980K->8704K(78656K), 0.0147548 secs] 174923K->116330K(253440K), 0.0148271 secs] [Times: user=0.01 sys=0.00, real=0.02 secs] 
2023-11-16T03:49:11.546+0000: 26.835: [GC (Allocation Failure) 2023-11-16T03:49:11.546+0000: 26.835: [DefNew: 75929K->48K(78656K), 0.0004500 secs] 183556K->107675K(253440K), 0.0005095 secs] [Times: user=0.00 sys=0.00, real=0.00 secs] 
2023-11-16T03:49:11.604+0000: 26.894: [GC (Allocation Failure) 2023-11-16T03:49:11.604+0000: 26.894: [DefNew: 70000K->8704K(78656K), 0.0147038 secs] 177627K->119035K(253440K), 0.0147803 secs] [Times: user=0.02 sys=0.00, real=0.01 secs] 
2023-11-16T03:49:11.679+0000: 26.969: [GC (Allocation Failure) 2023-11-16T03:49:11.679+0000: 26.969: [DefNew: 75929K->28K(78656K), 0.0004652 secs] 186261K->110360K(253440K), 0.0005253 secs] [Times: user=0.00 sys=0.00, real=0.00 secs] 
2023-11-16T03:49:11.738+0000: 27.027: [GC (Allocation Failure) 2023-11-16T03:49:11.738+0000: 27.027: [DefNew: 69980K->8704K(78656K), 0.0146481 secs] 180312K->121721K(253440K), 0.0147222 secs] [Times: user=0.02 sys=0.00, real=0.01 secs] 
2023-11-16T03:49:11.812+0000: 27.101: [GC (Allocation Failure) 2023-11-16T03:49:11.812+0000: 27.101: [DefNew: 75929K->28K(78656K), 0.0004467 secs] 188947K->113046K(253440K), 0.0005057 secs] [Times: user=0.00 sys=0.00, real=0.00 secs] 
2023-11-16T03:49:11.870+0000: 27.160: [GC (Allocation Failure) 2023-11-16T03:49:11.871+0000: 27.160: [DefNew: 69980K->8704K(78656K), 0.0146921 secs] 182998K->124407K(253440K), 0.0147720 secs] [Times: user=0.01 sys=0.00, real=0.02 secs] 
2023-11-16T03:49:11.957+0000: 27.246: [GC (Allocation Failure) 2023-11-16T03:49:11.957+0000: 27.246: [DefNew: 75929K->28K(78656K), 0.0004426 secs] 191632K->115731K(253440K), 0.0005341 secs] [Times: user=0.00 sys=0.00, real=0.00 secs] 
2023-11-16T03:49:12.015+0000: 27.304: [GC (Allocation Failure) 2023-11-16T03:49:12.015+0000: 27.305: [DefNew: 69980K->8704K(78656K), 0.0146996 secs] 185683K->127093K(253440K), 0.0147758 secs] [Times: user=0.02 sys=0.00, real=0.02 secs] 
2023-11-16T03:49:12.090+0000: 27.379: [GC (Allocation Failure) 2023-11-16T03:49:12.090+0000: 27.379: [DefNew: 75929K->28K(78656K), 0.0004482 secs] 194319K->118418K(253440K), 0.0005097 secs] [Times: user=0.00 sys=0.00, real=0.00 secs] 
2023-11-16T03:49:12.148+0000: 27.438: [GC (Allocation Failure) 2023-11-16T03:49:12.148+0000: 27.438: [DefNew: 69980K->8704K(78656K), 0.0147777 secs] 188370K->129779K(253440K), 0.0148522 secs] [Times: user=0.01 sys=0.00, real=0.01 secs] 
2023-11-16T03:49:12.224+0000: 27.513: [GC (Allocation Failure) 2023-11-16T03:49:12.224+0000: 27.513: [DefNew: 75929K->37K(78656K), 0.0005190 secs] 197005K->121113K(253440K), 0.0005802 secs] [Times: user=0.00 sys=0.00, real=0.00 secs] 
2023-11-16T03:49:12.282+0000: 27.572: [GC (Allocation Failure) 2023-11-16T03:49:12.282+0000: 27.572: [DefNew: 69989K->8703K(78656K), 0.0147804 secs] 191065K->132473K(253440K), 0.0148572 secs] [Times: user=0.01 sys=0.00, real=0.02 secs] 
2023-11-16T03:49:12.357+0000: 27.646: [GC (Allocation Failure) 2023-11-16T03:49:12.357+0000: 27.647: [DefNew: 75929K->28K(78656K), 0.0005165 secs] 199699K->123805K(253440K), 0.0005764 secs] [Times: user=0.00 sys=0.00, real=0.00 secs] 
2023-11-16T03:49:12.416+0000: 27.705: [GC (Allocation Failure) 2023-11-16T03:49:12.416+0000: 27.705: [DefNew: 69980K->8704K(78656K), 0.0146801 secs] 193757K->135166K(253440K), 0.0147536 secs] [Times: user=0.01 sys=0.00, real=0.01 secs] 
2023-11-16T03:49:12.490+0000: 27.780: [GC (Allocation Failure) 2023-11-16T03:49:12.490+0000: 27.780: [DefNew: 75929K->28K(78656K), 0.0004459 secs] 202392K->126491K(253440K), 0.0005058 secs] [Times: user=0.00 sys=0.00, real=0.00 secs] 
2023-11-16T03:49:12.549+0000: 27.838: [GC (Allocation Failure) 2023-11-16T03:49:12.549+0000: 27.838: [DefNew: 69980K->8704K(78656K), 0.0146755 secs] 196443K->137852K(253440K), 0.0147488 secs] [Times: user=0.02 sys=0.00, real=0.01 secs] 
2023-11-16T03:49:12.623+0000: 27.913: [GC (Allocation Failure) 2023-11-16T03:49:12.623+0000: 27.913: [DefNew: 75929K->28K(78656K), 0.0004598 secs] 205078K->129177K(253440K), 0.0005203 secs] [Times: user=0.00 sys=0.00, real=0.01 secs] 
2023-11-16T03:49:12.682+0000: 27.971: [GC (Allocation Failure) 2023-11-16T03:49:12.682+0000: 27.971: [DefNew: 69980K->8704K(78656K), 0.0146221 secs] 199129K->140536K(253440K), 0.0146941 secs] [Times: user=0.02 sys=0.00, real=0.02 secs] 
2023-11-16T03:49:12.756+0000: 28.046: [GC (Allocation Failure) 2023-11-16T03:49:12.757+0000: 28.046: [DefNew: 75929K->28K(78656K), 0.0004561 secs] 207761K->131860K(253440K), 0.0005156 secs] [Times: user=0.00 sys=0.00, real=0.00 secs] 
2023-11-16T03:49:12.815+0000: 28.104: [GC (Allocation Failure) 2023-11-16T03:49:12.815+0000: 28.104: [DefNew: 69980K->8704K(78656K), 0.0147815 secs] 201812K->143221K(253440K), 0.0148559 secs] [Times: user=0.01 sys=0.00, real=0.02 secs] 
2023-11-16T03:49:12.890+0000: 28.179: [GC (Allocation Failure) 2023-11-16T03:49:12.890+0000: 28.179: [DefNew: 75929K->28K(78656K), 0.0004893 secs] 210447K->134546K(253440K), 0.0005604 secs] [Times: user=0.00 sys=0.00, real=0.00 secs] 
2023-11-16T03:49:12.948+0000: 28.237: [GC (Allocation Failure) 2023-11-16T03:49:12.948+0000: 28.237: [DefNew: 69980K->8704K(78656K), 0.0147211 secs] 204498K->145907K(253440K), 0.0147952 secs] [Times: user=0.02 sys=0.00, real=0.01 secs] 
2023-11-16T03:49:13.023+0000: 28.312: [GC (Allocation Failure) 2023-11-16T03:49:13.023+0000: 28.312: [DefNew: 75929K->28K(78656K), 0.0004872 secs] 213132K->137232K(253440K), 0.0005473 secs] [Times: user=0.00 sys=0.00, real=0.00 secs] 
2023-11-16T03:49:13.081+0000: 28.371: [GC (Allocation Failure) 2023-11-16T03:49:13.081+0000: 28.371: [DefNew: 69980K->8704K(78656K), 0.0147322 secs] 207184K->148592K(253440K), 0.0148068 secs] [Times: user=0.02 sys=0.00, real=0.02 secs] 
2023-11-16T03:49:13.156+0000: 28.445: [GC (Allocation Failure) 2023-11-16T03:49:13.156+0000: 28.445: [DefNew: 75929K->28K(78656K), 0.0004560 secs] 215818K->139917K(253440K), 0.0005156 secs] [Times: user=0.00 sys=0.00, real=0.00 secs] 
2023-11-16T03:49:13.215+0000: 28.504: [GC (Allocation Failure) 2023-11-16T03:49:13.215+0000: 28.504: [DefNew: 69980K->8704K(78656K), 0.0148122 secs] 209869K->151277K(253440K), 0.0148887 secs] [Times: user=0.01 sys=0.00, real=0.02 secs] 
2023-11-16T03:49:13.293+0000: 28.583: [GC (Allocation Failure) 2023-11-16T03:49:13.293+0000: 28.583: [DefNew: 75929K->28K(78656K), 0.0005296 secs] 218502K->142609K(253440K), 0.0005896 secs] [Times: user=0.00 sys=0.00, real=0.00 secs] 
2023-11-16T03:49:13.352+0000: 28.641: [GC (Allocation Failure) 2023-11-16T03:49:13.352+0000: 28.641: [DefNew: 69980K->8704K(78656K), 0.0148097 secs] 212561K->153970K(253440K), 0.0148849 secs] [Times: user=0.02 sys=0.00, real=0.02 secs] 
2023-11-16T03:49:13.427+0000: 28.716: [GC (Allocation Failure) 2023-11-16T03:49:13.427+0000: 28.716: [DefNew: 75929K->28K(78656K), 0.0004573 secs] 221195K->145295K(253440K), 0.0005174 secs] [Times: user=0.00 sys=0.00, real=0.00 secs] 
2023-11-16T03:49:13.485+0000: 28.774: [GC (Allocation Failure) 2023-11-16T03:49:13.485+0000: 28.774: [DefNew: 69980K->8704K(78656K), 0.0147065 secs] 215247K->156655K(253440K), 0.0147804 secs] [Times: user=0.01 sys=0.00, real=0.01 secs] 
2023-11-16T03:49:13.560+0000: 28.849: [GC (Allocation Failure) 2023-11-16T03:49:13.560+0000: 28.849: [DefNew: 75929K->28K(78656K), 0.0004719 secs] 223880K->147980K(253440K), 0.0005578 secs] [Times: user=0.00 sys=0.00, real=0.00 secs] 
2023-11-16T03:49:13.618+0000: 28.908: [GC (Allocation Failure) 2023-11-16T03:49:13.618+0000: 28.908: [DefNew: 69980K->8704K(78656K), 0.0146639 secs] 217932K->159341K(253440K), 0.0147367 secs] [Times: user=0.01 sys=0.00, real=0.01 secs] 
2023-11-16T03:49:13.693+0000: 28.982: [GC (Allocation Failure) 2023-11-16T03:49:13.693+0000: 28.982: [DefNew: 75929K->28K(78656K), 0.0004547 secs] 226566K->150665K(253440K), 0.0005153 secs] [Times: user=0.00 sys=0.00, real=0.00 secs] 
2023-11-16T03:49:13.751+0000: 29.041: [GC (Allocation Failure) 2023-11-16T03:49:13.751+0000: 29.041: [DefNew: 69980K->8704K(78656K), 0.0147008 secs] 220617K->162027K(253440K), 0.0147754 secs] [Times: user=0.02 sys=0.00, real=0.02 secs] 
2023-11-16T03:49:13.826+0000: 29.115: [GC (Allocation Failure) 2023-11-16T03:49:13.826+0000: 29.115: [DefNew: 75929K->28K(78656K), 0.0004616 secs] 229253K->153352K(253440K), 0.0005205 secs] [Times: user=0.00 sys=0.00, real=0.00 secs] 
2023-11-16T03:49:13.884+0000: 29.174: [GC (Allocation Failure) 2023-11-16T03:49:13.884+0000: 29.174: [DefNew: 69980K->8704K(78656K), 0.0146829 secs] 223304K->164711K(253440K), 0.0147586 secs] [Times: user=0.01 sys=0.00, real=0.01 secs] 
2023-11-16T03:49:13.959+0000: 29.248: [GC (Allocation Failure) 2023-11-16T03:49:13.959+0000: 29.248: [DefNew: 75929K->28K(78656K), 0.0004956 secs] 231937K->156036K(253440K), 0.0005561 secs] [Times: user=0.00 sys=0.00, real=0.00 secs] 
2023-11-16T03:49:14.018+0000: 29.307: [GC (Allocation Failure) 2023-11-16T03:49:14.018+0000: 29.307: [DefNew: 69980K->8704K(78656K), 0.0146690 secs] 225988K->167396K(253440K), 0.0147420 secs] [Times: user=0.01 sys=0.00, real=0.01 secs] 
2023-11-16T03:49:14.094+0000: 29.384: [GC (Allocation Failure) 2023-11-16T03:49:14.094+0000: 29.384: [DefNew: 75929K->28K(78656K), 0.0004705 secs] 234621K->158721K(253440K), 0.0005326 secs] [Times: user=0.00 sys=0.00, real=0.00 secs] 
2023-11-16T03:49:14.153+0000: 29.442: [GC (Allocation Failure) 2023-11-16T03:49:14.153+0000: 29.442: [DefNew: 69980K->8704K(78656K), 0.0146842 secs] 228673K->170081K(253440K), 0.0147582 secs] [Times: user=0.02 sys=0.00, real=0.02 secs] 
2023-11-16T03:49:14.228+0000: 29.517: [GC (Allocation Failure) 2023-11-16T03:49:14.228+0000: 29.517: [DefNew: 75929K->28K(78656K), 0.0004621 secs] 237307K->161406K(253440K), 0.0005199 secs] [Times: user=0.00 sys=0.00, real=0.00 secs] 
2023-11-16T03:49:14.287+0000: 29.577: [GC (Allocation Failure) 2023-11-16T03:49:14.287+0000: 29.577: [DefNew: 69980K->8703K(78656K), 0.0148525 secs] 231358K->172764K(253440K), 0.0149555 secs] [Times: user=0.01 sys=0.00, real=0.01 secs] 
2023-11-16T03:49:14.362+0000: 29.651: [GC (Allocation Failure) 2023-11-16T03:49:14.362+0000: 29.651: [DefNew: 75929K->28K(78656K), 0.0005469 secs] 239989K->164096K(253440K), 0.0006067 secs] [Times: user=0.00 sys=0.00, real=0.00 secs] 
2023-11-16T03:49:14.422+0000: 29.711: [GC (Allocation Failure) 2023-11-16T03:49:14.422+0000: 29.711: [DefNew: 69980K->8704K(78656K), 0.0146684 secs] 234048K->175457K(253440K), 0.0147432 secs] [Times: user=0.01 sys=0.00, real=0.02 secs] 
2023-11-16T03:49:14.497+0000: 29.786: [GC (Allocation Failure) 2023-11-16T03:49:14.497+0000: 29.786: [DefNew: 75929K->28K(78656K), 0.0004625 secs] 242683K->166782K(253440K), 0.0005232 secs] [Times: user=0.00 sys=0.00, real=0.00 secs] 
2023-11-16T03:49:14.555+0000: 29.844: [GC (Allocation Failure) 2023-11-16T03:49:14.555+0000: 29.844: [DefNew: 69980K->8704K(78656K), 0.0146536 secs] 236734K->178143K(253440K), 0.0147283 secs] [Times: user=0.02 sys=0.00, real=0.02 secs] 
2023-11-16T03:49:14.630+0000: 29.919: [GC (Allocation Failure) 2023-11-16T03:49:14.630+0000: 29.919: [DefNew: 75929K->28K(78656K), 0.0004647 secs] 245368K->169468K(253440K), 0.0005244 secs] [Times: user=0.00 sys=0.00, real=0.00 secs] 
2023-11-16T03:49:14.688+0000: 29.978: [GC (Allocation Failure) 2023-11-16T03:49:14.688+0000: 29.978: [DefNew: 69980K->8704K(78656K), 0.0151815 secs] 239420K->180831K(253440K), 0.0152574 secs] [Times: user=0.01 sys=0.00, real=0.02 secs] 
2023-11-16T03:49:14.765+0000: 30.054: [GC (Allocation Failure) 2023-11-16T03:49:14.765+0000: 30.054: [DefNew: 75929K->75929K(78656K), 0.0000186 secs]2023-11-16T03:49:14.765+0000: 30.054: [Tenured: 172127K->11281K(174784K), 0.0911556 secs] 248056K->11281K(253440K), [Metaspace: 5981K->5981K(1056768K)], 0.0912733 secs] [Times: user=0.09 sys=0.00, real=0.09 secs] 
2023-11-16T03:49:14.914+0000: 30.203: [GC (Allocation Failure) 2023-11-16T03:49:14.914+0000: 30.203: [DefNew: 69952K->8704K(78656K), 0.0146557 secs] 81233K->22642K(253440K), 0.0147299 secs] [Times: user=0.02 sys=0.00, real=0.02 secs] 
2023-11-16T03:49:14.989+0000: 30.278: [GC (Allocation Failure) 2023-11-16T03:49:14.989+0000: 30.278: [DefNew: 75929K->28K(78656K), 0.0004126 secs] 89868K->13967K(253440K), 0.0004710 secs] [Times: user=0.00 sys=0.00, real=0.00 secs] 
2023-11-16T03:49:15.047+0000: 30.336: [GC (Allocation Failure) 2023-11-16T03:49:15.047+0000: 30.336: [DefNew: 69980K->8704K(78656K), 0.0138230 secs] 83919K->24873K(253440K), 0.0138969 secs] [Times: user=0.02 sys=0.00, real=0.01 secs] 
2023-11-16T03:49:15.121+0000: 30.410: [GC (Allocation Failure) 2023-11-16T03:49:15.121+0000: 30.410: [DefNew: 77317K->28K(78656K), 0.0004146 secs] 93486K->16198K(253440K), 0.0004741 secs] [Times: user=0.00 sys=0.00, real=0.00 secs] 
2023-11-16T03:49:15.179+0000: 30.468: [GC (Allocation Failure) 2023-11-16T03:49:15.179+0000: 30.469: [DefNew: 69980K->8704K(78656K), 0.0146466 secs] 86150K->27556K(253440K), 0.0147139 secs] [Times: user=0.01 sys=0.00, real=0.01 secs] 
2023-11-16T03:49:15.254+0000: 30.543: [GC (Allocation Failure) 2023-11-16T03:49:15.254+0000: 30.543: [DefNew: 75935K->28K(78656K), 0.0004200 secs] 94787K->18881K(253440K), 0.0004786 secs] [Times: user=0.00 sys=0.00, real=0.00 secs] 
2023-11-16T03:49:15.313+0000: 30.602: [GC (Allocation Failure) 2023-11-16T03:49:15.313+0000: 30.602: [DefNew: 69980K->8704K(78656K), 0.0145499 secs] 88833K->30243K(253440K), 0.0146264 secs] [Times: user=0.01 sys=0.00, real=0.02 secs] 
2023-11-16T03:49:15.388+0000: 30.677: [GC (Allocation Failure) 2023-11-16T03:49:15.388+0000: 30.677: [DefNew: 75931K->37K(78656K), 0.0004819 secs] 97471K->21578K(253440K), 0.0005422 secs] [Times: user=0.00 sys=0.00, real=0.00 secs] 
2023-11-16T03:49:15.447+0000: 30.737: [GC (Allocation Failure) 2023-11-16T03:49:15.447+0000: 30.737: [DefNew: 69989K->8704K(78656K), 0.0147619 secs] 91530K->32939K(253440K), 0.0148381 secs] [Times: user=0.01 sys=0.00, real=0.01 secs] 
2023-11-16T03:49:15.522+0000: 30.811: [GC (Allocation Failure) 2023-11-16T03:49:15.522+0000: 30.811: [DefNew: 75930K->28K(78656K), 0.0004955 secs] 100165K->24271K(253440K), 0.0005842 secs] [Times: user=0.01 sys=0.00, real=0.00 secs] 
2023-11-16T03:49:15.581+0000: 30.870: [GC (Allocation Failure) 2023-11-16T03:49:15.581+0000: 30.870: [DefNew: 69980K->8704K(78656K), 0.0145879 secs] 94223K->35630K(253440K), 0.0146636 secs] [Times: user=0.02 sys=0.00, real=0.01 secs] 
2023-11-16T03:49:15.655+0000: 30.944: [GC (Allocation Failure) 2023-11-16T03:49:15.655+0000: 30.944: [DefNew: 75930K->28K(78656K), 0.0004486 secs] 102856K->26955K(253440K), 0.0005213 secs] [Times: user=0.00 sys=0.00, real=0.01 secs] 
2023-11-16T03:49:15.714+0000: 31.003: [GC (Allocation Failure) 2023-11-16T03:49:15.714+0000: 31.003: [DefNew: 69980K->8704K(78656K), 0.0145832 secs] 96907K->38317K(253440K), 0.0146572 secs] [Times: user=0.01 sys=0.00, real=0.02 secs] 
2023-11-16T03:49:15.788+0000: 31.077: [GC (Allocation Failure) 2023-11-16T03:49:15.788+0000: 31.077: [DefNew: 75929K->28K(78656K), 0.0004210 secs] 105542K->29642K(253440K), 0.0004812 secs] [Times: user=0.00 sys=0.00, real=0.00 secs] 
2023-11-16T03:49:15.846+0000: 31.136: [GC (Allocation Failure) 2023-11-16T03:49:15.846+0000: 31.136: [DefNew: 69980K->8704K(78656K), 0.0146747 secs] 99594K->41004K(253440K), 0.0147479 secs] [Times: user=0.01 sys=0.00, real=0.01 secs] 
2023-11-16T03:49:15.921+0000: 31.210: [GC (Allocation Failure) 2023-11-16T03:49:15.921+0000: 31.210: [DefNew: 75929K->28K(78656K), 0.0004225 secs] 108229K->32328K(253440K), 0.0004829 secs] [Times: user=0.00 sys=0.00, real=0.00 secs] 
2023-11-16T03:49:15.980+0000: 31.269: [GC (Allocation Failure) 2023-11-16T03:49:15.980+0000: 31.269: [DefNew: 69980K->8704K(78656K), 0.0146080 secs] 102280K->43690K(253440K), 0.0146822 secs] [Times: user=0.02 sys=0.00, real=0.01 secs] 
2023-11-16T03:49:16.054+0000: 31.343: [GC (Allocation Failure) 2023-11-16T03:49:16.054+0000: 31.343: [DefNew: 75929K->28K(78656K), 0.0004248 secs] 110916K->35015K(253440K), 0.0004844 secs] [Times: user=0.00 sys=0.00, real=0.00 secs] 
2023-11-16T03:49:16.112+0000: 31.402: [GC (Allocation Failure) 2023-11-16T03:49:16.113+0000: 31.402: [DefNew: 69980K->8704K(78656K), 0.0145626 secs] 104967K->46374K(253440K), 0.0146373 secs] [Times: user=0.01 sys=0.00, real=0.02 secs] 
2023-11-16T03:49:16.195+0000: 31.484: [GC (Allocation Failure) 2023-11-16T03:49:16.195+0000: 31.484: [DefNew: 75929K->28K(78656K), 0.0004219 secs] 113600K->37699K(253440K), 0.0004822 secs] [Times: user=0.00 sys=0.00, real=0.00 secs] 
2023-11-16T03:49:16.253+0000: 31.543: [GC (Allocation Failure) 2023-11-16T03:49:16.253+0000: 31.543: [DefNew: 69980K->8704K(78656K), 0.0147751 secs] 107651K->49059K(253440K), 0.0148491 secs] [Times: user=0.01 sys=0.00, real=0.02 secs] 
2023-11-16T03:49:16.328+0000: 31.617: [GC (Allocation Failure) 2023-11-16T03:49:16.328+0000: 31.617: [DefNew: 75929K->48K(78656K), 0.0004348 secs] 116285K->40404K(253440K), 0.0004954 secs] [Times: user=0.00 sys=0.00, real=0.00 secs] 
2023-11-16T03:49:16.388+0000: 31.677: [GC (Allocation Failure) 2023-11-16T03:49:16.388+0000: 31.677: [DefNew: 70000K->8704K(78656K), 0.0146456 secs] 110356K->51766K(253440K), 0.0147236 secs] [Times: user=0.02 sys=0.00, real=0.01 secs] 
2023-11-16T03:49:16.463+0000: 31.752: [GC (Allocation Failure) 2023-11-16T03:49:16.463+0000: 31.752: [DefNew: 75929K->37K(78656K), 0.0004934 secs] 118992K->43100K(253440K), 0.0005526 secs] [Times: user=0.00 sys=0.00, real=0.00 secs] 
2023-11-16T03:49:16.522+0000: 31.811: [GC (Allocation Failure) 2023-11-16T03:49:16.522+0000: 31.811: [DefNew: 69989K->8703K(78656K), 0.0147151 secs] 113052K->54461K(253440K), 0.0147932 secs] [Times: user=0.02 sys=0.00, real=0.02 secs] 
2023-11-16T03:49:16.596+0000: 31.886: [GC (Allocation Failure) 2023-11-16T03:49:16.596+0000: 31.886: [DefNew: 75929K->28K(78656K), 0.0004991 secs] 121687K->45794K(253440K), 0.0005590 secs] [Times: user=0.01 sys=0.00, real=0.00 secs] 
2023-11-16T03:49:16.655+0000: 31.944: [GC (Allocation Failure) 2023-11-16T03:49:16.655+0000: 31.944: [DefNew: 69980K->8704K(78656K), 0.0146342 secs] 115746K->57155K(253440K), 0.0147393 secs] [Times: user=0.02 sys=0.00, real=0.02 secs] 
2023-11-16T03:49:16.730+0000: 32.019: [GC (Allocation Failure) 2023-11-16T03:49:16.730+0000: 32.019: [DefNew: 75929K->28K(78656K), 0.0004274 secs] 124381K->48480K(253440K), 0.0004870 secs] [Times: user=0.00 sys=0.00, real=0.00 secs] 
2023-11-16T03:49:16.788+0000: 32.077: [GC (Allocation Failure) 2023-11-16T03:49:16.788+0000: 32.077: [DefNew: 69980K->8704K(78656K), 0.0145961 secs] 118432K->59840K(253440K), 0.0146702 secs] [Times: user=0.01 sys=0.00, real=0.01 secs] 
2023-11-16T03:49:16.862+0000: 32.152: [GC (Allocation Failure) 2023-11-16T03:49:16.863+0000: 32.152: [DefNew: 75929K->28K(78656K), 0.0004240 secs] 127066K->51165K(253440K), 0.0004832 secs] [Times: user=0.00 sys=0.00, real=0.00 secs] 
2023-11-16T03:49:16.921+0000: 32.210: [GC (Allocation Failure) 2023-11-16T03:49:16.921+0000: 32.210: [DefNew: 69980K->8704K(78656K), 0.0145749 secs] 121117K->62526K(253440K), 0.0146495 secs] [Times: user=0.01 sys=0.00, real=0.01 secs] 
2023-11-16T03:49:16.995+0000: 32.285: [GC (Allocation Failure) 2023-11-16T03:49:16.995+0000: 32.285: [DefNew: 75929K->28K(78656K), 0.0004374 secs] 129752K->53851K(253440K), 0.0004980 secs] [Times: user=0.00 sys=0.00, real=0.01 secs] 
2023-11-16T03:49:17.054+0000: 32.343: [GC (Allocation Failure) 2023-11-16T03:49:17.054+0000: 32.343: [DefNew: 69980K->8704K(78656K), 0.0146147 secs] 123803K->65212K(253440K), 0.0146871 secs] [Times: user=0.01 sys=0.00, real=0.02 secs] 
2023-11-16T03:49:17.128+0000: 32.418: [GC (Allocation Failure) 2023-11-16T03:49:17.128+0000: 32.418: [DefNew: 75929K->28K(78656K), 0.0004299 secs] 132438K->56537K(253440K), 0.0005007 secs] [Times: user=0.00 sys=0.00, real=0.00 secs] 
2023-11-16T03:49:17.187+0000: 32.476: [GC (Allocation Failure) 2023-11-16T03:49:17.187+0000: 32.476: [DefNew: 69980K->8704K(78656K), 0.0146713 secs] 126489K->67897K(253440K), 0.0147453 secs] [Times: user=0.02 sys=0.00, real=0.01 secs] 
2023-11-16T03:49:17.262+0000: 32.551: [GC (Allocation Failure) 2023-11-16T03:49:17.262+0000: 32.551: [DefNew: 75929K->48K(78656K), 0.0004374 secs] 135122K->59242K(253440K), 0.0004938 secs] [Times: user=0.00 sys=0.00, real=0.00 secs] 
2023-11-16T03:49:17.321+0000: 32.610: [GC (Allocation Failure) 2023-11-16T03:49:17.321+0000: 32.610: [DefNew: 70000K->8704K(78656K), 0.0145833 secs] 129194K->70601K(253440K), 0.0146574 secs] [Times: user=0.01 sys=0.00, real=0.02 secs] 
2023-11-16T03:49:17.408+0000: 32.698: [GC (Allocation Failure) 2023-11-16T03:49:17.408+0000: 32.698: [DefNew: 75929K->28K(78656K), 0.0004404 secs] 137827K->61926K(253440K), 0.0005023 secs] [Times: user=0.00 sys=0.00, real=0.00 secs] 
2023-11-16T03:49:17.467+0000: 32.756: [GC (Allocation Failure) 2023-11-16T03:49:17.467+0000: 32.756: [DefNew: 69980K->8704K(78656K), 0.0146868 secs] 131878K->73286K(253440K), 0.0147639 secs] [Times: user=0.02 sys=0.00, real=0.01 secs] 
2023-11-16T03:49:17.542+0000: 32.831: [GC (Allocation Failure) 2023-11-16T03:49:17.542+0000: 32.831: [DefNew: 75929K->28K(78656K), 0.0004330 secs] 140512K->64611K(253440K), 0.0004924 secs] [Times: user=0.00 sys=0.00, real=0.00 secs] 
2023-11-16T03:49:17.601+0000: 32.890: [GC (Allocation Failure) 2023-11-16T03:49:17.601+0000: 32.890: [DefNew: 69980K->8703K(78656K), 0.0146747 secs] 134563K->75970K(253440K), 0.0147525 secs] [Times: user=0.02 sys=0.00, real=0.01 secs] 
2023-11-16T03:49:17.675+0000: 32.965: [GC (Allocation Failure) 2023-11-16T03:49:17.675+0000: 32.965: [DefNew: 75929K->48K(78656K), 0.0005325 secs] 143196K->67323K(253440K), 0.0005927 secs] [Times: user=0.00 sys=0.00, real=0.01 secs] 
2023-11-16T03:49:17.734+0000: 33.023: [GC (Allocation Failure) 2023-11-16T03:49:17.734+0000: 33.023: [DefNew: 70000K->8704K(78656K), 0.0146030 secs] 137275K->78683K(253440K), 0.0146772 secs] [Times: user=0.02 sys=0.00, real=0.02 secs] 
2023-11-16T03:49:17.808+0000: 33.098: [GC (Allocation Failure) 2023-11-16T03:49:17.808+0000: 33.098: [DefNew: 75929K->28K(78656K), 0.0004387 secs] 145909K->70008K(253440K), 0.0004969 secs] [Times: user=0.00 sys=0.00, real=0.00 secs] 
2023-11-16T03:49:17.867+0000: 33.156: [GC (Allocation Failure) 2023-11-16T03:49:17.867+0000: 33.156: [DefNew: 69980K->8704K(78656K), 0.0146498 secs] 139960K->81369K(253440K), 0.0147360 secs] [Times: user=0.02 sys=0.00, real=0.01 secs] 
2023-11-16T03:49:17.942+0000: 33.231: [GC (Allocation Failure) 2023-11-16T03:49:17.942+0000: 33.231: [DefNew: 75929K->28K(78656K), 0.0004313 secs] 148594K->72694K(253440K), 0.0004907 secs] [Times: user=0.00 sys=0.00, real=0.00 secs] 
2023-11-16T03:49:18.001+0000: 33.290: [GC (Allocation Failure) 2023-11-16T03:49:18.001+0000: 33.290: [DefNew: 69980K->8704K(78656K), 0.0145759 secs] 142646K->84053K(253440K), 0.0146506 secs] [Times: user=0.01 sys=0.00, real=0.01 secs] 
2023-11-16T03:49:18.075+0000: 33.364: [GC (Allocation Failure) 2023-11-16T03:49:18.075+0000: 33.364: [DefNew: 75929K->28K(78656K), 0.0004398 secs] 151279K->75378K(253440K), 0.0005239 secs] [Times: user=0.00 sys=0.00, real=0.01 secs] 
2023-11-16T03:49:18.133+0000: 33.423: [GC (Allocation Failure) 2023-11-16T03:49:18.134+0000: 33.423: [DefNew: 69980K->8704K(78656K), 0.0145915 secs] 145330K->86737K(253440K), 0.0146676 secs] [Times: user=0.01 sys=0.00, real=0.02 secs] 
2023-11-16T03:49:18.208+0000: 33.497: [GC (Allocation Failure) 2023-11-16T03:49:18.208+0000: 33.497: [DefNew: 75929K->28K(78656K), 0.0004385 secs] 153963K->78062K(253440K), 0.0004969 secs] [Times: user=0.01 sys=0.00, real=0.00 secs] 
2023-11-16T03:49:18.267+0000: 33.556: [GC (Allocation Failure) 2023-11-16T03:49:18.267+0000: 33.556: [DefNew: 69980K->8704K(78656K), 0.0147441 secs] 148014K->89423K(253440K), 0.0148149 secs] [Times: user=0.02 sys=0.00, real=0.01 secs] 
2023-11-16T03:49:18.341+0000: 33.631: [GC (Allocation Failure) 2023-11-16T03:49:18.341+0000: 33.631: [DefNew: 75929K->28K(78656K), 0.0004340 secs] 156649K->80748K(253440K), 0.0004939 secs] [Times: user=0.00 sys=0.00, real=0.00 secs] 
2023-11-16T03:49:18.400+0000: 33.689: [GC (Allocation Failure) 2023-11-16T03:49:18.400+0000: 33.689: [DefNew: 69980K->8704K(78656K), 0.0146565 secs] 150700K->92108K(253440K), 0.0147323 secs] [Times: user=0.01 sys=0.00, real=0.01 secs] 
2023-11-16T03:49:18.475+0000: 33.764: [GC (Allocation Failure) 2023-11-16T03:49:18.475+0000: 33.764: [DefNew: 75929K->28K(78656K), 0.0004376 secs] 159333K->83433K(253440K), 0.0004963 secs] [Times: user=0.00 sys=0.00, real=0.00 secs] 
2023-11-16T03:49:18.533+0000: 33.822: [GC (Allocation Failure) 2023-11-16T03:49:18.533+0000: 33.822: [DefNew: 69980K->8704K(78656K), 0.0145468 secs] 153385K->94793K(253440K), 0.0146563 secs] [Times: user=0.01 sys=0.01, real=0.02 secs] 
2023-11-16T03:49:18.607+0000: 33.897: [GC (Allocation Failure) 2023-11-16T03:49:18.607+0000: 33.897: [DefNew: 75929K->28K(78656K), 0.0004479 secs] 162019K->86118K(253440K), 0.0005071 secs] [Times: user=0.00 sys=0.00, real=0.00 secs] 
2023-11-16T03:49:18.666+0000: 33.955: [GC (Allocation Failure) 2023-11-16T03:49:18.666+0000: 33.955: [DefNew: 69980K->8704K(78656K), 0.0146220 secs] 156070K->97479K(253440K), 0.0146965 secs] [Times: user=0.01 sys=0.00, real=0.01 secs] 
2023-11-16T03:49:18.741+0000: 34.030: [GC (Allocation Failure) 2023-11-16T03:49:18.741+0000: 34.030: [DefNew: 75929K->58K(78656K), 0.0005287 secs] 164705K->88834K(253440K), 0.0005918 secs] [Times: user=0.00 sys=0.00, real=0.00 secs] 
2023-11-16T03:49:18.800+0000: 34.089: [GC (Allocation Failure) 2023-11-16T03:49:18.800+0000: 34.089: [DefNew: 70010K->8704K(78656K), 0.0148970 secs] 158786K->100194K(253440K), 0.0149952 secs] [Times: user=0.02 sys=0.00, real=0.01 secs] 
2023-11-16T03:49:18.874+0000: 34.164: [GC (Allocation Failure) 2023-11-16T03:49:18.874+0000: 34.164: [DefNew: 75929K->28K(78656K), 0.0005200 secs] 167419K->91527K(253440K), 0.0005788 secs] [Times: user=0.00 sys=0.00, real=0.00 secs] 
2023-11-16T03:49:18.933+0000: 34.222: [GC (Allocation Failure) 2023-11-16T03:49:18.933+0000: 34.222: [DefNew: 69980K->8704K(78656K), 0.0146079 secs] 161479K->102888K(253440K), 0.0146834 secs] [Times: user=0.01 sys=0.00, real=0.02 secs] 
2023-11-16T03:49:19.007+0000: 34.297: [GC (Allocation Failure) 2023-11-16T03:49:19.007+0000: 34.297: [DefNew: 75929K->28K(78656K), 0.0004803 secs] 170113K->94213K(253440K), 0.0005402 secs] [Times: user=0.00 sys=0.00, real=0.00 secs] 
2023-11-16T03:49:19.069+0000: 34.359: [GC (Allocation Failure) 2023-11-16T03:49:19.069+0000: 34.359: [DefNew: 69980K->8704K(78656K), 0.0146704 secs] 164165K->105574K(253440K), 0.0147441 secs] [Times: user=0.02 sys=0.00, real=0.02 secs] 
2023-11-16T03:49:19.144+0000: 34.433: [GC (Allocation Failure) 2023-11-16T03:49:19.144+0000: 34.433: [DefNew: 75929K->28K(78656K), 0.0004687 secs] 172799K->96899K(253440K), 0.0005277 secs] [Times: user=0.00 sys=0.00, real=0.00 secs] 
2023-11-16T03:49:19.202+0000: 34.491: [GC (Allocation Failure) 2023-11-16T03:49:19.202+0000: 34.491: [DefNew: 69980K->8704K(78656K), 0.0146552 secs] 166851K->108259K(253440K), 0.0147283 secs] [Times: user=0.02 sys=0.00, real=0.02 secs] 
2023-11-16T03:49:19.277+0000: 34.567: [GC (Allocation Failure) 2023-11-16T03:49:19.277+0000: 34.567: [DefNew: 75929K->28K(78656K), 0.0004413 secs] 175485K->99584K(253440K), 0.0005012 secs] [Times: user=0.00 sys=0.00, real=0.00 secs] 
2023-11-16T03:49:19.336+0000: 34.625: [GC (Allocation Failure) 2023-11-16T03:49:19.336+0000: 34.625: [DefNew: 69980K->8704K(78656K), 0.0147624 secs] 169536K->110945K(253440K), 0.0148365 secs] [Times: user=0.01 sys=0.00, real=0.01 secs] 
2023-11-16T03:49:19.410+0000: 34.700: [GC (Allocation Failure) 2023-11-16T03:49:19.410+0000: 34.700: [DefNew: 75929K->28K(78656K), 0.0004437 secs] 178171K->102270K(253440K), 0.0005027 secs] [Times: user=0.00 sys=0.00, real=0.00 secs] 
2023-11-16T03:49:19.472+0000: 34.761: [GC (Allocation Failure) 2023-11-16T03:49:19.472+0000: 34.761: [DefNew: 69980K->8704K(78656K), 0.0146612 secs] 172222K->113631K(253440K), 0.0147340 secs] [Times: user=0.02 sys=0.00, real=0.02 secs] 
2023-11-16T03:49:19.546+0000: 34.836: [GC (Allocation Failure) 2023-11-16T03:49:19.546+0000: 34.836: [DefNew: 75929K->28K(78656K), 0.0004474 secs] 180857K->104956K(253440K), 0.0005073 secs] [Times: user=0.00 sys=0.00, real=0.00 secs] 
2023-11-16T03:49:19.605+0000: 34.894: [GC (Allocation Failure) 2023-11-16T03:49:19.605+0000: 34.894: [DefNew: 69980K->8704K(78656K), 0.0146907 secs] 174908K->116316K(253440K), 0.0147640 secs] [Times: user=0.01 sys=0.00, real=0.01 secs] 
2023-11-16T03:49:19.679+0000: 34.969: [GC (Allocation Failure) 2023-11-16T03:49:19.680+0000: 34.969: [DefNew: 75929K->28K(78656K), 0.0004787 secs] 183542K->107641K(253440K), 0.0005389 secs] [Times: user=0.00 sys=0.00, real=0.00 secs] 
2023-11-16T03:49:19.745+0000: 35.034: [GC (Allocation Failure) 2023-11-16T03:49:19.745+0000: 35.034: [DefNew: 69980K->8704K(78656K), 0.0146548 secs] 177593K->119000K(253440K), 0.0147310 secs] [Times: user=0.01 sys=0.00, real=0.01 secs] 
2023-11-16T03:49:19.819+0000: 35.108: [GC (Allocation Failure) 2023-11-16T03:49:19.819+0000: 35.108: [DefNew: 75929K->28K(78656K), 0.0004483 secs] 186226K->110325K(253440K), 0.0005181 secs] [Times: user=0.00 sys=0.00, real=0.00 secs] 
2023-11-16T03:49:19.889+0000: 35.179: [GC (Allocation Failure) 2023-11-16T03:49:19.889+0000: 35.179: [DefNew: 69980K->8704K(78656K), 0.0147566 secs] 180277K->121684K(253440K), 0.0148339 secs] [Times: user=0.01 sys=0.00, real=0.02 secs] 
2023-11-16T03:49:19.965+0000: 35.254: [GC (Allocation Failure) 2023-11-16T03:49:19.965+0000: 35.255: [DefNew: 75929K->28K(78656K), 0.0005393 secs] 188910K->113017K(253440K), 0.0006003 secs] [Times: user=0.00 sys=0.00, real=0.00 secs] 
2023-11-16T03:49:20.025+0000: 35.314: [GC (Allocation Failure) 2023-11-16T03:49:20.025+0000: 35.314: [DefNew: 69980K->8704K(78656K), 0.0147742 secs] 182969K->124378K(253440K), 0.0148526 secs] [Times: user=0.02 sys=0.00, real=0.01 secs] 
2023-11-16T03:49:20.101+0000: 35.390: [GC (Allocation Failure) 2023-11-16T03:49:20.101+0000: 35.391: [DefNew: 75929K->28K(78656K), 0.0004430 secs] 191604K->115703K(253440K), 0.0005040 secs] [Times: user=0.00 sys=0.00, real=0.00 secs] 
2023-11-16T03:49:20.160+0000: 35.449: [GC (Allocation Failure) 2023-11-16T03:49:20.160+0000: 35.449: [DefNew: 69980K->8704K(78656K), 0.0148937 secs] 185655K->127065K(253440K), 0.0149895 secs] [Times: user=0.01 sys=0.01, real=0.01 secs] 
2023-11-16T03:49:20.235+0000: 35.524: [GC (Allocation Failure) 2023-11-16T03:49:20.235+0000: 35.524: [DefNew: 75929K->28K(78656K), 0.0004483 secs] 194291K->118390K(253440K), 0.0005087 secs] [Times: user=0.00 sys=0.00, real=0.00 secs] 
2023-11-16T03:49:20.293+0000: 35.583: [GC (Allocation Failure) 2023-11-16T03:49:20.293+0000: 35.583: [DefNew: 69980K->8704K(78656K), 0.0147460 secs] 188342K->129754K(253440K), 0.0148127 secs] [Times: user=0.01 sys=0.00, real=0.02 secs] 
2023-11-16T03:49:20.368+0000: 35.657: [GC (Allocation Failure) 2023-11-16T03:49:20.368+0000: 35.657: [DefNew: 75929K->28K(78656K), 0.0004485 secs] 196980K->121079K(253440K), 0.0005082 secs] [Times: user=0.00 sys=0.00, real=0.00 secs] 
2023-11-16T03:49:20.426+0000: 35.716: [GC (Allocation Failure) 2023-11-16T03:49:20.426+0000: 35.716: [DefNew: 69980K->8704K(78656K), 0.0147347 secs] 191031K->132439K(253440K), 0.0148096 secs] [Times: user=0.02 sys=0.00, real=0.01 secs] 
2023-11-16T03:49:20.501+0000: 35.790: [GC (Allocation Failure) 2023-11-16T03:49:20.501+0000: 35.791: [DefNew: 75929K->28K(78656K), 0.0004568 secs] 199664K->123764K(253440K), 0.0005165 secs] [Times: user=0.00 sys=0.00, real=0.00 secs] 
2023-11-16T03:49:20.564+0000: 35.853: [GC (Allocation Failure) 2023-11-16T03:49:20.564+0000: 35.853: [DefNew: 69980K->8704K(78656K), 0.0147184 secs] 193716K->135123K(253440K), 0.0147969 secs] [Times: user=0.01 sys=0.00, real=0.01 secs] 
2023-11-16T03:49:20.639+0000: 35.928: [GC (Allocation Failure) 2023-11-16T03:49:20.639+0000: 35.928: [DefNew: 75929K->28K(78656K), 0.0004539 secs] 202349K->126448K(253440K), 0.0005147 secs] [Times: user=0.00 sys=0.00, real=0.00 secs] 
2023-11-16T03:49:20.697+0000: 35.986: [GC (Allocation Failure) 2023-11-16T03:49:20.697+0000: 35.986: [DefNew: 69980K->8704K(78656K), 0.0147039 secs] 196400K->137808K(253440K), 0.0147793 secs] [Times: user=0.02 sys=0.00, real=0.01 secs] 
2023-11-16T03:49:20.772+0000: 36.061: [GC (Allocation Failure) 2023-11-16T03:49:20.772+0000: 36.061: [DefNew: 75929K->28K(78656K), 0.0004589 secs] 205034K->129133K(253440K), 0.0005185 secs] [Times: user=0.00 sys=0.00, real=0.00 secs] 
2023-11-16T03:49:20.830+0000: 36.119: [GC (Allocation Failure) 2023-11-16T03:49:20.830+0000: 36.119: [DefNew: 69980K->8704K(78656K), 0.0146745 secs] 199085K->140494K(253440K), 0.0147484 secs] [Times: user=0.02 sys=0.00, real=0.02 secs] 
2023-11-16T03:49:20.905+0000: 36.194: [GC (Allocation Failure) 2023-11-16T03:49:20.905+0000: 36.194: [DefNew: 75929K->28K(78656K), 0.0004558 secs] 207720K->131819K(253440K), 0.0005152 secs] [Times: user=0.00 sys=0.00, real=0.00 secs] 
2023-11-16T03:49:20.963+0000: 36.252: [GC (Allocation Failure) 2023-11-16T03:49:20.963+0000: 36.252: [DefNew: 69980K->8704K(78656K), 0.0149537 secs] 201771K->143178K(253440K), 0.0150295 secs] [Times: user=0.01 sys=0.00, real=0.02 secs] 
2023-11-16T03:49:21.039+0000: 36.328: [GC (Allocation Failure) 2023-11-16T03:49:21.039+0000: 36.328: [DefNew: 75929K->38K(78656K), 0.0005376 secs] 210404K->134513K(253440K), 0.0006001 secs] [Times: user=0.00 sys=0.00, real=0.00 secs] 
2023-11-16T03:49:21.097+0000: 36.386: [GC (Allocation Failure) 2023-11-16T03:49:21.097+0000: 36.386: [DefNew: 69990K->8703K(78656K), 0.0148065 secs] 204465K->145873K(253440K), 0.0148824 secs] [Times: user=0.02 sys=0.00, real=0.01 secs] 
2023-11-16T03:49:21.172+0000: 36.461: [GC (Allocation Failure) 2023-11-16T03:49:21.172+0000: 36.461: [DefNew: 75929K->28K(78656K), 0.0005321 secs] 213098K->137206K(253440K), 0.0005925 secs] [Times: user=0.00 sys=0.00, real=0.00 secs] 
2023-11-16T03:49:21.230+0000: 36.520: [GC (Allocation Failure) 2023-11-16T03:49:21.231+0000: 36.520: [DefNew: 69980K->8704K(78656K), 0.0148843 secs] 207158K->148566K(253440K), 0.0149717 secs] [Times: user=0.02 sys=0.00, real=0.02 secs] 
2023-11-16T03:49:21.306+0000: 36.595: [GC (Allocation Failure) 2023-11-16T03:49:21.306+0000: 36.595: [DefNew: 75929K->28K(78656K), 0.0004536 secs] 215792K->139891K(253440K), 0.0005167 secs] [Times: user=0.00 sys=0.00, real=0.00 secs] 
2023-11-16T03:49:21.364+0000: 36.653: [GC (Allocation Failure) 2023-11-16T03:49:21.364+0000: 36.653: [DefNew: 69980K->8704K(78656K), 0.0146699 secs] 209843K->151252K(253440K), 0.0147724 secs] [Times: user=0.01 sys=0.00, real=0.01 secs] 
2023-11-16T03:49:21.439+0000: 36.728: [GC (Allocation Failure) 2023-11-16T03:49:21.439+0000: 36.728: [DefNew: 75929K->28K(78656K), 0.0004552 secs] 218477K->142576K(253440K), 0.0005150 secs] [Times: user=0.00 sys=0.00, real=0.00 secs] 
2023-11-16T03:49:21.497+0000: 36.787: [GC (Allocation Failure) 2023-11-16T03:49:21.497+0000: 36.787: [DefNew: 69980K->8704K(78656K), 0.0146990 secs] 212528K->153937K(253440K), 0.0147738 secs] [Times: user=0.02 sys=0.00, real=0.01 secs] 
2023-11-16T03:49:21.572+0000: 36.861: [GC (Allocation Failure) 2023-11-16T03:49:21.572+0000: 36.861: [DefNew: 75929K->28K(78656K), 0.0004520 secs] 221163K->145262K(253440K), 0.0005122 secs] [Times: user=0.00 sys=0.00, real=0.00 secs] 
2023-11-16T03:49:21.630+0000: 36.920: [GC (Allocation Failure) 2023-11-16T03:49:21.630+0000: 36.920: [DefNew: 69980K->8704K(78656K), 0.0146402 secs] 215214K->156622K(253440K), 0.0147153 secs] [Times: user=0.02 sys=0.00, real=0.02 secs] 
2023-11-16T03:49:21.705+0000: 36.994: [GC (Allocation Failure) 2023-11-16T03:49:21.705+0000: 36.994: [DefNew: 75929K->28K(78656K), 0.0004606 secs] 223848K->147947K(253440K), 0.0005202 secs] [Times: user=0.00 sys=0.00, real=0.00 secs] 
2023-11-16T03:49:21.763+0000: 37.053: [GC (Allocation Failure) 2023-11-16T03:49:21.763+0000: 37.053: [DefNew: 69980K->8704K(78656K), 0.0147285 secs] 217899K->159307K(253440K), 0.0148034 secs] [Times: user=0.01 sys=0.00, real=0.02 secs] 
2023-11-16T03:49:21.838+0000: 37.127: [GC (Allocation Failure) 2023-11-16T03:49:21.838+0000: 37.127: [DefNew: 75929K->28K(78656K), 0.0004575 secs] 226533K->150632K(253440K), 0.0005171 secs] [Times: user=0.00 sys=0.00, real=0.00 secs] 
2023-11-16T03:49:21.897+0000: 37.186: [GC (Allocation Failure) 2023-11-16T03:49:21.897+0000: 37.186: [DefNew: 69980K->8704K(78656K), 0.0147152 secs] 220584K->161991K(253440K), 0.0147921 secs] [Times: user=0.01 sys=0.00, real=0.01 secs] 
2023-11-16T03:49:21.971+0000: 37.261: [GC (Allocation Failure) 2023-11-16T03:49:21.971+0000: 37.261: [DefNew: 75929K->48K(78656K), 0.0004776 secs] 229217K->153336K(253440K), 0.0005386 secs] [Times: user=0.00 sys=0.00, real=0.00 secs] 
2023-11-16T03:49:22.030+0000: 37.319: [GC (Allocation Failure) 2023-11-16T03:49:22.030+0000: 37.319: [DefNew: 70000K->8704K(78656K), 0.0147118 secs] 223288K->164697K(253440K), 0.0147881 secs] [Times: user=0.01 sys=0.00, real=0.02 secs] 
2023-11-16T03:49:22.105+0000: 37.394: [GC (Allocation Failure) 2023-11-16T03:49:22.105+0000: 37.394: [DefNew: 75929K->28K(78656K), 0.0004647 secs] 231922K->156022K(253440K), 0.0005242 secs] [Times: user=0.01 sys=0.00, real=0.00 secs] 
2023-11-16T03:49:22.163+0000: 37.452: [GC (Allocation Failure) 2023-11-16T03:49:22.163+0000: 37.452: [DefNew: 69980K->8704K(78656K), 0.0146746 secs] 225974K->167382K(253440K), 0.0147499 secs] [Times: user=0.02 sys=0.00, real=0.02 secs] 
2023-11-16T03:49:22.240+0000: 37.529: [GC (Allocation Failure) 2023-11-16T03:49:22.240+0000: 37.529: [DefNew: 75929K->59K(78656K), 0.0005644 secs] 234608K->158738K(253440K), 0.0006289 secs] [Times: user=0.00 sys=0.00, real=0.00 secs] 
2023-11-16T03:49:22.298+0000: 37.588: [GC (Allocation Failure) 2023-11-16T03:49:22.298+0000: 37.588: [DefNew: 70011K->8703K(78656K), 0.0149541 secs] 228690K->170098K(253440K), 0.0150303 secs] [Times: user=0.02 sys=0.00, real=0.01 secs] 
2023-11-16T03:49:22.379+0000: 37.669: [GC (Allocation Failure) 2023-11-16T03:49:22.379+0000: 37.669: [DefNew: 75929K->28K(78656K), 0.0005560 secs] 237323K->161431K(253440K), 0.0006176 secs] [Times: user=0.00 sys=0.00, real=0.00 secs] 
2023-11-16T03:49:22.438+0000: 37.727: [GC (Allocation Failure) 2023-11-16T03:49:22.438+0000: 37.727: [DefNew: 69980K->8704K(78656K), 0.0147066 secs] 231383K->172791K(253440K), 0.0147825 secs] [Times: user=0.02 sys=0.00, real=0.01 secs] 
2023-11-16T03:49:22.513+0000: 37.802: [GC (Allocation Failure) 2023-11-16T03:49:22.513+0000: 37.802: [DefNew: 75929K->28K(78656K), 0.0004921 secs] 240017K->164116K(253440K), 0.0005522 secs] [Times: user=0.00 sys=0.00, real=0.00 secs] 
2023-11-16T03:49:22.571+0000: 37.860: [GC (Allocation Failure) 2023-11-16T03:49:22.571+0000: 37.860: [DefNew: 69980K->8704K(78656K), 0.0146618 secs] 234068K->175477K(253440K), 0.0147362 secs] [Times: user=0.02 sys=0.00, real=0.02 secs] 
2023-11-16T03:49:22.646+0000: 37.935: [GC (Allocation Failure) 2023-11-16T03:49:22.646+0000: 37.935: [DefNew: 75929K->28K(78656K), 0.0004588 secs] 242703K->166802K(253440K), 0.0005196 secs] [Times: user=0.00 sys=0.00, real=0.00 secs] 
2023-11-16T03:49:22.704+0000: 37.993: [GC (Allocation Failure) 2023-11-16T03:49:22.704+0000: 37.993: [DefNew: 69980K->8704K(78656K), 0.0146967 secs] 236754K->178162K(253440K), 0.0147724 secs] [Times: user=0.01 sys=0.00, real=0.01 secs] 
2023-11-16T03:49:22.779+0000: 38.068: [GC (Allocation Failure) 2023-11-16T03:49:22.779+0000: 38.068: [DefNew: 75929K->28K(78656K), 0.0004637 secs] 245388K->169487K(253440K), 0.0005238 secs] [Times: user=0.00 sys=0.00, real=0.00 secs] 
2023-11-16T03:49:22.837+0000: 38.127: [GC (Allocation Failure) 2023-11-16T03:49:22.837+0000: 38.127: [DefNew: 69980K->8704K(78656K), 0.0147362 secs] 239439K->180847K(253440K), 0.0148110 secs] [Times: user=0.01 sys=0.00, real=0.01 secs] 
2023-11-16T03:49:22.912+0000: 38.201: [GC (Allocation Failure) 2023-11-16T03:49:22.912+0000: 38.201: [DefNew: 75929K->75929K(78656K), 0.0000178 secs]2023-11-16T03:49:22.912+0000: 38.201: [Tenured: 172143K->3010K(174784K), 0.0918736 secs] 248073K->3010K(253440K), [Metaspace: 5982K->5982K(1056768K)], 0.0919906 secs] [Times: user=0.10 sys=0.00, real=0.10 secs] 
2023-11-16T03:49:23.062+0000: 38.351: [GC (Allocation Failure) 2023-11-16T03:49:23.062+0000: 38.352: [DefNew: 69952K->8704K(78656K), 0.0145688 secs] 72962K->14371K(253440K), 0.0146418 secs] [Times: user=0.02 sys=0.00, real=0.02 secs] 
2023-11-16T03:49:23.137+0000: 38.426: [GC (Allocation Failure) 2023-11-16T03:49:23.137+0000: 38.426: [DefNew: 75929K->28K(78656K), 0.0004170 secs] 81597K->5696K(253440K), 0.0004757 secs] [Times: user=0.00 sys=0.00, real=0.00 secs] 
2023-11-16T03:49:23.195+0000: 38.484: [GC (Allocation Failure) 2023-11-16T03:49:23.195+0000: 38.484: [DefNew: 69980K->8704K(78656K), 0.0146268 secs] 75648K->17058K(253440K), 0.0146992 secs] [Times: user=0.01 sys=0.00, real=0.02 secs] 
2023-11-16T03:49:23.270+0000: 38.559: [GC (Allocation Failure) 2023-11-16T03:49:23.270+0000: 38.559: [DefNew: 75929K->28K(78656K), 0.0004277 secs] 84284K->8383K(253440K), 0.0004852 secs] [Times: user=0.00 sys=0.00, real=0.00 secs] 
2023-11-16T03:49:23.328+0000: 38.618: [GC (Allocation Failure) 2023-11-16T03:49:23.328+0000: 38.618: [DefNew: 69980K->8704K(78656K), 0.0145645 secs] 78335K->19742K(253440K), 0.0146384 secs] [Times: user=0.02 sys=0.00, real=0.01 secs] 
2023-11-16T03:49:23.405+0000: 38.694: [GC (Allocation Failure) 2023-11-16T03:49:23.405+0000: 38.694: [DefNew: 75929K->28K(78656K), 0.0004186 secs] 86968K->11067K(253440K), 0.0004798 secs] [Times: user=0.00 sys=0.00, real=0.00 secs] 
2023-11-16T03:49:23.463+0000: 38.752: [GC (Allocation Failure) 2023-11-16T03:49:23.463+0000: 38.752: [DefNew: 69980K->8704K(78656K), 0.0147723 secs] 81019K->22427K(253440K), 0.0148465 secs] [Times: user=0.01 sys=0.00, real=0.02 secs] 
2023-11-16T03:49:23.548+0000: 38.837: [GC (Allocation Failure) 2023-11-16T03:49:23.548+0000: 38.837: [DefNew: 75929K->39K(78656K), 0.0005004 secs] 89653K->13763K(253440K), 0.0005646 secs] [Times: user=0.00 sys=0.00, real=0.00 secs] 
2023-11-16T03:49:23.607+0000: 38.896: [GC (Allocation Failure) 2023-11-16T03:49:23.607+0000: 38.896: [DefNew: 69991K->8703K(78656K), 0.0146993 secs] 83715K->25126K(253440K), 0.0147740 secs] [Times: user=0.01 sys=0.00, real=0.01 secs] 
2023-11-16T03:49:23.681+0000: 38.971: [GC (Allocation Failure) 2023-11-16T03:49:23.681+0000: 38.971: [DefNew: 75929K->28K(78656K), 0.0004986 secs] 92352K->16460K(253440K), 0.0005581 secs] [Times: user=0.00 sys=0.00, real=0.00 secs] 
2023-11-16T03:49:23.740+0000: 39.029: [GC (Allocation Failure) 2023-11-16T03:49:23.740+0000: 39.029: [DefNew: 69980K->8704K(78656K), 0.0146831 secs] 86412K->27820K(253440K), 0.0147571 secs] [Times: user=0.01 sys=0.00, real=0.01 secs] 
2023-11-16T03:49:23.814+0000: 39.104: [GC (Allocation Failure) 2023-11-16T03:49:23.814+0000: 39.104: [DefNew: 75929K->28K(78656K), 0.0004169 secs] 95046K->19145K(253440K), 0.0004758 secs] [Times: user=0.00 sys=0.00, real=0.00 secs] 
2023-11-16T03:49:23.873+0000: 39.162: [GC (Allocation Failure) 2023-11-16T03:49:23.873+0000: 39.162: [DefNew: 69980K->8704K(78656K), 0.0145463 secs] 89097K->30506K(253440K), 0.0146205 secs] [Times: user=0.02 sys=0.00, real=0.02 secs] 
2023-11-16T03:49:23.947+0000: 39.236: [GC (Allocation Failure) 2023-11-16T03:49:23.947+0000: 39.237: [DefNew: 75929K->28K(78656K), 0.0004341 secs] 97732K->21831K(253440K), 0.0004944 secs] [Times: user=0.00 sys=0.00, real=0.00 secs] 
2023-11-16T03:49:24.011+0000: 39.300: [GC (Allocation Failure) 2023-11-16T03:49:24.011+0000: 39.300: [DefNew: 69980K->8704K(78656K), 0.0146364 secs] 91783K->33191K(253440K), 0.0147130 secs] [Times: user=0.01 sys=0.00, real=0.02 secs] 
2023-11-16T03:49:24.086+0000: 39.375: [GC (Allocation Failure) 2023-11-16T03:49:24.086+0000: 39.375: [DefNew: 75929K->28K(78656K), 0.0004241 secs] 100417K->24516K(253440K), 0.0004846 secs] [Times: user=0.00 sys=0.00, real=0.00 secs] 
2023-11-16T03:49:24.145+0000: 39.434: [GC (Allocation Failure) 2023-11-16T03:49:24.145+0000: 39.434: [DefNew: 69980K->8704K(78656K), 0.0145819 secs] 94468K->35877K(253440K), 0.0146572 secs] [Times: user=0.02 sys=0.00, real=0.01 secs] 
2023-11-16T03:49:24.219+0000: 39.509: [GC (Allocation Failure) 2023-11-16T03:49:24.220+0000: 39.509: [DefNew: 75929K->28K(78656K), 0.0004391 secs] 103103K->27202K(253440K), 0.0005007 secs] [Times: user=0.00 sys=0.00, real=0.00 secs] 
2023-11-16T03:49:24.278+0000: 39.567: [GC (Allocation Failure) 2023-11-16T03:49:24.278+0000: 39.567: [DefNew: 69980K->8704K(78656K), 0.0147145 secs] 97154K->38562K(253440K), 0.0147888 secs] [Times: user=0.01 sys=0.00, real=0.01 secs] 
2023-11-16T03:49:24.353+0000: 39.642: [GC (Allocation Failure) 2023-11-16T03:49:24.353+0000: 39.642: [DefNew: 75929K->28K(78656K), 0.0004284 secs] 105788K->29887K(253440K), 0.0004881 secs] [Times: user=0.00 sys=0.00, real=0.00 secs] 
2023-11-16T03:49:24.444+0000: 39.733: [GC (Allocation Failure) 2023-11-16T03:49:24.444+0000: 39.733: [DefNew: 69980K->8704K(78656K), 0.0147057 secs] 99839K->41248K(253440K), 0.0147874 secs] [Times: user=0.02 sys=0.00, real=0.01 secs] 
2023-11-16T03:49:24.570+0000: 39.859: [GC (Allocation Failure) 2023-11-16T03:49:24.570+0000: 39.859: [DefNew: 75929K->28K(78656K), 0.0004284 secs] 108474K->32573K(253440K), 0.0004898 secs] [Times: user=0.00 sys=0.00, real=0.00 secs] 
2023-11-16T03:49:24.692+0000: 39.981: [GC (Allocation Failure) 2023-11-16T03:49:24.692+0000: 39.981: [DefNew: 69980K->8704K(78656K), 0.0148330 secs] 102525K->43934K(253440K), 0.0149139 secs] [Times: user=0.02 sys=0.00, real=0.02 secs] 
2023-11-16T03:49:24.823+0000: 40.112: [GC (Allocation Failure) 2023-11-16T03:49:24.823+0000: 40.112: [DefNew: 75929K->28K(78656K), 0.0004271 secs] 111160K->35259K(253440K), 0.0004872 secs] [Times: user=0.00 sys=0.00, real=0.00 secs] 
2023-11-16T03:49:24.943+0000: 40.232: [GC (Allocation Failure) 2023-11-16T03:49:24.943+0000: 40.232: [DefNew: 69980K->8704K(78656K), 0.0147214 secs] 105211K->46618K(253440K), 0.0148045 secs] [Times: user=0.02 sys=0.00, real=0.02 secs] 
2023-11-16T03:49:25.025+0000: 40.314: [GC (Allocation Failure) 2023-11-16T03:49:25.025+0000: 40.314: [DefNew: 75929K->39K(78656K), 0.0005605 secs] 113844K->37954K(253440K), 0.0006246 secs] [Times: user=0.00 sys=0.00, real=0.00 secs] 
2023-11-16T03:49:25.083+0000: 40.372: [GC (Allocation Failure) 2023-11-16T03:49:25.083+0000: 40.372: [DefNew: 69991K->8703K(78656K), 0.0142074 secs] 107906K->49020K(253440K), 0.0142967 secs] [Times: user=0.02 sys=0.00, real=0.02 secs] 
2023-11-16T03:49:25.157+0000: 40.446: [GC (Allocation Failure) 2023-11-16T03:49:25.157+0000: 40.446: [DefNew: 75929K->28K(78656K), 0.0005167 secs] 116246K->40354K(253440K), 0.0005766 secs] [Times: user=0.00 sys=0.00, real=0.00 secs] 
2023-11-16T03:49:25.216+0000: 40.505: [GC (Allocation Failure) 2023-11-16T03:49:25.216+0000: 40.505: [DefNew: 69980K->8704K(78656K), 0.0147492 secs] 110306K->51712K(253440K), 0.0148227 secs] [Times: user=0.01 sys=0.01, real=0.02 secs] 
2023-11-16T03:49:25.291+0000: 40.580: [GC (Allocation Failure) 2023-11-16T03:49:25.291+0000: 40.580: [DefNew: 75929K->28K(78656K), 0.0004349 secs] 118938K->43037K(253440K), 0.0004939 secs] [Times: user=0.01 sys=0.00, real=0.00 secs] 
2023-11-16T03:49:25.349+0000: 40.638: [GC (Allocation Failure) 2023-11-16T03:49:25.349+0000: 40.638: [DefNew: 69980K->8704K(78656K), 0.0145746 secs] 112989K->54398K(253440K), 0.0146497 secs] [Times: user=0.02 sys=0.00, real=0.01 secs] 
2023-11-16T03:49:25.423+0000: 40.713: [GC (Allocation Failure) 2023-11-16T03:49:25.423+0000: 40.713: [DefNew: 75929K->28K(78656K), 0.0004655 secs] 121624K->45723K(253440K), 0.0005262 secs] [Times: user=0.00 sys=0.00, real=0.01 secs] 
2023-11-16T03:49:25.482+0000: 40.771: [GC (Allocation Failure) 2023-11-16T03:49:25.482+0000: 40.771: [DefNew: 69980K->8704K(78656K), 0.0146381 secs] 115675K->57084K(253440K), 0.0147120 secs] [Times: user=0.01 sys=0.00, real=0.02 secs] 
2023-11-16T03:49:25.556+0000: 40.846: [GC (Allocation Failure) 2023-11-16T03:49:25.556+0000: 40.846: [DefNew: 75929K->28K(78656K), 0.0004385 secs] 124310K->48409K(253440K), 0.0004978 secs] [Times: user=0.00 sys=0.00, real=0.00 secs] 
2023-11-16T03:49:25.615+0000: 40.904: [GC (Allocation Failure) 2023-11-16T03:49:25.615+0000: 40.904: [DefNew: 69980K->8704K(78656K), 0.0147176 secs] 118361K->59769K(253440K), 0.0147915 secs] [Times: user=0.01 sys=0.00, real=0.02 secs] 
2023-11-16T03:49:25.689+0000: 40.979: [GC (Allocation Failure) 2023-11-16T03:49:25.689+0000: 40.979: [DefNew: 75929K->28K(78656K), 0.0004643 secs] 126995K->51094K(253440K), 0.0005235 secs] [Times: user=0.00 sys=0.00, real=0.00 secs] 
2023-11-16T03:49:25.748+0000: 41.037: [GC (Allocation Failure) 2023-11-16T03:49:25.748+0000: 41.037: [DefNew: 69980K->8704K(78656K), 0.0146974 secs] 121046K->62454K(253440K), 0.0147770 secs] [Times: user=0.02 sys=0.00, real=0.01 secs] 
2023-11-16T03:49:25.822+0000: 41.111: [GC (Allocation Failure) 2023-11-16T03:49:25.822+0000: 41.112: [DefNew: 75929K->28K(78656K), 0.0004303 secs] 129680K->53779K(253440K), 0.0005004 secs] [Times: user=0.00 sys=0.00, real=0.00 secs] 
2023-11-16T03:49:25.880+0000: 41.170: [GC (Allocation Failure) 2023-11-16T03:49:25.880+0000: 41.170: [DefNew: 69980K->8704K(78656K), 0.0146303 secs] 123731K->65140K(253440K), 0.0147051 secs] [Times: user=0.02 sys=0.00, real=0.01 secs] 
2023-11-16T03:49:25.955+0000: 41.244: [GC (Allocation Failure) 2023-11-16T03:49:25.955+0000: 41.244: [DefNew: 75929K->28K(78656K), 0.0004386 secs] 132365K->56464K(253440K), 0.0004984 secs] [Times: user=0.00 sys=0.00, real=0.00 secs] 
2023-11-16T03:49:26.013+0000: 41.303: [GC (Allocation Failure) 2023-11-16T03:49:26.013+0000: 41.303: [DefNew: 69980K->8704K(78656K), 0.0147165 secs] 126416K->67825K(253440K), 0.0147897 secs] [Times: user=0.01 sys=0.00, real=0.02 secs] 
2023-11-16T03:49:26.088+0000: 41.377: [GC (Allocation Failure) 2023-11-16T03:49:26.088+0000: 41.377: [DefNew: 75929K->28K(78656K), 0.0004429 secs] 135051K->59150K(253440K), 0.0005012 secs] [Times: user=0.00 sys=0.00, real=0.00 secs] 
2023-11-16T03:49:26.146+0000: 41.435: [GC (Allocation Failure) 2023-11-16T03:49:26.146+0000: 41.435: [DefNew: 69980K->8704K(78656K), 0.0147283 secs] 129102K->70511K(253440K), 0.0148026 secs] [Times: user=0.02 sys=0.00, real=0.01 secs] 
2023-11-16T03:49:26.222+0000: 41.511: [GC (Allocation Failure) 2023-11-16T03:49:26.222+0000: 41.511: [DefNew: 75929K->39K(78656K), 0.0005279 secs] 137737K->61847K(253440K), 0.0005899 secs] [Times: user=0.00 sys=0.00, real=0.00 secs] 
2023-11-16T03:49:26.280+0000: 41.570: [GC (Allocation Failure) 2023-11-16T03:49:26.280+0000: 41.570: [DefNew: 69991K->8704K(78656K), 0.0147758 secs] 131799K->73206K(253440K), 0.0148547 secs] [Times: user=0.02 sys=0.00, real=0.01 secs] 
2023-11-16T03:49:26.355+0000: 41.644: [GC (Allocation Failure) 2023-11-16T03:49:26.355+0000: 41.644: [DefNew: 75929K->28K(78656K), 0.0005231 secs] 140432K->64540K(253440K), 0.0006125 secs] [Times: user=0.01 sys=0.00, real=0.00 secs] 
2023-11-16T03:49:26.413+0000: 41.702: [GC (Allocation Failure) 2023-11-16T03:49:26.413+0000: 41.703: [DefNew: 69980K->8704K(78656K), 0.0147515 secs] 134492K->75901K(253440K), 0.0148272 secs] [Times: user=0.02 sys=0.00, real=0.02 secs] 
2023-11-16T03:49:26.488+0000: 41.777: [GC (Allocation Failure) 2023-11-16T03:49:26.488+0000: 41.777: [DefNew: 75929K->28K(78656K), 0.0004409 secs] 143127K->67226K(253440K), 0.0005009 secs] [Times: user=0.00 sys=0.00, real=0.00 secs] 
2023-11-16T03:49:26.546+0000: 41.836: [GC (Allocation Failure) 2023-11-16T03:49:26.546+0000: 41.836: [DefNew: 69980K->8704K(78656K), 0.0146016 secs] 137178K->78588K(253440K), 0.0146759 secs] [Times: user=0.01 sys=0.00, real=0.01 secs] 
2023-11-16T03:49:26.621+0000: 41.910: [GC (Allocation Failure) 2023-11-16T03:49:26.621+0000: 41.910: [DefNew: 75929K->28K(78656K), 0.0004454 secs] 145813K->69913K(253440K), 0.0005040 secs] [Times: user=0.00 sys=0.00, real=0.00 secs] 
2023-11-16T03:49:26.679+0000: 41.968: [GC (Allocation Failure) 2023-11-16T03:49:26.679+0000: 41.968: [DefNew: 69980K->8704K(78656K), 0.0147737 secs] 139865K->81273K(253440K), 0.0148498 secs] [Times: user=0.01 sys=0.00, real=0.01 secs] 
2023-11-16T03:49:26.754+0000: 42.043: [GC (Allocation Failure) 2023-11-16T03:49:26.754+0000: 42.043: [DefNew: 75929K->28K(78656K), 0.0004453 secs] 148499K->72598K(253440K), 0.0005045 secs] [Times: user=0.00 sys=0.00, real=0.00 secs] 
2023-11-16T03:49:26.812+0000: 42.101: [GC (Allocation Failure) 2023-11-16T03:49:26.812+0000: 42.101: [DefNew: 69980K->8704K(78656K), 0.0146810 secs] 142550K->83959K(253440K), 0.0147543 secs] [Times: user=0.02 sys=0.00, real=0.02 secs] 
2023-11-16T03:49:26.886+0000: 42.176: [GC (Allocation Failure) 2023-11-16T03:49:26.886+0000: 42.176: [DefNew: 75929K->28K(78656K), 0.0004477 secs] 151185K->75284K(253440K), 0.0005247 secs] [Times: user=0.00 sys=0.00, real=0.00 secs] 
2023-11-16T03:49:26.945+0000: 42.234: [GC (Allocation Failure) 2023-11-16T03:49:26.945+0000: 42.234: [DefNew: 69980K->8704K(78656K), 0.0146308 secs] 145236K->86644K(253440K), 0.0147041 secs] [Times: user=0.01 sys=0.00, real=0.01 secs] 
2023-11-16T03:49:27.020+0000: 42.309: [GC (Allocation Failure) 2023-11-16T03:49:27.020+0000: 42.309: [DefNew: 75929K->28K(78656K), 0.0004561 secs] 153870K->77969K(253440K), 0.0005147 secs] [Times: user=0.00 sys=0.00, real=0.00 secs] 
2023-11-16T03:49:27.078+0000: 42.367: [GC (Allocation Failure) 2023-11-16T03:49:27.078+0000: 42.367: [DefNew: 69980K->8704K(78656K), 0.0146177 secs] 147921K->89330K(253440K), 0.0146925 secs] [Times: user=0.02 sys=0.00, real=0.01 secs] 
2023-11-16T03:49:27.153+0000: 42.442: [GC (Allocation Failure) 2023-11-16T03:49:27.153+0000: 42.442: [DefNew: 75929K->28K(78656K), 0.0004488 secs] 156556K->80655K(253440K), 0.0005076 secs] [Times: user=0.00 sys=0.00, real=0.00 secs] 
2023-11-16T03:49:27.211+0000: 42.500: [GC (Allocation Failure) 2023-11-16T03:49:27.211+0000: 42.500: [DefNew: 69980K->8704K(78656K), 0.0147882 secs] 150607K->92015K(253440K), 0.0148643 secs] [Times: user=0.01 sys=0.00, real=0.02 secs] 
2023-11-16T03:49:27.286+0000: 42.575: [GC (Allocation Failure) 2023-11-16T03:49:27.286+0000: 42.575: [DefNew: 75929K->28K(78656K), 0.0004494 secs] 159241K->83340K(253440K), 0.0005093 secs] [Times: user=0.00 sys=0.00, real=0.00 secs] 
2023-11-16T03:49:27.344+0000: 42.633: [GC (Allocation Failure) 2023-11-16T03:49:27.344+0000: 42.633: [DefNew: 69980K->8704K(78656K), 0.0147412 secs] 153292K->94700K(253440K), 0.0148199 secs] [Times: user=0.01 sys=0.00, real=0.01 secs] 
2023-11-16T03:49:27.419+0000: 42.709: [GC (Allocation Failure) 2023-11-16T03:49:27.419+0000: 42.709: [DefNew: 75929K->39K(78656K), 0.0005441 secs] 161926K->86036K(253440K), 0.0006058 secs] [Times: user=0.00 sys=0.00, real=0.00 secs] 
2023-11-16T03:49:27.478+0000: 42.767: [GC (Allocation Failure) 2023-11-16T03:49:27.478+0000: 42.767: [DefNew: 69991K->8704K(78656K), 0.0147502 secs] 155988K->97397K(253440K), 0.0148285 secs] [Times: user=0.02 sys=0.00, real=0.01 secs] 
2023-11-16T03:49:27.553+0000: 42.842: [GC (Allocation Failure) 2023-11-16T03:49:27.553+0000: 42.842: [DefNew: 75929K->28K(78656K), 0.0005335 secs] 164623K->88731K(253440K), 0.0005943 secs] [Times: user=0.00 sys=0.00, real=0.00 secs] 
2023-11-16T03:49:27.611+0000: 42.900: [GC (Allocation Failure) 2023-11-16T03:49:27.611+0000: 42.900: [DefNew: 69980K->8704K(78656K), 0.0147258 secs] 158683K->100092K(253440K), 0.0148015 secs] [Times: user=0.01 sys=0.00, real=0.02 secs] 
2023-11-16T03:49:27.698+0000: 42.987: [GC (Allocation Failure) 2023-11-16T03:49:27.698+0000: 42.987: [DefNew: 75929K->28K(78656K), 0.0004493 secs] 167317K->91416K(253440K), 0.0005110 secs] [Times: user=0.00 sys=0.00, real=0.00 secs] 
2023-11-16T03:49:27.756+0000: 43.045: [GC (Allocation Failure) 2023-11-16T03:49:27.756+0000: 43.045: [DefNew: 69980K->8704K(78656K), 0.0146034 secs] 161368K->102776K(253440K), 0.0146790 secs] [Times: user=0.02 sys=0.00, real=0.01 secs] 
2023-11-16T03:49:27.831+0000: 43.120: [GC (Allocation Failure) 2023-11-16T03:49:27.831+0000: 43.120: [DefNew: 75929K->28K(78656K), 0.0004566 secs] 170002K->94101K(253440K), 0.0005167 secs] [Times: user=0.00 sys=0.00, real=0.00 secs] 
2023-11-16T03:49:27.889+0000: 43.178: [GC (Allocation Failure) 2023-11-16T03:49:27.889+0000: 43.178: [DefNew: 69980K->8704K(78656K), 0.0147384 secs] 164053K->105461K(253440K), 0.0148152 secs] [Times: user=0.02 sys=0.00, real=0.02 secs] 
2023-11-16T03:49:27.964+0000: 43.253: [GC (Allocation Failure) 2023-11-16T03:49:27.964+0000: 43.253: [DefNew: 75929K->28K(78656K), 0.0004530 secs] 172686K->96786K(253440K), 0.0005119 secs] [Times: user=0.00 sys=0.00, real=0.00 secs] 
2023-11-16T03:49:28.022+0000: 43.311: [GC (Allocation Failure) 2023-11-16T03:49:28.022+0000: 43.311: [DefNew: 69980K->8704K(78656K), 0.0146866 secs] 166738K->108145K(253440K), 0.0147602 secs] [Times: user=0.01 sys=0.00, real=0.02 secs] 
2023-11-16T03:49:28.097+0000: 43.386: [GC (Allocation Failure) 2023-11-16T03:49:28.097+0000: 43.386: [DefNew: 75929K->28K(78656K), 0.0004523 secs] 175371K->99470K(253440K), 0.0005121 secs] [Times: user=0.00 sys=0.00, real=0.00 secs] 
2023-11-16T03:49:28.155+0000: 43.444: [GC (Allocation Failure) 2023-11-16T03:49:28.155+0000: 43.444: [DefNew: 69980K->8704K(78656K), 0.0147073 secs] 169422K->110831K(253440K), 0.0147807 secs] [Times: user=0.02 sys=0.00, real=0.02 secs] 
2023-11-16T03:49:28.229+0000: 43.519: [GC (Allocation Failure) 2023-11-16T03:49:28.230+0000: 43.519: [DefNew: 75929K->28K(78656K), 0.0004552 secs] 178057K->102156K(253440K), 0.0005154 secs] [Times: user=0.00 sys=0.00, real=0.00 secs] 
2023-11-16T03:49:28.288+0000: 43.577: [GC (Allocation Failure) 2023-11-16T03:49:28.288+0000: 43.577: [DefNew: 69980K->8704K(78656K), 0.0147348 secs] 172108K->113516K(253440K), 0.0148083 secs] [Times: user=0.02 sys=0.00, real=0.01 secs] 
2023-11-16T03:49:28.363+0000: 43.652: [GC (Allocation Failure) 2023-11-16T03:49:28.363+0000: 43.652: [DefNew: 75929K->48K(78656K), 0.0004611 secs] 180742K->104862K(253440K), 0.0005211 secs] [Times: user=0.00 sys=0.00, real=0.00 secs] 
2023-11-16T03:49:28.421+0000: 43.710: [GC (Allocation Failure) 2023-11-16T03:49:28.421+0000: 43.710: [DefNew: 70000K->8704K(78656K), 0.0146616 secs] 174814K->116222K(253440K), 0.0147371 secs] [Times: user=0.01 sys=0.00, real=0.02 secs] 
2023-11-16T03:49:28.496+0000: 43.785: [GC (Allocation Failure) 2023-11-16T03:49:28.496+0000: 43.785: [DefNew: 75929K->28K(78656K), 0.0004664 secs] 183448K->107547K(253440K), 0.0005254 secs] [Times: user=0.00 sys=0.00, real=0.00 secs] 
2023-11-16T03:49:28.554+0000: 43.843: [GC (Allocation Failure) 2023-11-16T03:49:28.554+0000: 43.843: [DefNew: 69980K->8704K(78656K), 0.0147015 secs] 177499K->118909K(253440K), 0.0147757 secs] [Times: user=0.01 sys=0.00, real=0.02 secs] 
2023-11-16T03:49:28.629+0000: 43.918: [GC (Allocation Failure) 2023-11-16T03:49:28.629+0000: 43.918: [DefNew: 75929K->28K(78656K), 0.0004595 secs] 186134K->110234K(253440K), 0.0005183 secs] [Times: user=0.01 sys=0.00, real=0.00 secs] 
2023-11-16T03:49:28.687+0000: 43.977: [GC (Allocation Failure) 2023-11-16T03:49:28.687+0000: 43.977: [DefNew: 69980K->8703K(78656K), 0.0147722 secs] 180186K->121592K(253440K), 0.0148774 secs] [Times: user=0.01 sys=0.00, real=0.01 secs] 
2023-11-16T03:49:28.762+0000: 44.051: [GC (Allocation Failure) 2023-11-16T03:49:28.762+0000: 44.051: [DefNew: 75929K->28K(78656K), 0.0005442 secs] 188818K->112926K(253440K), 0.0006074 secs] [Times: user=0.00 sys=0.00, real=0.00 secs] 
2023-11-16T03:49:28.820+0000: 44.110: [GC (Allocation Failure) 2023-11-16T03:49:28.820+0000: 44.110: [DefNew: 69980K->8704K(78656K), 0.0147437 secs] 182878K->124288K(253440K), 0.0148195 secs] [Times: user=0.02 sys=0.00, real=0.01 secs] 
2023-11-16T03:49:28.895+0000: 44.184: [GC (Allocation Failure) 2023-11-16T03:49:28.895+0000: 44.185: [DefNew: 75929K->28K(78656K), 0.0004718 secs] 191513K->115613K(253440K), 0.0005296 secs] [Times: user=0.00 sys=0.00, real=0.01 secs] 
2023-11-16T03:49:28.953+0000: 44.243: [GC (Allocation Failure) 2023-11-16T03:49:28.953+0000: 44.243: [DefNew: 69980K->8704K(78656K), 0.0148186 secs] 185565K->126973K(253440K), 0.0148904 secs] [Times: user=0.01 sys=0.00, real=0.02 secs] 
2023-11-16T03:49:29.028+0000: 44.317: [GC (Allocation Failure) 2023-11-16T03:49:29.028+0000: 44.317: [DefNew: 75929K->28K(78656K), 0.0004596 secs] 194199K->118298K(253440K), 0.0005190 secs] [Times: user=0.00 sys=0.00, real=0.00 secs] 
2023-11-16T03:49:29.086+0000: 44.376: [GC (Allocation Failure) 2023-11-16T03:49:29.087+0000: 44.376: [DefNew: 69980K->8704K(78656K), 0.0147111 secs] 188250K->129659K(253440K), 0.0147830 secs] [Times: user=0.01 sys=0.00, real=0.01 secs] 
2023-11-16T03:49:29.161+0000: 44.450: [GC (Allocation Failure) 2023-11-16T03:49:29.161+0000: 44.450: [DefNew: 75929K->28K(78656K), 0.0004611 secs] 196885K->120984K(253440K), 0.0005209 secs] [Times: user=0.00 sys=0.00, real=0.00 secs] 
2023-11-16T03:49:29.219+0000: 44.509: [GC (Allocation Failure) 2023-11-16T03:49:29.219+0000: 44.509: [DefNew: 69980K->8704K(78656K), 0.0147010 secs] 190936K->132346K(253440K), 0.0147768 secs] [Times: user=0.01 sys=0.00, real=0.01 secs] 
2023-11-16T03:49:29.294+0000: 44.583: [GC (Allocation Failure) 2023-11-16T03:49:29.294+0000: 44.583: [DefNew: 75929K->28K(78656K), 0.0004580 secs] 199572K->123671K(253440K), 0.0005185 secs] [Times: user=0.00 sys=0.00, real=0.00 secs] 
2023-11-16T03:49:29.352+0000: 44.642: [GC (Allocation Failure) 2023-11-16T03:49:29.352+0000: 44.642: [DefNew: 69980K->8704K(78656K), 0.0146764 secs] 193623K->135032K(253440K), 0.0147515 secs] [Times: user=0.02 sys=0.00, real=0.02 secs] 
2023-11-16T03:49:29.427+0000: 44.716: [GC (Allocation Failure) 2023-11-16T03:49:29.427+0000: 44.716: [DefNew: 75929K->28K(78656K), 0.0004723 secs] 202258K->126357K(253440K), 0.0005316 secs] [Times: user=0.01 sys=0.00, real=0.00 secs] 
2023-11-16T03:49:29.485+0000: 44.775: [GC (Allocation Failure) 2023-11-16T03:49:29.486+0000: 44.775: [DefNew: 69980K->8704K(78656K), 0.0146288 secs] 196309K->137718K(253440K), 0.0147029 secs] [Times: user=0.02 sys=0.00, real=0.01 secs] 
2023-11-16T03:49:29.560+0000: 44.849: [GC (Allocation Failure) 2023-11-16T03:49:29.560+0000: 44.849: [DefNew: 75929K->28K(78656K), 0.0004631 secs] 204943K->129043K(253440K), 0.0005221 secs] [Times: user=0.00 sys=0.00, real=0.00 secs] 
2023-11-16T03:49:29.618+0000: 44.907: [GC (Allocation Failure) 2023-11-16T03:49:29.618+0000: 44.908: [DefNew: 69980K->8704K(78656K), 0.0147340 secs] 198995K->140403K(253440K), 0.0148083 secs] [Times: user=0.01 sys=0.00, real=0.01 secs] 
2023-11-16T03:49:29.693+0000: 44.982: [GC (Allocation Failure) 2023-11-16T03:49:29.693+0000: 44.982: [DefNew: 75929K->28K(78656K), 0.0004666 secs] 207629K->131728K(253440K), 0.0005256 secs] [Times: user=0.00 sys=0.00, real=0.00 secs] 
2023-11-16T03:49:29.751+0000: 45.040: [GC (Allocation Failure) 2023-11-16T03:49:29.751+0000: 45.040: [DefNew: 69980K->8704K(78656K), 0.0146796 secs] 201680K->143088K(253440K), 0.0147605 secs] [Times: user=0.01 sys=0.00, real=0.02 secs] 
2023-11-16T03:49:29.826+0000: 45.115: [GC (Allocation Failure) 2023-11-16T03:49:29.826+0000: 45.115: [DefNew: 75929K->28K(78656K), 0.0004927 secs] 210314K->134413K(253440K), 0.0005520 secs] [Times: user=0.00 sys=0.00, real=0.00 secs] 
2023-11-16T03:49:29.885+0000: 45.174: [GC (Allocation Failure) 2023-11-16T03:49:29.885+0000: 45.174: [DefNew: 69980K->8704K(78656K), 0.0147410 secs] 204365K->145774K(253440K), 0.0148172 secs] [Times: user=0.02 sys=0.00, real=0.01 secs] 
2023-11-16T03:49:29.960+0000: 45.249: [GC (Allocation Failure) 2023-11-16T03:49:29.960+0000: 45.249: [DefNew: 75929K->39K(78656K), 0.0005350 secs] 213000K->137110K(253440K), 0.0005943 secs] [Times: user=0.00 sys=0.00, real=0.00 secs] 
2023-11-16T03:49:30.019+0000: 45.308: [GC (Allocation Failure) 2023-11-16T03:49:30.019+0000: 45.308: [DefNew: 69991K->8704K(78656K), 0.0148426 secs] 207062K->148471K(253440K), 0.0149197 secs] [Times: user=0.02 sys=0.00, real=0.01 secs] 
2023-11-16T03:49:30.093+0000: 45.383: [GC (Allocation Failure) 2023-11-16T03:49:30.093+0000: 45.383: [DefNew: 75929K->28K(78656K), 0.0005518 secs] 215697K->139806K(253440K), 0.0006112 secs] [Times: user=0.00 sys=0.00, real=0.00 secs] 
2023-11-16T03:49:30.152+0000: 45.441: [GC (Allocation Failure) 2023-11-16T03:49:30.152+0000: 45.441: [DefNew: 69980K->8704K(78656K), 0.0147408 secs] 209758K->151165K(253440K), 0.0148146 secs] [Times: user=0.02 sys=0.00, real=0.02 secs] 
2023-11-16T03:49:30.226+0000: 45.516: [GC (Allocation Failure) 2023-11-16T03:49:30.226+0000: 45.516: [DefNew: 75929K->28K(78656K), 0.0004674 secs] 218391K->142490K(253440K), 0.0005265 secs] [Times: user=0.00 sys=0.00, real=0.00 secs] 
2023-11-16T03:49:30.285+0000: 45.574: [GC (Allocation Failure) 2023-11-16T03:49:30.285+0000: 45.574: [DefNew: 69980K->8704K(78656K), 0.0146975 secs] 212442K->153851K(253440K), 0.0147726 secs] [Times: user=0.02 sys=0.00, real=0.01 secs] 
2023-11-16T03:49:30.360+0000: 45.649: [GC (Allocation Failure) 2023-11-16T03:49:30.360+0000: 45.649: [DefNew: 75929K->28K(78656K), 0.0004645 secs] 221076K->145176K(253440K), 0.0005241 secs] [Times: user=0.00 sys=0.00, real=0.00 secs] 
2023-11-16T03:49:30.418+0000: 45.707: [GC (Allocation Failure) 2023-11-16T03:49:30.418+0000: 45.707: [DefNew: 69980K->8704K(78656K), 0.0147091 secs] 215128K->156536K(253440K), 0.0147822 secs] [Times: user=0.01 sys=0.00, real=0.01 secs] 
2023-11-16T03:49:30.493+0000: 45.782: [GC (Allocation Failure) 2023-11-16T03:49:30.493+0000: 45.782: [DefNew: 75929K->48K(78656K), 0.0004977 secs] 223762K->147881K(253440K), 0.0005561 secs] [Times: user=0.00 sys=0.00, real=0.00 secs] 
2023-11-16T03:49:30.551+0000: 45.841: [GC (Allocation Failure) 2023-11-16T03:49:30.551+0000: 45.841: [DefNew: 70000K->8704K(78656K), 0.0147902 secs] 217833K->159242K(253440K), 0.0148639 secs] [Times: user=0.02 sys=0.00, real=0.02 secs] 
2023-11-16T03:49:30.626+0000: 45.915: [GC (Allocation Failure) 2023-11-16T03:49:30.626+0000: 45.915: [DefNew: 75929K->28K(78656K), 0.0004787 secs] 226468K->150567K(253440K), 0.0005373 secs] [Times: user=0.00 sys=0.00, real=0.00 secs] 
2023-11-16T03:49:30.684+0000: 45.974: [GC (Allocation Failure) 2023-11-16T03:49:30.684+0000: 45.974: [DefNew: 69980K->8704K(78656K), 0.0147010 secs] 220519K->161928K(253440K), 0.0147741 secs] [Times: user=0.02 sys=0.00, real=0.01 secs] 
2023-11-16T03:49:30.759+0000: 46.048: [GC (Allocation Failure) 2023-11-16T03:49:30.759+0000: 46.048: [DefNew: 75929K->28K(78656K), 0.0004709 secs] 229154K->153253K(253440K), 0.0005298 secs] [Times: user=0.00 sys=0.00, real=0.00 secs] 
2023-11-16T03:49:30.817+0000: 46.107: [GC (Allocation Failure) 2023-11-16T03:49:30.817+0000: 46.107: [DefNew: 69980K->8704K(78656K), 0.0146655 secs] 223205K->164613K(253440K), 0.0147398 secs] [Times: user=0.01 sys=0.00, real=0.01 secs] 
2023-11-16T03:49:30.892+0000: 46.181: [GC (Allocation Failure) 2023-11-16T03:49:30.892+0000: 46.181: [DefNew: 75929K->28K(78656K), 0.0004696 secs] 231839K->155938K(253440K), 0.0005293 secs] [Times: user=0.00 sys=0.00, real=0.00 secs] 
2023-11-16T03:49:30.950+0000: 46.239: [GC (Allocation Failure) 2023-11-16T03:49:30.950+0000: 46.239: [DefNew: 69980K->8704K(78656K), 0.0146914 secs] 225890K->167297K(253440K), 0.0147645 secs] [Times: user=0.01 sys=0.00, real=0.02 secs] 
2023-11-16T03:49:31.025+0000: 46.314: [GC (Allocation Failure) 2023-11-16T03:49:31.025+0000: 46.314: [DefNew: 75929K->28K(78656K), 0.0004674 secs] 234523K->158622K(253440K), 0.0005266 secs] [Times: user=0.00 sys=0.00, real=0.00 secs] 
2023-11-16T03:49:31.083+0000: 46.373: [GC (Allocation Failure) 2023-11-16T03:49:31.083+0000: 46.373: [DefNew: 69980K->8704K(78656K), 0.0147107 secs] 228574K->169982K(253440K), 0.0147849 secs] [Times: user=0.02 sys=0.00, real=0.02 secs] 
2023-11-16T03:49:31.158+0000: 46.447: [GC (Allocation Failure) 2023-11-16T03:49:31.158+0000: 46.447: [DefNew: 75929K->28K(78656K), 0.0004734 secs] 237207K->161307K(253440K), 0.0005321 secs] [Times: user=0.00 sys=0.00, real=0.00 secs] 
2023-11-16T03:49:31.216+0000: 46.505: [GC (Allocation Failure) 2023-11-16T03:49:31.216+0000: 46.505: [DefNew: 69980K->8704K(78656K), 0.0147068 secs] 231259K->172665K(253440K), 0.0147795 secs] [Times: user=0.01 sys=0.00, real=0.01 secs] 
2023-11-16T03:49:31.292+0000: 46.581: [GC (Allocation Failure) 2023-11-16T03:49:31.292+0000: 46.581: [DefNew: 75929K->40K(78656K), 0.0005660 secs] 239891K->164002K(253440K), 0.0006309 secs] [Times: user=0.00 sys=0.00, real=0.00 secs] 
2023-11-16T03:49:31.350+0000: 46.639: [GC (Allocation Failure) 2023-11-16T03:49:31.350+0000: 46.639: [DefNew: 69992K->8703K(78656K), 0.0148066 secs] 233954K->175362K(253440K), 0.0148818 secs] [Times: user=0.02 sys=0.00, real=0.02 secs] 
2023-11-16T03:49:31.425+0000: 46.714: [GC (Allocation Failure) 2023-11-16T03:49:31.425+0000: 46.714: [DefNew: 75929K->28K(78656K), 0.0005639 secs] 242588K->166697K(253440K), 0.0006232 secs] [Times: user=0.00 sys=0.00, real=0.00 secs] 
2023-11-16T03:49:31.484+0000: 46.773: [GC (Allocation Failure) 2023-11-16T03:49:31.484+0000: 46.773: [DefNew: 69980K->8704K(78656K), 0.0146621 secs] 236649K->178057K(253440K), 0.0147360 secs] [Times: user=0.01 sys=0.00, real=0.01 secs] 
2023-11-16T03:49:31.558+0000: 46.847: [GC (Allocation Failure) 2023-11-16T03:49:31.558+0000: 46.848: [DefNew: 75929K->28K(78656K), 0.0004753 secs] 245283K->169382K(253440K), 0.0005348 secs] [Times: user=0.00 sys=0.00, real=0.00 secs] 
2023-11-16T03:49:31.617+0000: 46.906: [GC (Allocation Failure) 2023-11-16T03:49:31.617+0000: 46.906: [DefNew: 69980K->8704K(78656K), 0.0147519 secs] 239334K->180741K(253440K), 0.0148266 secs] [Times: user=0.01 sys=0.00, real=0.01 secs] 
2023-11-16T03:49:31.691+0000: 46.981: [GC (Allocation Failure) 2023-11-16T03:49:31.691+0000: 46.981: [DefNew: 75929K->75929K(78656K), 0.0000181 secs]2023-11-16T03:49:31.691+0000: 46.981: [Tenured: 172037K->3578K(174784K), 0.0943060 secs] 247966K->3578K(253440K), [Metaspace: 5984K->5984K(1056768K)], 0.0944204 secs] [Times: user=0.10 sys=0.00, real=0.10 secs] 
2023-11-16T03:49:31.844+0000: 47.133: [GC (Allocation Failure) 2023-11-16T03:49:31.844+0000: 47.133: [DefNew: 69952K->8704K(78656K), 0.0145419 secs] 73530K->14939K(253440K), 0.0146185 secs] [Times: user=0.01 sys=0.00, real=0.01 secs] 
2023-11-16T03:49:31.918+0000: 47.208: [GC (Allocation Failure) 2023-11-16T03:49:31.918+0000: 47.208: [DefNew: 75929K->28K(78656K), 0.0004279 secs] 82165K->6264K(253440K), 0.0004885 secs] [Times: user=0.00 sys=0.00, real=0.00 secs] 
2023-11-16T03:49:31.977+0000: 47.266: [GC (Allocation Failure) 2023-11-16T03:49:31.977+0000: 47.266: [DefNew: 69980K->8704K(78656K), 0.0145764 secs] 76216K->17622K(253440K), 0.0146509 secs] [Times: user=0.01 sys=0.00, real=0.01 secs] 
2023-11-16T03:49:32.051+0000: 47.340: [GC (Allocation Failure) 2023-11-16T03:49:32.051+0000: 47.341: [DefNew: 75929K->28K(78656K), 0.0004394 secs] 84848K->8947K(253440K), 0.0004985 secs] [Times: user=0.00 sys=0.00, real=0.00 secs] 
2023-11-16T03:49:32.110+0000: 47.399: [GC (Allocation Failure) 2023-11-16T03:49:32.110+0000: 47.399: [DefNew: 69980K->8704K(78656K), 0.0145554 secs] 78899K->20307K(253440K), 0.0146282 secs] [Times: user=0.02 sys=0.00, real=0.02 secs] 
2023-11-16T03:49:32.184+0000: 47.473: [GC (Allocation Failure) 2023-11-16T03:49:32.184+0000: 47.473: [DefNew: 75929K->28K(78656K), 0.0004282 secs] 87533K->11632K(253440K), 0.0004862 secs] [Times: user=0.00 sys=0.00, real=0.00 secs] 
2023-11-16T03:49:32.243+0000: 47.532: [GC (Allocation Failure) 2023-11-16T03:49:32.243+0000: 47.532: [DefNew: 69980K->8704K(78656K), 0.0145891 secs] 81584K->22994K(253440K), 0.0146628 secs] [Times: user=0.02 sys=0.00, real=0.02 secs] 
2023-11-16T03:49:32.317+0000: 47.607: [GC (Allocation Failure) 2023-11-16T03:49:32.317+0000: 47.607: [DefNew: 75929K->28K(78656K), 0.0004292 secs] 90220K->14319K(253440K), 0.0004882 secs] [Times: user=0.00 sys=0.00, real=0.00 secs] 
2023-11-16T03:49:32.376+0000: 47.665: [GC (Allocation Failure) 2023-11-16T03:49:32.376+0000: 47.665: [DefNew: 69980K->8704K(78656K), 0.0145851 secs] 84271K->25678K(253440K), 0.0146606 secs] [Times: user=0.02 sys=0.00, real=0.01 secs] 
2023-11-16T03:49:32.450+0000: 47.739: [GC (Allocation Failure) 2023-11-16T03:49:32.450+0000: 47.739: [DefNew: 75929K->28K(78656K), 0.0004292 secs] 92903K->17003K(253440K), 0.0004877 secs] [Times: user=0.00 sys=0.00, real=0.00 secs] 
2023-11-16T03:49:32.509+0000: 47.798: [GC (Allocation Failure) 2023-11-16T03:49:32.509+0000: 47.798: [DefNew: 69980K->8704K(78656K), 0.0145630 secs] 86955K->28363K(253440K), 0.0146370 secs] [Times: user=0.01 sys=0.00, real=0.01 secs] 
2023-11-16T03:49:32.583+0000: 47.873: [GC (Allocation Failure) 2023-11-16T03:49:32.583+0000: 47.873: [DefNew: 75929K->28K(78656K), 0.0004437 secs] 95589K->19688K(253440K), 0.0005052 secs] [Times: user=0.00 sys=0.00, real=0.01 secs] 
2023-11-16T03:49:32.642+0000: 47.931: [GC (Allocation Failure) 2023-11-16T03:49:32.642+0000: 47.931: [DefNew: 69980K->8704K(78656K), 0.0145792 secs] 89640K->31049K(253440K), 0.0146527 secs] [Times: user=0.01 sys=0.00, real=0.02 secs] 
2023-11-16T03:49:32.717+0000: 48.006: [GC (Allocation Failure) 2023-11-16T03:49:32.717+0000: 48.006: [DefNew: 75929K->40K(78656K), 0.0005240 secs] 98275K->22386K(253440K), 0.0005858 secs] [Times: user=0.01 sys=0.00, real=0.00 secs] 
2023-11-16T03:49:32.775+0000: 48.065: [GC (Allocation Failure) 2023-11-16T03:49:32.776+0000: 48.065: [DefNew: 69992K->8703K(78656K), 0.0147553 secs] 92338K->33746K(253440K), 0.0148310 secs] [Times: user=0.01 sys=0.00, real=0.02 secs] 
2023-11-16T03:49:32.850+0000: 48.139: [GC (Allocation Failure) 2023-11-16T03:49:32.850+0000: 48.140: [DefNew: 75929K->28K(78656K), 0.0005179 secs] 100971K->25080K(253440K), 0.0005774 secs] [Times: user=0.00 sys=0.00, real=0.00 secs] 
2023-11-16T03:49:32.909+0000: 48.198: [GC (Allocation Failure) 2023-11-16T03:49:32.909+0000: 48.198: [DefNew: 69980K->8704K(78656K), 0.0146442 secs] 95032K->36442K(253440K), 0.0147185 secs] [Times: user=0.02 sys=0.00, real=0.02 secs] 
2023-11-16T03:49:32.984+0000: 48.273: [GC (Allocation Failure) 2023-11-16T03:49:32.984+0000: 48.273: [DefNew: 75929K->28K(78656K), 0.0004717 secs] 103668K->27767K(253440K), 0.0005318 secs] [Times: user=0.00 sys=0.00, real=0.01 secs] 
2023-11-16T03:49:33.042+0000: 48.331: [GC (Allocation Failure) 2023-11-16T03:49:33.042+0000: 48.331: [DefNew: 69980K->8704K(78656K), 0.0145984 secs] 97719K->39129K(253440K), 0.0146724 secs] [Times: user=0.01 sys=0.00, real=0.02 secs] 
2023-11-16T03:49:33.116+0000: 48.406: [GC (Allocation Failure) 2023-11-16T03:49:33.116+0000: 48.406: [DefNew: 75929K->28K(78656K), 0.0004325 secs] 106355K->30454K(253440K), 0.0004918 secs] [Times: user=0.00 sys=0.00, real=0.00 secs] 
2023-11-16T03:49:33.175+0000: 48.464: [GC (Allocation Failure) 2023-11-16T03:49:33.175+0000: 48.464: [DefNew: 69980K->8704K(78656K), 0.0145894 secs] 100406K->41815K(253440K), 0.0146638 secs] [Times: user=0.01 sys=0.00, real=0.02 secs] 
2023-11-16T03:49:33.249+0000: 48.538: [GC (Allocation Failure) 2023-11-16T03:49:33.249+0000: 48.538: [DefNew: 75929K->28K(78656K), 0.0004345 secs] 109041K->33140K(253440K), 0.0004931 secs] [Times: user=0.00 sys=0.00, real=0.00 secs] 
2023-11-16T03:49:33.308+0000: 48.597: [GC (Allocation Failure) 2023-11-16T03:49:33.308+0000: 48.597: [DefNew: 69980K->8704K(78656K), 0.0145905 secs] 103092K->44501K(253440K), 0.0146653 secs] [Times: user=0.02 sys=0.00, real=0.01 secs] 
2023-11-16T03:49:33.383+0000: 48.672: [GC (Allocation Failure) 2023-11-16T03:49:33.383+0000: 48.672: [DefNew: 75929K->48K(78656K), 0.0004470 secs] 111726K->35846K(253440K), 0.0005362 secs] [Times: user=0.00 sys=0.00, real=0.00 secs] 
2023-11-16T03:49:33.441+0000: 48.730: [GC (Allocation Failure) 2023-11-16T03:49:33.441+0000: 48.730: [DefNew: 70000K->8704K(78656K), 0.0146122 secs] 105798K->47208K(253440K), 0.0146866 secs] [Times: user=0.02 sys=0.00, real=0.02 secs] 
2023-11-16T03:49:33.522+0000: 48.812: [GC (Allocation Failure) 2023-11-16T03:49:33.522+0000: 48.812: [DefNew: 75929K->28K(78656K), 0.0004430 secs] 114434K->38533K(253440K), 0.0005020 secs] [Times: user=0.00 sys=0.00, real=0.00 secs] 
2023-11-16T03:49:33.581+0000: 48.870: [GC (Allocation Failure) 2023-11-16T03:49:33.581+0000: 48.870: [DefNew: 69980K->8704K(78656K), 0.0145632 secs] 108485K->49894K(253440K), 0.0146394 secs] [Times: user=0.02 sys=0.00, real=0.01 secs] 
2023-11-16T03:49:33.656+0000: 48.945: [GC (Allocation Failure) 2023-11-16T03:49:33.656+0000: 48.945: [DefNew: 75929K->28K(78656K), 0.0004349 secs] 117119K->41219K(253440K), 0.0004957 secs] [Times: user=0.00 sys=0.00, real=0.00 secs] 
2023-11-16T03:49:33.716+0000: 49.005: [GC (Allocation Failure) 2023-11-16T03:49:33.716+0000: 49.005: [DefNew: 69980K->8704K(78656K), 0.0146034 secs] 111171K->52580K(253440K), 0.0146964 secs] [Times: user=0.01 sys=0.00, real=0.02 secs] 
2023-11-16T03:49:33.790+0000: 49.079: [GC (Allocation Failure) 2023-11-16T03:49:33.790+0000: 49.079: [DefNew: 75929K->28K(78656K), 0.0004394 secs] 119806K->43905K(253440K), 0.0004987 secs] [Times: user=0.00 sys=0.00, real=0.00 secs] 
2023-11-16T03:49:33.848+0000: 49.138: [GC (Allocation Failure) 2023-11-16T03:49:33.849+0000: 49.138: [DefNew: 69980K->8704K(78656K), 0.0145701 secs] 113857K->55264K(253440K), 0.0146447 secs] [Times: user=0.02 sys=0.00, real=0.01 secs] 
2023-11-16T03:49:33.923+0000: 49.212: [GC (Allocation Failure) 2023-11-16T03:49:33.923+0000: 49.212: [DefNew: 75929K->28K(78656K), 0.0004544 secs] 122490K->46589K(253440K), 0.0005143 secs] [Times: user=0.00 sys=0.00, real=0.00 secs] 
2023-11-16T03:49:33.982+0000: 49.272: [GC (Allocation Failure) 2023-11-16T03:49:33.982+0000: 49.272: [DefNew: 69980K->8704K(78656K), 0.0147277 secs] 116541K->57948K(253440K), 0.0148032 secs] [Times: user=0.02 sys=0.00, real=0.02 secs] 
2023-11-16T03:49:34.057+0000: 49.346: [GC (Allocation Failure) 2023-11-16T03:49:34.057+0000: 49.346: [DefNew: 75929K->28K(78656K), 0.0005296 secs] 125173K->49282K(253440K), 0.0005887 secs] [Times: user=0.00 sys=0.00, real=0.00 secs] 
2023-11-16T03:49:34.116+0000: 49.405: [GC (Allocation Failure) 2023-11-16T03:49:34.116+0000: 49.405: [DefNew: 69980K->8704K(78656K), 0.0145694 secs] 119234K->60643K(253440K), 0.0146444 secs] [Times: user=0.01 sys=0.00, real=0.01 secs] 
2023-11-16T03:49:34.190+0000: 49.479: [GC (Allocation Failure) 2023-11-16T03:49:34.190+0000: 49.480: [DefNew: 75929K->28K(78656K), 0.0004414 secs] 127869K->51968K(253440K), 0.0004992 secs] [Times: user=0.00 sys=0.00, real=0.00 secs] 
2023-11-16T03:49:34.249+0000: 49.538: [GC (Allocation Failure) 2023-11-16T03:49:34.249+0000: 49.538: [DefNew: 69980K->8704K(78656K), 0.0147045 secs] 121920K->63328K(253440K), 0.0147724 secs] [Times: user=0.01 sys=0.00, real=0.01 secs] 
2023-11-16T03:49:34.323+0000: 49.612: [GC (Allocation Failure) 2023-11-16T03:49:34.323+0000: 49.613: [DefNew: 75929K->28K(78656K), 0.0004800 secs] 130554K->54653K(253440K), 0.0005403 secs] [Times: user=0.01 sys=0.00, real=0.01 secs] 
2023-11-16T03:49:34.382+0000: 49.671: [GC (Allocation Failure) 2023-11-16T03:49:34.382+0000: 49.671: [DefNew: 69980K->8704K(78656K), 0.0145898 secs] 124605K->66015K(253440K), 0.0146646 secs] [Times: user=0.02 sys=0.00, real=0.02 secs] 
2023-11-16T03:49:34.456+0000: 49.746: [GC (Allocation Failure) 2023-11-16T03:49:34.456+0000: 49.746: [DefNew: 75929K->28K(78656K), 0.0004409 secs] 133240K->57340K(253440K), 0.0005004 secs] [Times: user=0.00 sys=0.00, real=0.00 secs] 
2023-11-16T03:49:34.515+0000: 49.804: [GC (Allocation Failure) 2023-11-16T03:49:34.515+0000: 49.804: [DefNew: 69980K->8704K(78656K), 0.0146495 secs] 127292K->68699K(253440K), 0.0147520 secs] [Times: user=0.01 sys=0.00, real=0.02 secs] 
2023-11-16T03:49:34.594+0000: 49.883: [GC (Allocation Failure) 2023-11-16T03:49:34.594+0000: 49.883: [DefNew: 75929K->28K(78656K), 0.0004385 secs] 135924K->60024K(253440K), 0.0004988 secs] [Times: user=0.00 sys=0.00, real=0.00 secs] 
2023-11-16T03:49:34.652+0000: 49.942: [GC (Allocation Failure) 2023-11-16T03:49:34.652+0000: 49.942: [DefNew: 69980K->8704K(78656K), 0.0145679 secs] 129976K->71383K(253440K), 0.0146447 secs] [Times: user=0.02 sys=0.00, real=0.02 secs] 
2023-11-16T03:49:34.727+0000: 50.016: [GC (Allocation Failure) 2023-11-16T03:49:34.727+0000: 50.016: [DefNew: 75929K->28K(78656K), 0.0004429 secs] 138609K->62708K(253440K), 0.0005026 secs] [Times: user=0.00 sys=0.00, real=0.00 secs] 
2023-11-16T03:49:34.785+0000: 50.074: [GC (Allocation Failure) 2023-11-16T03:49:34.785+0000: 50.074: [DefNew: 69980K->8704K(78656K), 0.0146176 secs] 132660K->74067K(253440K), 0.0146930 secs] [Times: user=0.01 sys=0.00, real=0.01 secs] 
2023-11-16T03:49:34.860+0000: 50.149: [GC (Allocation Failure) 2023-11-16T03:49:34.860+0000: 50.149: [DefNew: 75929K->28K(78656K), 0.0004356 secs] 141293K->65392K(253440K), 0.0005169 secs] [Times: user=0.00 sys=0.00, real=0.00 secs] 
2023-11-16T03:49:34.918+0000: 50.208: [GC (Allocation Failure) 2023-11-16T03:49:34.918+0000: 50.208: [DefNew: 69980K->8704K(78656K), 0.0145943 secs] 135344K->76752K(253440K), 0.0146710 secs] [Times: user=0.01 sys=0.00, real=0.01 secs] 
2023-11-16T03:49:34.993+0000: 50.282: [GC (Allocation Failure) 2023-11-16T03:49:34.993+0000: 50.282: [DefNew: 75929K->28K(78656K), 0.0004431 secs] 143978K->68077K(253440K), 0.0005025 secs] [Times: user=0.01 sys=0.00, real=0.00 secs] 
2023-11-16T03:49:35.051+0000: 50.341: [GC (Allocation Failure) 2023-11-16T03:49:35.051+0000: 50.341: [DefNew: 69980K->8704K(78656K), 0.0142933 secs] 138029K->79246K(253440K), 0.0143700 secs] [Times: user=0.01 sys=0.00, real=0.02 secs] 
2023-11-16T03:49:35.126+0000: 50.415: [GC (Allocation Failure) 2023-11-16T03:49:35.126+0000: 50.415: [DefNew: 75929K->28K(78656K), 0.0004451 secs] 146472K->70571K(253440K), 0.0005045 secs] [Times: user=0.00 sys=0.00, real=0.00 secs] 
2023-11-16T03:49:35.184+0000: 50.473: [GC (Allocation Failure) 2023-11-16T03:49:35.184+0000: 50.473: [DefNew: 69980K->8704K(78656K), 0.0146242 secs] 140523K->81932K(253440K), 0.0146976 secs] [Times: user=0.01 sys=0.00, real=0.01 secs] 
2023-11-16T03:49:35.258+0000: 50.548: [GC (Allocation Failure) 2023-11-16T03:49:35.259+0000: 50.548: [DefNew: 75929K->28K(78656K), 0.0004453 secs] 149158K->73257K(253440K), 0.0005164 secs] [Times: user=0.00 sys=0.00, real=0.00 secs] 
2023-11-16T03:49:35.317+0000: 50.607: [GC (Allocation Failure) 2023-11-16T03:49:35.317+0000: 50.607: [DefNew: 69980K->8704K(78656K), 0.0146150 secs] 143209K->84619K(253440K), 0.0146875 secs] [Times: user=0.02 sys=0.00, real=0.01 secs] 
2023-11-16T03:49:35.393+0000: 50.682: [GC (Allocation Failure) 2023-11-16T03:49:35.393+0000: 50.682: [DefNew: 75929K->40K(78656K), 0.0005462 secs] 151845K->75956K(253440K), 0.0006089 secs] [Times: user=0.00 sys=0.00, real=0.00 secs] 
2023-11-16T03:49:35.451+0000: 50.740: [GC (Allocation Failure) 2023-11-16T03:49:35.451+0000: 50.740: [DefNew: 69992K->8704K(78656K), 0.0147306 secs] 145908K->87318K(253440K), 0.0148069 secs] [Times: user=0.02 sys=0.00, real=0.02 secs] 
2023-11-16T03:49:35.526+0000: 50.815: [GC (Allocation Failure) 2023-11-16T03:49:35.526+0000: 50.815: [DefNew: 75929K->28K(78656K), 0.0005444 secs] 154544K->78653K(253440K), 0.0006031 secs] [Times: user=0.00 sys=0.00, real=0.00 secs] 
2023-11-16T03:49:35.584+0000: 50.874: [GC (Allocation Failure) 2023-11-16T03:49:35.584+0000: 50.874: [DefNew: 69980K->8704K(78656K), 0.0146688 secs] 148605K->90015K(253440K), 0.0147419 secs] [Times: user=0.01 sys=0.00, real=0.01 secs] 
2023-11-16T03:49:35.659+0000: 50.948: [GC (Allocation Failure) 2023-11-16T03:49:35.659+0000: 50.948: [DefNew: 75929K->28K(78656K), 0.0004508 secs] 157240K->81340K(253440K), 0.0005094 secs] [Times: user=0.00 sys=0.00, real=0.00 secs] 
2023-11-16T03:49:35.717+0000: 51.007: [GC (Allocation Failure) 2023-11-16T03:49:35.717+0000: 51.007: [DefNew: 69980K->8704K(78656K), 0.0145813 secs] 151292K->92701K(253440K), 0.0146552 secs] [Times: user=0.02 sys=0.00, real=0.01 secs] 
2023-11-16T03:49:35.792+0000: 51.081: [GC (Allocation Failure) 2023-11-16T03:49:35.792+0000: 51.081: [DefNew: 75929K->28K(78656K), 0.0004497 secs] 159926K->84026K(253440K), 0.0005093 secs] [Times: user=0.00 sys=0.00, real=0.00 secs] 
2023-11-16T03:49:35.850+0000: 51.139: [GC (Allocation Failure) 2023-11-16T03:49:35.850+0000: 51.139: [DefNew: 69980K->8704K(78656K), 0.0146608 secs] 153978K->95386K(253440K), 0.0147356 secs] [Times: user=0.01 sys=0.00, real=0.02 secs] 
2023-11-16T03:49:35.925+0000: 51.214: [GC (Allocation Failure) 2023-11-16T03:49:35.925+0000: 51.214: [DefNew: 75929K->28K(78656K), 0.0004478 secs] 162611K->86711K(253440K), 0.0005064 secs] [Times: user=0.00 sys=0.00, real=0.00 secs] 
2023-11-16T03:49:35.983+0000: 51.272: [GC (Allocation Failure) 2023-11-16T03:49:35.983+0000: 51.272: [DefNew: 69980K->8704K(78656K), 0.0146581 secs] 156663K->98071K(253440K), 0.0147342 secs] [Times: user=0.01 sys=0.00, real=0.02 secs] 
2023-11-16T03:49:36.058+0000: 51.347: [GC (Allocation Failure) 2023-11-16T03:49:36.058+0000: 51.347: [DefNew: 75929K->28K(78656K), 0.0004519 secs] 165297K->89396K(253440K), 0.0005234 secs] [Times: user=0.00 sys=0.00, real=0.00 secs] 
2023-11-16T03:49:36.117+0000: 51.406: [GC (Allocation Failure) 2023-11-16T03:49:36.117+0000: 51.406: [DefNew: 69980K->8704K(78656K), 0.0147406 secs] 159348K->100756K(253440K), 0.0148170 secs] [Times: user=0.02 sys=0.00, real=0.01 secs] 
2023-11-16T03:49:36.191+0000: 51.480: [GC (Allocation Failure) 2023-11-16T03:49:36.191+0000: 51.480: [DefNew: 75929K->28K(78656K), 0.0004504 secs] 167982K->92081K(253440K), 0.0005090 secs] [Times: user=0.00 sys=0.00, real=0.00 secs] 
2023-11-16T03:49:36.249+0000: 51.539: [GC (Allocation Failure) 2023-11-16T03:49:36.249+0000: 51.539: [DefNew: 69980K->8704K(78656K), 0.0147827 secs] 162033K->103442K(253440K), 0.0148501 secs] [Times: user=0.02 sys=0.00, real=0.02 secs] 
2023-11-16T03:49:36.324+0000: 51.613: [GC (Allocation Failure) 2023-11-16T03:49:36.324+0000: 51.613: [DefNew: 75929K->28K(78656K), 0.0004524 secs] 170667K->94766K(253440K), 0.0005115 secs] [Times: user=0.00 sys=0.00, real=0.00 secs] 
2023-11-16T03:49:36.384+0000: 51.673: [GC (Allocation Failure) 2023-11-16T03:49:36.384+0000: 51.673: [DefNew: 69980K->8704K(78656K), 0.0150876 secs] 164718K->106127K(253440K), 0.0151757 secs] [Times: user=0.01 sys=0.00, real=0.01 secs] 
2023-11-16T03:49:36.460+0000: 51.749: [GC (Allocation Failure) 2023-11-16T03:49:36.460+0000: 51.749: [DefNew: 75929K->28K(78656K), 0.0004563 secs] 173352K->97451K(253440K), 0.0005144 secs] [Times: user=0.00 sys=0.00, real=0.00 secs] 
2023-11-16T03:49:36.519+0000: 51.809: [GC (Allocation Failure) 2023-11-16T03:49:36.519+0000: 51.809: [DefNew: 69980K->8704K(78656K), 0.0146573 secs] 167403K->108812K(253440K), 0.0147321 secs] [Times: user=0.02 sys=0.00, real=0.01 secs] 
2023-11-16T03:49:36.594+0000: 51.884: [GC (Allocation Failure) 2023-11-16T03:49:36.594+0000: 51.884: [DefNew: 75929K->28K(78656K), 0.0004494 secs] 176038K->100137K(253440K), 0.0005092 secs] [Times: user=0.00 sys=0.00, real=0.00 secs] 
2023-11-16T03:49:36.654+0000: 51.943: [GC (Allocation Failure) 2023-11-16T03:49:36.654+0000: 51.943: [DefNew: 69980K->8704K(78656K), 0.0154730 secs] 170089K->111497K(253440K), 0.0155462 secs] [Times: user=0.01 sys=0.00, real=0.02 secs] 
2023-11-16T03:49:36.731+0000: 52.020: [GC (Allocation Failure) 2023-11-16T03:49:36.731+0000: 52.021: [DefNew: 75929K->40K(78656K), 0.0005721 secs] 178722K->102833K(253440K), 0.0006317 secs] [Times: user=0.00 sys=0.00, real=0.00 secs] 
2023-11-16T03:49:36.791+0000: 52.080: [GC (Allocation Failure) 2023-11-16T03:49:36.791+0000: 52.080: [DefNew: 69992K->8704K(78656K), 0.0147442 secs] 172785K->114193K(253440K), 0.0148215 secs] [Times: user=0.01 sys=0.00, real=0.02 secs] 
2023-11-16T03:49:36.866+0000: 52.155: [GC (Allocation Failure) 2023-11-16T03:49:36.866+0000: 52.155: [DefNew: 75929K->28K(78656K), 0.0005778 secs] 181419K->105529K(253440K), 0.0006379 secs] [Times: user=0.00 sys=0.00, real=0.00 secs] 
2023-11-16T03:49:36.925+0000: 52.215: [GC (Allocation Failure) 2023-11-16T03:49:36.925+0000: 52.215: [DefNew: 69980K->8704K(78656K), 0.0146502 secs] 175481K->116888K(253440K), 0.0147253 secs] [Times: user=0.02 sys=0.00, real=0.01 secs] 
2023-11-16T03:49:37.001+0000: 52.290: [GC (Allocation Failure) 2023-11-16T03:49:37.001+0000: 52.290: [DefNew: 75929K->28K(78656K), 0.0004521 secs] 184114K->108213K(253440K), 0.0005113 secs] [Times: user=0.00 sys=0.00, real=0.00 secs] 
2023-11-16T03:49:37.060+0000: 52.349: [GC (Allocation Failure) 2023-11-16T03:49:37.060+0000: 52.349: [DefNew: 69980K->8704K(78656K), 0.0145975 secs] 178165K->119573K(253440K), 0.0146712 secs] [Times: user=0.01 sys=0.00, real=0.01 secs] 
2023-11-16T03:49:37.135+0000: 52.424: [GC (Allocation Failure) 2023-11-16T03:49:37.135+0000: 52.424: [DefNew: 75929K->28K(78656K), 0.0004585 secs] 186799K->110898K(253440K), 0.0005168 secs] [Times: user=0.00 sys=0.00, real=0.00 secs] 
2023-11-16T03:49:37.193+0000: 52.483: [GC (Allocation Failure) 2023-11-16T03:49:37.193+0000: 52.483: [DefNew: 69980K->8704K(78656K), 0.0146870 secs] 180850K->122259K(253440K), 0.0147610 secs] [Times: user=0.01 sys=0.00, real=0.02 secs] 
2023-11-16T03:49:37.268+0000: 52.557: [GC (Allocation Failure) 2023-11-16T03:49:37.268+0000: 52.557: [DefNew: 75929K->48K(78656K), 0.0004779 secs] 189485K->113604K(253440K), 0.0005329 secs] [Times: user=0.00 sys=0.00, real=0.00 secs] 
2023-11-16T03:49:37.327+0000: 52.616: [GC (Allocation Failure) 2023-11-16T03:49:37.327+0000: 52.616: [DefNew: 70000K->8704K(78656K), 0.0146923 secs] 183556K->124966K(253440K), 0.0147665 secs] [Times: user=0.02 sys=0.00, real=0.01 secs] 
2023-11-16T03:49:37.401+0000: 52.690: [GC (Allocation Failure) 2023-11-16T03:49:37.401+0000: 52.690: [DefNew: 75929K->28K(78656K), 0.0004672 secs] 192191K->116291K(253440K), 0.0005271 secs] [Times: user=0.00 sys=0.00, real=0.00 secs] 
2023-11-16T03:49:37.460+0000: 52.749: [GC (Allocation Failure) 2023-11-16T03:49:37.460+0000: 52.749: [DefNew: 69980K->8704K(78656K), 0.0147687 secs] 186243K->127650K(253440K), 0.0148593 secs] [Times: user=0.02 sys=0.01, real=0.01 secs] 
2023-11-16T03:49:37.534+0000: 52.824: [GC (Allocation Failure) 2023-11-16T03:49:37.535+0000: 52.824: [DefNew: 75929K->28K(78656K), 0.0004590 secs] 194875K->118975K(253440K), 0.0005192 secs] [Times: user=0.00 sys=0.00, real=0.00 secs] 
2023-11-16T03:49:37.593+0000: 52.882: [GC (Allocation Failure) 2023-11-16T03:49:37.593+0000: 52.882: [DefNew: 69980K->8704K(78656K), 0.0147206 secs] 188927K->130336K(253440K), 0.0148064 secs] [Times: user=0.02 sys=0.00, real=0.02 secs] 
2023-11-16T03:49:37.668+0000: 52.957: [GC (Allocation Failure) 2023-11-16T03:49:37.668+0000: 52.957: [DefNew: 75929K->28K(78656K), 0.0004644 secs] 197561K->121661K(253440K), 0.0005236 secs] [Times: user=0.00 sys=0.00, real=0.00 secs] 
2023-11-16T03:49:37.726+0000: 53.015: [GC (Allocation Failure) 2023-11-16T03:49:37.726+0000: 53.015: [DefNew: 69980K->8704K(78656K), 0.0146146 secs] 191613K->133020K(253440K), 0.0146903 secs] [Times: user=0.02 sys=0.00, real=0.01 secs] 
2023-11-16T03:49:37.801+0000: 53.090: [GC (Allocation Failure) 2023-11-16T03:49:37.801+0000: 53.090: [DefNew: 75929K->28K(78656K), 0.0004723 secs] 200246K->124345K(253440K), 0.0005309 secs] [Times: user=0.00 sys=0.00, real=0.00 secs] 
2023-11-16T03:49:37.859+0000: 53.148: [GC (Allocation Failure) 2023-11-16T03:49:37.859+0000: 53.148: [DefNew: 69980K->8704K(78656K), 0.0147969 secs] 194297K->135706K(253440K), 0.0148717 secs] [Times: user=0.01 sys=0.00, real=0.01 secs] 
2023-11-16T03:49:37.934+0000: 53.223: [GC (Allocation Failure) 2023-11-16T03:49:37.934+0000: 53.223: [DefNew: 75929K->28K(78656K), 0.0004900 secs] 202931K->127030K(253440K), 0.0005605 secs] [Times: user=0.00 sys=0.00, real=0.00 secs] 
2023-11-16T03:49:37.992+0000: 53.282: [GC (Allocation Failure) 2023-11-16T03:49:37.992+0000: 53.282: [DefNew: 69980K->8704K(78656K), 0.0146619 secs] 196982K->138391K(253440K), 0.0147364 secs] [Times: user=0.01 sys=0.00, real=0.02 secs] 
2023-11-16T03:49:38.067+0000: 53.356: [GC (Allocation Failure) 2023-11-16T03:49:38.067+0000: 53.356: [DefNew: 75929K->28K(78656K), 0.0004628 secs] 205617K->129716K(253440K), 0.0005217 secs] [Times: user=0.00 sys=0.00, real=0.00 secs] 
2023-11-16T03:49:38.127+0000: 53.417: [GC (Allocation Failure) 2023-11-16T03:49:38.128+0000: 53.417: [DefNew: 69980K->8704K(78656K), 0.0148225 secs] 199668K->141075K(253440K), 0.0149006 secs] [Times: user=0.02 sys=0.00, real=0.01 secs] 
2023-11-16T03:49:38.202+0000: 53.492: [GC (Allocation Failure) 2023-11-16T03:49:38.202+0000: 53.492: [DefNew: 75929K->28K(78656K), 0.0005636 secs] 208301K->132411K(253440K), 0.0006260 secs] [Times: user=0.00 sys=0.00, real=0.00 secs] 
2023-11-16T03:49:38.261+0000: 53.550: [GC (Allocation Failure) 2023-11-16T03:49:38.261+0000: 53.550: [DefNew: 69980K->8704K(78656K), 0.0149337 secs] 202363K->143772K(253440K), 0.0150189 secs] [Times: user=0.01 sys=0.00, real=0.02 secs] 
2023-11-16T03:49:38.336+0000: 53.625: [GC (Allocation Failure) 2023-11-16T03:49:38.336+0000: 53.625: [DefNew: 75929K->28K(78656K), 0.0004687 secs] 210998K->135097K(253440K), 0.0005281 secs] [Times: user=0.00 sys=0.00, real=0.00 secs] 
2023-11-16T03:49:38.394+0000: 53.684: [GC (Allocation Failure) 2023-11-16T03:49:38.394+0000: 53.684: [DefNew: 69980K->8704K(78656K), 0.0146759 secs] 205049K->146458K(253440K), 0.0147512 secs] [Times: user=0.02 sys=0.00, real=0.02 secs] 
2023-11-16T03:49:38.469+0000: 53.758: [GC (Allocation Failure) 2023-11-16T03:49:38.469+0000: 53.758: [DefNew: 75929K->28K(78656K), 0.0004610 secs] 213683K->137782K(253440K), 0.0005203 secs] [Times: user=0.00 sys=0.00, real=0.00 secs] 
2023-11-16T03:49:38.529+0000: 53.818: [GC (Allocation Failure) 2023-11-16T03:49:38.529+0000: 53.818: [DefNew: 69980K->8704K(78656K), 0.0146003 secs] 207734K->149144K(253440K), 0.0146763 secs] [Times: user=0.01 sys=0.00, real=0.01 secs] 
2023-11-16T03:49:38.603+0000: 53.892: [GC (Allocation Failure) 2023-11-16T03:49:38.603+0000: 53.892: [DefNew: 75929K->28K(78656K), 0.0004780 secs] 216370K->140469K(253440K), 0.0005382 secs] [Times: user=0.00 sys=0.00, real=0.01 secs] 
2023-11-16T03:49:38.662+0000: 53.951: [GC (Allocation Failure) 2023-11-16T03:49:38.662+0000: 53.951: [DefNew: 69980K->8704K(78656K), 0.0145990 secs] 210421K->151830K(253440K), 0.0146727 secs] [Times: user=0.01 sys=0.00, real=0.02 secs] 
2023-11-16T03:49:38.736+0000: 54.025: [GC (Allocation Failure) 2023-11-16T03:49:38.736+0000: 54.025: [DefNew: 75929K->28K(78656K), 0.0004713 secs] 219056K->143155K(253440K), 0.0005313 secs] [Times: user=0.00 sys=0.00, real=0.00 secs] 
2023-11-16T03:49:38.795+0000: 54.084: [GC (Allocation Failure) 2023-11-16T03:49:38.795+0000: 54.084: [DefNew: 69980K->8704K(78656K), 0.0146570 secs] 213107K->154516K(253440K), 0.0147324 secs] [Times: user=0.02 sys=0.00, real=0.02 secs] 
2023-11-16T03:49:38.869+0000: 54.158: [GC (Allocation Failure) 2023-11-16T03:49:38.869+0000: 54.158: [DefNew: 75929K->28K(78656K), 0.0004692 secs] 221742K->145841K(253440K), 0.0005276 secs] [Times: user=0.00 sys=0.00, real=0.00 secs] 
2023-11-16T03:49:38.927+0000: 54.217: [GC (Allocation Failure) 2023-11-16T03:49:38.928+0000: 54.217: [DefNew: 69980K->8704K(78656K), 0.0146818 secs] 215793K->157202K(253440K), 0.0147554 secs] [Times: user=0.02 sys=0.00, real=0.01 secs] 
2023-11-16T03:49:39.002+0000: 54.291: [GC (Allocation Failure) 2023-11-16T03:49:39.002+0000: 54.291: [DefNew: 75929K->48K(78656K), 0.0004746 secs] 224427K->148547K(253440K), 0.0005347 secs] [Times: user=0.00 sys=0.00, real=0.00 secs] 
2023-11-16T03:49:39.061+0000: 54.350: [GC (Allocation Failure) 2023-11-16T03:49:39.061+0000: 54.350: [DefNew: 70000K->8704K(78656K), 0.0146703 secs] 218499K->159907K(253440K), 0.0147426 secs] [Times: user=0.01 sys=0.00, real=0.01 secs] 
2023-11-16T03:49:39.135+0000: 54.425: [GC (Allocation Failure) 2023-11-16T03:49:39.135+0000: 54.425: [DefNew: 75929K->28K(78656K), 0.0004915 secs] 227133K->151232K(253440K), 0.0005513 secs] [Times: user=0.00 sys=0.00, real=0.01 secs] 
2023-11-16T03:49:39.195+0000: 54.484: [GC (Allocation Failure) 2023-11-16T03:49:39.195+0000: 54.484: [DefNew: 69980K->8704K(78656K), 0.0147643 secs] 221184K->162593K(253440K), 0.0148634 secs] [Times: user=0.02 sys=0.00, real=0.02 secs] 
2023-11-16T03:49:39.270+0000: 54.559: [GC (Allocation Failure) 2023-11-16T03:49:39.270+0000: 54.559: [DefNew: 75929K->28K(78656K), 0.0004706 secs] 229819K->153918K(253440K), 0.0005280 secs] [Times: user=0.00 sys=0.00, real=0.00 secs] 
2023-11-16T03:49:39.329+0000: 54.618: [GC (Allocation Failure) 2023-11-16T03:49:39.329+0000: 54.618: [DefNew: 69980K->8704K(78656K), 0.0147203 secs] 223870K->165278K(253440K), 0.0147940 secs] [Times: user=0.01 sys=0.00, real=0.02 secs] 
2023-11-16T03:49:39.404+0000: 54.693: [GC (Allocation Failure) 2023-11-16T03:49:39.404+0000: 54.693: [DefNew: 75929K->28K(78656K), 0.0004696 secs] 232504K->156603K(253440K), 0.0005294 secs] [Times: user=0.00 sys=0.00, real=0.00 secs] 
2023-11-16T03:49:39.462+0000: 54.751: [GC (Allocation Failure) 2023-11-16T03:49:39.462+0000: 54.751: [DefNew: 69980K->8704K(78656K), 0.0150676 secs] 226555K->167965K(253440K), 0.0151417 secs] [Times: user=0.01 sys=0.00, real=0.02 secs] 
2023-11-16T03:49:39.541+0000: 54.831: [GC (Allocation Failure) 2023-11-16T03:49:39.541+0000: 54.831: [DefNew: 75929K->40K(78656K), 0.0005644 secs] 235191K->159302K(253440K), 0.0006242 secs] [Times: user=0.01 sys=0.00, real=0.00 secs] 
2023-11-16T03:49:39.607+0000: 54.896: [GC (Allocation Failure) 2023-11-16T03:49:39.607+0000: 54.896: [DefNew: 69992K->8703K(78656K), 0.0164805 secs] 229254K->170661K(253440K), 0.0165905 secs] [Times: user=0.01 sys=0.00, real=0.02 secs] 
2023-11-16T03:49:39.685+0000: 54.974: [GC (Allocation Failure) 2023-11-16T03:49:39.685+0000: 54.974: [DefNew: 75929K->28K(78656K), 0.0005572 secs] 237887K->161997K(253440K), 0.0006169 secs] [Times: user=0.00 sys=0.00, real=0.00 secs] 
2023-11-16T03:49:39.744+0000: 55.033: [GC (Allocation Failure) 2023-11-16T03:49:39.744+0000: 55.033: [DefNew: 69980K->8704K(78656K), 0.0147519 secs] 231949K->173357K(253440K), 0.0148276 secs] [Times: user=0.02 sys=0.00, real=0.01 secs] 
2023-11-16T03:49:39.819+0000: 55.108: [GC (Allocation Failure) 2023-11-16T03:49:39.819+0000: 55.108: [DefNew: 75929K->28K(78656K), 0.0004531 secs] 240583K->164682K(253440K), 0.0005131 secs] [Times: user=0.00 sys=0.00, real=0.00 secs] 
2023-11-16T03:49:39.877+0000: 55.166: [GC (Allocation Failure) 2023-11-16T03:49:39.877+0000: 55.166: [DefNew: 69980K->8704K(78656K), 0.0149462 secs] 234634K->176042K(253440K), 0.0150199 secs] [Times: user=0.01 sys=0.00, real=0.01 secs] 
2023-11-16T03:49:39.952+0000: 55.241: [GC (Allocation Failure) 2023-11-16T03:49:39.952+0000: 55.241: [DefNew: 75929K->28K(78656K), 0.0004839 secs] 243268K->167367K(253440K), 0.0005447 secs] [Times: user=0.00 sys=0.00, real=0.00 secs] 
2023-11-16T03:49:40.010+0000: 55.299: [GC (Allocation Failure) 2023-11-16T03:49:40.010+0000: 55.299: [DefNew: 69980K->8704K(78656K), 0.0146645 secs] 237319K->178727K(253440K), 0.0147394 secs] [Times: user=0.01 sys=0.00, real=0.02 secs] 
2023-11-16T03:49:40.085+0000: 55.374: [GC (Allocation Failure) 2023-11-16T03:49:40.085+0000: 55.374: [DefNew: 75929K->75929K(78656K), 0.0000180 secs]2023-11-16T03:49:40.085+0000: 55.374: [Tenured: 170023K->4336K(174784K), 0.0936714 secs] 245953K->4336K(253440K), [Metaspace: 5984K->5984K(1056768K)], 0.0937912 secs] [Times: user=0.10 sys=0.00, real=0.09 secs] 
2023-11-16T03:49:40.238+0000: 55.527: [GC (Allocation Failure) 2023-11-16T03:49:40.238+0000: 55.527: [DefNew: 69952K->8704K(78656K), 0.0147088 secs] 74288K->15696K(253440K), 0.0147838 secs] [Times: user=0.01 sys=0.00, real=0.01 secs] 
2023-11-16T03:49:40.312+0000: 55.602: [GC (Allocation Failure) 2023-11-16T03:49:40.312+0000: 55.602: [DefNew: 75929K->28K(78656K), 0.0004215 secs] 82921K->7020K(253440K), 0.0004819 secs] [Times: user=0.00 sys=0.00, real=0.00 secs] 
2023-11-16T03:49:40.371+0000: 55.660: [GC (Allocation Failure) 2023-11-16T03:49:40.371+0000: 55.660: [DefNew: 69980K->8704K(78656K), 0.0147139 secs] 76972K->18379K(253440K), 0.0147869 secs] [Times: user=0.01 sys=0.00, real=0.02 secs] 
2023-11-16T03:49:40.445+0000: 55.734: [GC (Allocation Failure) 2023-11-16T03:49:40.445+0000: 55.734: [DefNew: 75929K->48K(78656K), 0.0004484 secs] 85605K->9725K(253440K), 0.0005112 secs] [Times: user=0.00 sys=0.00, real=0.00 secs] 
2023-11-16T03:49:40.505+0000: 55.794: [GC (Allocation Failure) 2023-11-16T03:49:40.505+0000: 55.794: [DefNew: 70000K->8704K(78656K), 0.0147553 secs] 79677K->21084K(253440K), 0.0148270 secs] [Times: user=0.02 sys=0.00, real=0.01 secs] 
2023-11-16T03:49:40.580+0000: 55.869: [GC (Allocation Failure) 2023-11-16T03:49:40.580+0000: 55.869: [DefNew: 75929K->28K(78656K), 0.0004211 secs] 88310K->12409K(253440K), 0.0004814 secs] [Times: user=0.00 sys=0.00, real=0.00 secs] 
2023-11-16T03:49:40.639+0000: 55.928: [GC (Allocation Failure) 2023-11-16T03:49:40.639+0000: 55.928: [DefNew: 69980K->8704K(78656K), 0.0145535 secs] 82361K->23771K(253440K), 0.0146290 secs] [Times: user=0.01 sys=0.00, real=0.01 secs] 
2023-11-16T03:49:40.713+0000: 56.002: [GC (Allocation Failure) 2023-11-16T03:49:40.713+0000: 56.002: [DefNew: 75929K->28K(78656K), 0.0004188 secs] 90996K->15096K(253440K), 0.0004775 secs] [Times: user=0.00 sys=0.00, real=0.00 secs] 
2023-11-16T03:49:40.771+0000: 56.061: [GC (Allocation Failure) 2023-11-16T03:49:40.771+0000: 56.061: [DefNew: 69980K->8704K(78656K), 0.0146339 secs] 85048K->26456K(253440K), 0.0147071 secs] [Times: user=0.02 sys=0.00, real=0.02 secs] 
2023-11-16T03:49:40.846+0000: 56.135: [GC (Allocation Failure) 2023-11-16T03:49:40.846+0000: 56.135: [DefNew: 75929K->28K(78656K), 0.0004177 secs] 93682K->17781K(253440K), 0.0004771 secs] [Times: user=0.00 sys=0.00, real=0.00 secs] 
2023-11-16T03:49:40.904+0000: 56.194: [GC (Allocation Failure) 2023-11-16T03:49:40.904+0000: 56.194: [DefNew: 69980K->8704K(78656K), 0.0147534 secs] 87733K->29142K(253440K), 0.0148257 secs] [Times: user=0.02 sys=0.00, real=0.01 secs] 
2023-11-16T03:49:40.979+0000: 56.268: [GC (Allocation Failure) 2023-11-16T03:49:40.979+0000: 56.268: [DefNew: 75929K->28K(78656K), 0.0004107 secs] 96367K->20466K(253440K), 0.0004707 secs] [Times: user=0.00 sys=0.00, real=0.00 secs] 
2023-11-16T03:49:41.037+0000: 56.327: [GC (Allocation Failure) 2023-11-16T03:49:41.037+0000: 56.327: [DefNew: 69980K->8704K(78656K), 0.0146505 secs] 90418K->31827K(253440K), 0.0147244 secs] [Times: user=0.02 sys=0.00, real=0.01 secs] 
2023-11-16T03:49:41.113+0000: 56.402: [GC (Allocation Failure) 2023-11-16T03:49:41.113+0000: 56.402: [DefNew: 75929K->41K(78656K), 0.0005399 secs] 99052K->23164K(253440K), 0.0006004 secs] [Times: user=0.00 sys=0.00, real=0.00 secs] 
2023-11-16T03:49:41.171+0000: 56.461: [GC (Allocation Failure) 2023-11-16T03:49:41.171+0000: 56.461: [DefNew: 69993K->8703K(78656K), 0.0147126 secs] 93116K->34524K(253440K), 0.0147888 secs] [Times: user=0.01 sys=0.00, real=0.02 secs] 
2023-11-16T03:49:41.256+0000: 56.545: [GC (Allocation Failure) 2023-11-16T03:49:41.256+0000: 56.546: [DefNew: 75929K->48K(78656K), 0.0005205 secs] 101750K->25879K(253440K), 0.0005811 secs] [Times: user=0.00 sys=0.00, real=0.00 secs] 
2023-11-16T03:49:41.315+0000: 56.604: [GC (Allocation Failure) 2023-11-16T03:49:41.315+0000: 56.604: [DefNew: 70000K->8704K(78656K), 0.0145364 secs] 95831K->37239K(253440K), 0.0146182 secs] [Times: user=0.01 sys=0.00, real=0.02 secs] 
2023-11-16T03:49:41.389+0000: 56.679: [GC (Allocation Failure) 2023-11-16T03:49:41.390+0000: 56.679: [DefNew: 75929K->28K(78656K), 0.0004249 secs] 104465K->28565K(253440K), 0.0004832 secs] [Times: user=0.01 sys=0.00, real=0.00 secs] 
2023-11-16T03:49:41.448+0000: 56.737: [GC (Allocation Failure) 2023-11-16T03:49:41.448+0000: 56.737: [DefNew: 69980K->8704K(78656K), 0.0145717 secs] 98517K->39925K(253440K), 0.0146477 secs] [Times: user=0.02 sys=0.00, real=0.01 secs] 
2023-11-16T03:49:41.523+0000: 56.812: [GC (Allocation Failure) 2023-11-16T03:49:41.523+0000: 56.812: [DefNew: 75929K->28K(78656K), 0.0004617 secs] 107151K->31250K(253440K), 0.0005226 secs] [Times: user=0.00 sys=0.00, real=0.01 secs] 
2023-11-16T03:49:41.582+0000: 56.871: [GC (Allocation Failure) 2023-11-16T03:49:41.582+0000: 56.871: [DefNew: 69980K->8704K(78656K), 0.0146376 secs] 101202K->42611K(253440K), 0.0147139 secs] [Times: user=0.01 sys=0.00, real=0.02 secs] 
2023-11-16T03:49:41.657+0000: 56.946: [GC (Allocation Failure) 2023-11-16T03:49:41.657+0000: 56.946: [DefNew: 75929K->28K(78656K), 0.0004157 secs] 109836K->33936K(253440K), 0.0004747 secs] [Times: user=0.00 sys=0.00, real=0.00 secs] 
2023-11-16T03:49:41.716+0000: 57.006: [GC (Allocation Failure) 2023-11-16T03:49:41.716+0000: 57.006: [DefNew: 69980K->8704K(78656K), 0.0145712 secs] 103888K->45296K(253440K), 0.0146467 secs] [Times: user=0.02 sys=0.00, real=0.01 secs] 
2023-11-16T03:49:41.791+0000: 57.080: [GC (Allocation Failure) 2023-11-16T03:49:41.791+0000: 57.080: [DefNew: 75929K->28K(78656K), 0.0004207 secs] 112522K->36621K(253440K), 0.0004813 secs] [Times: user=0.00 sys=0.00, real=0.00 secs] 
2023-11-16T03:49:41.849+0000: 57.138: [GC (Allocation Failure) 2023-11-16T03:49:41.849+0000: 57.138: [DefNew: 69980K->8704K(78656K), 0.0146134 secs] 106573K->47981K(253440K), 0.0146885 secs] [Times: user=0.02 sys=0.00, real=0.02 secs] 
2023-11-16T03:49:41.925+0000: 57.214: [GC (Allocation Failure) 2023-11-16T03:49:41.925+0000: 57.214: [DefNew: 75929K->28K(78656K), 0.0004216 secs] 115207K->39307K(253440K), 0.0004804 secs] [Times: user=0.00 sys=0.00, real=0.00 secs] 
2023-11-16T03:49:42.004+0000: 57.293: [GC (Allocation Failure) 2023-11-16T03:49:42.004+0000: 57.293: [DefNew: 69980K->8703K(78656K), 0.0146020 secs] 109259K->50668K(253440K), 0.0146790 secs] [Times: user=0.02 sys=0.00, real=0.01 secs] 
2023-11-16T03:49:42.113+0000: 57.402: [GC (Allocation Failure) 2023-11-16T03:49:42.113+0000: 57.402: [DefNew: 75929K->28K(78656K), 0.0004692 secs] 117893K->41993K(253440K), 0.0005587 secs] [Times: user=0.00 sys=0.00, real=0.00 secs] 
2023-11-16T03:49:42.171+0000: 57.461: [GC (Allocation Failure) 2023-11-16T03:49:42.171+0000: 57.461: [DefNew: 69980K->8704K(78656K), 0.0145644 secs] 111945K->53355K(253440K), 0.0146414 secs] [Times: user=0.01 sys=0.00, real=0.02 secs] 
2023-11-16T03:49:42.246+0000: 57.535: [GC (Allocation Failure) 2023-11-16T03:49:42.246+0000: 57.535: [DefNew: 75929K->28K(78656K), 0.0004214 secs] 120581K->44680K(253440K), 0.0004816 secs] [Times: user=0.00 sys=0.00, real=0.00 secs] 
2023-11-16T03:49:42.305+0000: 57.594: [GC (Allocation Failure) 2023-11-16T03:49:42.305+0000: 57.594: [DefNew: 69980K->8704K(78656K), 0.0145620 secs] 114632K->56041K(253440K), 0.0146366 secs] [Times: user=0.02 sys=0.00, real=0.01 secs] 
2023-11-16T03:49:42.379+0000: 57.668: [GC (Allocation Failure) 2023-11-16T03:49:42.379+0000: 57.668: [DefNew: 75929K->28K(78656K), 0.0004240 secs] 123267K->47366K(253440K), 0.0004832 secs] [Times: user=0.00 sys=0.00, real=0.00 secs] 
2023-11-16T03:49:42.438+0000: 57.727: [GC (Allocation Failure) 2023-11-16T03:49:42.438+0000: 57.727: [DefNew: 69980K->8704K(78656K), 0.0145431 secs] 117318K->58727K(253440K), 0.0146186 secs] [Times: user=0.02 sys=0.00, real=0.01 secs] 
2023-11-16T03:49:42.512+0000: 57.802: [GC (Allocation Failure) 2023-11-16T03:49:42.512+0000: 57.802: [DefNew: 75929K->28K(78656K), 0.0004231 secs] 125953K->50052K(253440K), 0.0004827 secs] [Times: user=0.00 sys=0.00, real=0.00 secs] 
2023-11-16T03:49:42.571+0000: 57.860: [GC (Allocation Failure) 2023-11-16T03:49:42.571+0000: 57.860: [DefNew: 69980K->8704K(78656K), 0.0146037 secs] 120004K->61413K(253440K), 0.0146780 secs] [Times: user=0.01 sys=0.00, real=0.02 secs] 
2023-11-16T03:49:42.647+0000: 57.936: [GC (Allocation Failure) 2023-11-16T03:49:42.647+0000: 57.936: [DefNew: 75929K->41K(78656K), 0.0005577 secs] 128639K->52751K(253440K), 0.0006204 secs] [Times: user=0.00 sys=0.00, real=0.00 secs] 
2023-11-16T03:49:42.705+0000: 57.994: [GC (Allocation Failure) 2023-11-16T03:49:42.705+0000: 57.994: [DefNew: 69993K->8703K(78656K), 0.0146791 secs] 122703K->64111K(253440K), 0.0147540 secs] [Times: user=0.02 sys=0.00, real=0.01 secs] 
2023-11-16T03:49:42.780+0000: 58.069: [GC (Allocation Failure) 2023-11-16T03:49:42.780+0000: 58.069: [DefNew: 75929K->28K(78656K), 0.0005212 secs] 131337K->55447K(253440K), 0.0005811 secs] [Times: user=0.00 sys=0.00, real=0.00 secs] 
2023-11-16T03:49:42.838+0000: 58.127: [GC (Allocation Failure) 2023-11-16T03:49:42.838+0000: 58.127: [DefNew: 69980K->8704K(78656K), 0.0145943 secs] 125399K->66807K(253440K), 0.0146712 secs] [Times: user=0.01 sys=0.00, real=0.01 secs] 
2023-11-16T03:49:42.913+0000: 58.202: [GC (Allocation Failure) 2023-11-16T03:49:42.913+0000: 58.202: [DefNew: 75929K->28K(78656K), 0.0004239 secs] 134033K->58132K(253440K), 0.0004840 secs] [Times: user=0.00 sys=0.00, real=0.00 secs] 
2023-11-16T03:49:42.971+0000: 58.261: [GC (Allocation Failure) 2023-11-16T03:49:42.971+0000: 58.261: [DefNew: 69980K->8704K(78656K), 0.0146006 secs] 128084K->69493K(253440K), 0.0146756 secs] [Times: user=0.01 sys=0.00, real=0.02 secs] 
2023-11-16T03:49:43.046+0000: 58.335: [GC (Allocation Failure) 2023-11-16T03:49:43.046+0000: 58.335: [DefNew: 75929K->28K(78656K), 0.0004533 secs] 136719K->60818K(253440K), 0.0005134 secs] [Times: user=0.00 sys=0.00, real=0.00 secs] 
2023-11-16T03:49:43.104+0000: 58.393: [GC (Allocation Failure) 2023-11-16T03:49:43.104+0000: 58.393: [DefNew: 69980K->8704K(78656K), 0.0145721 secs] 130770K->72178K(253440K), 0.0146440 secs] [Times: user=0.02 sys=0.00, real=0.01 secs] 
2023-11-16T03:49:43.179+0000: 58.468: [GC (Allocation Failure) 2023-11-16T03:49:43.179+0000: 58.468: [DefNew: 75929K->28K(78656K), 0.0004277 secs] 139404K->63503K(253440K), 0.0004877 secs] [Times: user=0.00 sys=0.00, real=0.00 secs] 
2023-11-16T03:49:43.237+0000: 58.526: [GC (Allocation Failure) 2023-11-16T03:49:43.237+0000: 58.526: [DefNew: 69980K->8704K(78656K), 0.0146135 secs] 133455K->74863K(253440K), 0.0147101 secs] [Times: user=0.02 sys=0.00, real=0.01 secs] 
2023-11-16T03:49:43.312+0000: 58.601: [GC (Allocation Failure) 2023-11-16T03:49:43.312+0000: 58.601: [DefNew: 75929K->28K(78656K), 0.0004295 secs] 142088K->66187K(253440K), 0.0004899 secs] [Times: user=0.01 sys=0.00, real=0.00 secs] 
2023-11-16T03:49:43.370+0000: 58.659: [GC (Allocation Failure) 2023-11-16T03:49:43.370+0000: 58.659: [DefNew: 69980K->8704K(78656K), 0.0145641 secs] 136139K->77549K(253440K), 0.0146379 secs] [Times: user=0.02 sys=0.00, real=0.02 secs] 
2023-11-16T03:49:43.444+0000: 58.734: [GC (Allocation Failure) 2023-11-16T03:49:43.444+0000: 58.734: [DefNew: 75929K->28K(78656K), 0.0004303 secs] 144774K->68873K(253440K), 0.0004905 secs] [Times: user=0.00 sys=0.00, real=0.00 secs] 
2023-11-16T03:49:43.503+0000: 58.792: [GC (Allocation Failure) 2023-11-16T03:49:43.503+0000: 58.792: [DefNew: 69980K->8704K(78656K), 0.0146145 secs] 138825K->80235K(253440K), 0.0146888 secs] [Times: user=0.01 sys=0.00, real=0.02 secs] 
2023-11-16T03:49:43.578+0000: 58.868: [GC (Allocation Failure) 2023-11-16T03:49:43.578+0000: 58.868: [DefNew: 75929K->28K(78656K), 0.0004244 secs] 147461K->71560K(253440K), 0.0004855 secs] [Times: user=0.00 sys=0.00, real=0.00 secs] 
2023-11-16T03:49:43.637+0000: 58.926: [GC (Allocation Failure) 2023-11-16T03:49:43.637+0000: 58.926: [DefNew: 69980K->8704K(78656K), 0.0146037 secs] 141512K->82922K(253440K), 0.0146835 secs] [Times: user=0.01 sys=0.00, real=0.01 secs] 
2023-11-16T03:49:43.712+0000: 59.001: [GC (Allocation Failure) 2023-11-16T03:49:43.712+0000: 59.001: [DefNew: 75929K->28K(78656K), 0.0004676 secs] 150147K->74247K(253440K), 0.0005281 secs] [Times: user=0.00 sys=0.00, real=0.00 secs] 
2023-11-16T03:49:43.770+0000: 59.059: [GC (Allocation Failure) 2023-11-16T03:49:43.770+0000: 59.059: [DefNew: 69980K->8704K(78656K), 0.0145738 secs] 144199K->85607K(253440K), 0.0146471 secs] [Times: user=0.01 sys=0.00, real=0.02 secs] 
2023-11-16T03:49:43.844+0000: 59.134: [GC (Allocation Failure) 2023-11-16T03:49:43.844+0000: 59.134: [DefNew: 75929K->28K(78656K), 0.0004314 secs] 152833K->76932K(253440K), 0.0004906 secs] [Times: user=0.00 sys=0.00, real=0.00 secs] 
2023-11-16T03:49:43.903+0000: 59.193: [GC (Allocation Failure) 2023-11-16T03:49:43.903+0000: 59.193: [DefNew: 69980K->8704K(78656K), 0.0147876 secs] 146884K->88292K(253440K), 0.0148610 secs] [Times: user=0.02 sys=0.00, real=0.02 secs] 
2023-11-16T03:49:43.978+0000: 59.267: [GC (Allocation Failure) 2023-11-16T03:49:43.978+0000: 59.267: [DefNew: 75929K->28K(78656K), 0.0004920 secs] 155518K->79617K(253440K), 0.0005520 secs] [Times: user=0.00 sys=0.00, real=0.00 secs] 
2023-11-16T03:49:44.036+0000: 59.326: [GC (Allocation Failure) 2023-11-16T03:49:44.036+0000: 59.326: [DefNew: 69980K->8704K(78656K), 0.0146371 secs] 149569K->90980K(253440K), 0.0147117 secs] [Times: user=0.01 sys=0.00, real=0.01 secs] 
2023-11-16T03:49:44.115+0000: 59.405: [GC (Allocation Failure) 2023-11-16T03:49:44.115+0000: 59.405: [DefNew: 75929K->41K(78656K), 0.0005521 secs] 158206K->82318K(253440K), 0.0006145 secs] [Times: user=0.00 sys=0.00, real=0.01 secs] 
2023-11-16T03:49:44.174+0000: 59.463: [GC (Allocation Failure) 2023-11-16T03:49:44.174+0000: 59.463: [DefNew: 69993K->8703K(78656K), 0.0146642 secs] 152270K->93677K(253440K), 0.0147392 secs] [Times: user=0.02 sys=0.00, real=0.02 secs] 
2023-11-16T03:49:44.248+0000: 59.537: [GC (Allocation Failure) 2023-11-16T03:49:44.248+0000: 59.538: [DefNew: 75929K->28K(78656K), 0.0005348 secs] 160903K->85012K(253440K), 0.0005927 secs] [Times: user=0.00 sys=0.00, real=0.00 secs] 
2023-11-16T03:49:44.307+0000: 59.597: [GC (Allocation Failure) 2023-11-16T03:49:44.307+0000: 59.597: [DefNew: 69980K->8704K(78656K), 0.0146369 secs] 154964K->96374K(253440K), 0.0147110 secs] [Times: user=0.01 sys=0.00, real=0.01 secs] 
2023-11-16T03:49:44.382+0000: 59.671: [GC (Allocation Failure) 2023-11-16T03:49:44.382+0000: 59.671: [DefNew: 75929K->28K(78656K), 0.0004340 secs] 163599K->87699K(253440K), 0.0004933 secs] [Times: user=0.00 sys=0.00, real=0.00 secs] 
2023-11-16T03:49:44.440+0000: 59.729: [GC (Allocation Failure) 2023-11-16T03:49:44.440+0000: 59.729: [DefNew: 69980K->8704K(78656K), 0.0145720 secs] 157651K->99059K(253440K), 0.0146433 secs] [Times: user=0.01 sys=0.00, real=0.01 secs] 
2023-11-16T03:49:44.515+0000: 59.804: [GC (Allocation Failure) 2023-11-16T03:49:44.515+0000: 59.804: [DefNew: 75929K->28K(78656K), 0.0004332 secs] 166284K->90384K(253440K), 0.0004923 secs] [Times: user=0.00 sys=0.00, real=0.00 secs] 
2023-11-16T03:49:44.573+0000: 59.862: [GC (Allocation Failure) 2023-11-16T03:49:44.573+0000: 59.862: [DefNew: 69980K->8704K(78656K), 0.0146087 secs] 160336K->101745K(253440K), 0.0146820 secs] [Times: user=0.02 sys=0.00, real=0.02 secs] 
2023-11-16T03:49:44.647+0000: 59.937: [GC (Allocation Failure) 2023-11-16T03:49:44.647+0000: 59.937: [DefNew: 75929K->28K(78656K), 0.0004792 secs] 168970K->93070K(253440K), 0.0005391 secs] [Times: user=0.00 sys=0.00, real=0.00 secs] 
2023-11-16T03:49:44.706+0000: 59.996: [GC (Allocation Failure) 2023-11-16T03:49:44.706+0000: 59.996: [DefNew: 69980K->8704K(78656K), 0.0146608 secs] 163022K->104430K(253440K), 0.0147332 secs] [Times: user=0.01 sys=0.00, real=0.01 secs] 
2023-11-16T03:49:44.781+0000: 60.070: [GC (Allocation Failure) 2023-11-16T03:49:44.781+0000: 60.070: [DefNew: 75929K->28K(78656K), 0.0004339 secs] 171655K->95754K(253440K), 0.0004928 secs] [Times: user=0.00 sys=0.00, real=0.00 secs] 
2023-11-16T03:49:44.839+0000: 60.128: [GC (Allocation Failure) 2023-11-16T03:49:44.839+0000: 60.128: [DefNew: 69980K->8704K(78656K), 0.0146618 secs] 165706K->107116K(253440K), 0.0147352 secs] [Times: user=0.02 sys=0.00, real=0.01 secs] 
2023-11-16T03:49:44.914+0000: 60.203: [GC (Allocation Failure) 2023-11-16T03:49:44.914+0000: 60.203: [DefNew: 75929K->48K(78656K), 0.0004764 secs] 174342K->98461K(253440K), 0.0005378 secs] [Times: user=0.00 sys=0.00, real=0.00 secs] 
2023-11-16T03:49:44.972+0000: 60.261: [GC (Allocation Failure) 2023-11-16T03:49:44.972+0000: 60.261: [DefNew: 70000K->8704K(78656K), 0.0146527 secs] 168413K->109823K(253440K), 0.0147285 secs] [Times: user=0.01 sys=0.00, real=0.02 secs] 
2023-11-16T03:49:45.046+0000: 60.336: [GC (Allocation Failure) 2023-11-16T03:49:45.046+0000: 60.336: [DefNew: 76054K->28K(78656K), 0.0004489 secs] 177173K->101148K(253440K), 0.0005086 secs] [Times: user=0.00 sys=0.00, real=0.00 secs] 
2023-11-16T03:49:45.105+0000: 60.394: [GC (Allocation Failure) 2023-11-16T03:49:45.105+0000: 60.394: [DefNew: 69980K->8704K(78656K), 0.0145829 secs] 171100K->112509K(253440K), 0.0146830 secs] [Times: user=0.01 sys=0.00, real=0.01 secs] 
2023-11-16T03:49:45.181+0000: 60.470: [GC (Allocation Failure) 2023-11-16T03:49:45.181+0000: 60.471: [DefNew: 75906K->28K(78656K), 0.0004417 secs] 179712K->103834K(253440K), 0.0005002 secs] [Times: user=0.00 sys=0.00, real=0.00 secs] 
2023-11-16T03:49:45.240+0000: 60.529: [GC (Allocation Failure) 2023-11-16T03:49:45.240+0000: 60.529: [DefNew: 69980K->8704K(78656K), 0.0146194 secs] 173786K->115193K(253440K), 0.0146966 secs] [Times: user=0.01 sys=0.00, real=0.01 secs] 
2023-11-16T03:49:45.315+0000: 60.604: [GC (Allocation Failure) 2023-11-16T03:49:45.315+0000: 60.604: [DefNew: 75920K->28K(78656K), 0.0004543 secs] 182409K->106518K(253440K), 0.0005147 secs] [Times: user=0.00 sys=0.00, real=0.00 secs] 
2023-11-16T03:49:45.373+0000: 60.662: [GC (Allocation Failure) 2023-11-16T03:49:45.373+0000: 60.662: [DefNew: 69980K->8704K(78656K), 0.0146208 secs] 176470K->117879K(253440K), 0.0146960 secs] [Times: user=0.01 sys=0.00, real=0.02 secs] 
2023-11-16T03:49:45.448+0000: 60.737: [GC (Allocation Failure) 2023-11-16T03:49:45.448+0000: 60.737: [DefNew: 75925K->28K(78656K), 0.0004440 secs] 185100K->109204K(253440K), 0.0005040 secs] [Times: user=0.00 sys=0.00, real=0.00 secs] 
2023-11-16T03:49:45.506+0000: 60.795: [GC (Allocation Failure) 2023-11-16T03:49:45.506+0000: 60.796: [DefNew: 69980K->8704K(78656K), 0.0146502 secs] 179156K->120565K(253440K), 0.0147244 secs] [Times: user=0.02 sys=0.00, real=0.01 secs] 
2023-11-16T03:49:45.582+0000: 60.871: [GC (Allocation Failure) 2023-11-16T03:49:45.582+0000: 60.871: [DefNew: 75927K->41K(78656K), 0.0005289 secs] 187789K->111903K(253440K), 0.0005909 secs] [Times: user=0.00 sys=0.00, real=0.00 secs] 
2023-11-16T03:49:45.641+0000: 60.930: [GC (Allocation Failure) 2023-11-16T03:49:45.641+0000: 60.930: [DefNew: 69993K->8703K(78656K), 0.0147116 secs] 181855K->123262K(253440K), 0.0147901 secs] [Times: user=0.01 sys=0.00, real=0.01 secs] 
2023-11-16T03:49:45.715+0000: 61.005: [GC (Allocation Failure) 2023-11-16T03:49:45.715+0000: 61.005: [DefNew: 75928K->28K(78656K), 0.0005649 secs] 190487K->114597K(253440K), 0.0006245 secs] [Times: user=0.00 sys=0.00, real=0.01 secs] 
2023-11-16T03:49:45.774+0000: 61.063: [GC (Allocation Failure) 2023-11-16T03:49:45.774+0000: 61.063: [DefNew: 69980K->8704K(78656K), 0.0146717 secs] 184549K->125960K(253440K), 0.0147458 secs] [Times: user=0.01 sys=0.00, real=0.02 secs] 
2023-11-16T03:49:45.848+0000: 61.137: [GC (Allocation Failure) 2023-11-16T03:49:45.848+0000: 61.137: [DefNew: 75929K->28K(78656K), 0.0004393 secs] 193185K->117284K(253440K), 0.0004991 secs] [Times: user=0.00 sys=0.00, real=0.00 secs] 
2023-11-16T03:49:45.907+0000: 61.196: [GC (Allocation Failure) 2023-11-16T03:49:45.907+0000: 61.196: [DefNew: 69980K->8704K(78656K), 0.0146299 secs] 187236K->128647K(253440K), 0.0147052 secs] [Times: user=0.02 sys=0.00, real=0.01 secs] 
2023-11-16T03:49:45.981+0000: 61.270: [GC (Allocation Failure) 2023-11-16T03:49:45.981+0000: 61.271: [DefNew: 75929K->28K(78656K), 0.0004449 secs] 195872K->119972K(253440K), 0.0005039 secs] [Times: user=0.00 sys=0.00, real=0.00 secs] 
2023-11-16T03:49:46.039+0000: 61.329: [GC (Allocation Failure) 2023-11-16T03:49:46.039+0000: 61.329: [DefNew: 69980K->8704K(78656K), 0.0146064 secs] 189924K->131332K(253440K), 0.0146852 secs] [Times: user=0.02 sys=0.00, real=0.01 secs] 
2023-11-16T03:49:46.114+0000: 61.403: [GC (Allocation Failure) 2023-11-16T03:49:46.114+0000: 61.403: [DefNew: 75929K->48K(78656K), 0.0004470 secs] 198557K->122677K(253440K), 0.0005069 secs] [Times: user=0.00 sys=0.00, real=0.00 secs] 
2023-11-16T03:49:46.173+0000: 61.462: [GC (Allocation Failure) 2023-11-16T03:49:46.173+0000: 61.462: [DefNew: 70000K->8704K(78656K), 0.0148574 secs] 192629K->134037K(253440K), 0.0149305 secs] [Times: user=0.01 sys=0.00, real=0.02 secs] 
2023-11-16T03:49:46.248+0000: 61.537: [GC (Allocation Failure) 2023-11-16T03:49:46.248+0000: 61.537: [DefNew: 75929K->28K(78656K), 0.0004496 secs] 201263K->125363K(253440K), 0.0005091 secs] [Times: user=0.00 sys=0.00, real=0.00 secs] 
2023-11-16T03:49:46.307+0000: 61.596: [GC (Allocation Failure) 2023-11-16T03:49:46.307+0000: 61.596: [DefNew: 69980K->8704K(78656K), 0.0146276 secs] 195315K->136724K(253440K), 0.0147290 secs] [Times: user=0.02 sys=0.00, real=0.01 secs] 
2023-11-16T03:49:46.381+0000: 61.670: [GC (Allocation Failure) 2023-11-16T03:49:46.381+0000: 61.670: [DefNew: 75929K->28K(78656K), 0.0004732 secs] 203950K->128049K(253440K), 0.0005331 secs] [Times: user=0.00 sys=0.00, real=0.00 secs] 
2023-11-16T03:49:46.440+0000: 61.729: [GC (Allocation Failure) 2023-11-16T03:49:46.440+0000: 61.729: [DefNew: 69980K->8704K(78656K), 0.0146219 secs] 198001K->139412K(253440K), 0.0146971 secs] [Times: user=0.02 sys=0.00, real=0.01 secs] 
2023-11-16T03:49:46.514+0000: 61.804: [GC (Allocation Failure) 2023-11-16T03:49:46.514+0000: 61.804: [DefNew: 75929K->28K(78656K), 0.0004486 secs] 206638K->130737K(253440K), 0.0005084 secs] [Times: user=0.00 sys=0.00, real=0.00 secs] 
2023-11-16T03:49:46.573+0000: 61.862: [GC (Allocation Failure) 2023-11-16T03:49:46.573+0000: 61.862: [DefNew: 69980K->8704K(78656K), 0.0147840 secs] 200689K->142099K(253440K), 0.0148589 secs] [Times: user=0.01 sys=0.00, real=0.02 secs] 
2023-11-16T03:49:46.647+0000: 61.936: [GC (Allocation Failure) 2023-11-16T03:49:46.647+0000: 61.936: [DefNew: 75929K->28K(78656K), 0.0004578 secs] 209325K->133424K(253440K), 0.0005300 secs] [Times: user=0.00 sys=0.00, real=0.00 secs] 
2023-11-16T03:49:46.706+0000: 61.995: [GC (Allocation Failure) 2023-11-16T03:49:46.706+0000: 61.995: [DefNew: 69980K->8704K(78656K), 0.0147387 secs] 203376K->144783K(253440K), 0.0148144 secs] [Times: user=0.02 sys=0.00, real=0.01 secs] 
2023-11-16T03:49:46.782+0000: 62.071: [GC (Allocation Failure) 2023-11-16T03:49:46.782+0000: 62.071: [DefNew: 75929K->28K(78656K), 0.0004862 secs] 212009K->136108K(253440K), 0.0005492 secs] [Times: user=0.00 sys=0.00, real=0.00 secs] 
2023-11-16T03:49:46.845+0000: 62.134: [GC (Allocation Failure) 2023-11-16T03:49:46.845+0000: 62.134: [DefNew: 69980K->8704K(78656K), 0.0157501 secs] 206060K->147469K(253440K), 0.0158311 secs] [Times: user=0.02 sys=0.00, real=0.01 secs] 
2023-11-16T03:49:46.921+0000: 62.210: [GC (Allocation Failure) 2023-11-16T03:49:46.921+0000: 62.210: [DefNew: 75929K->28K(78656K), 0.0004511 secs] 214694K->138794K(253440K), 0.0005129 secs] [Times: user=0.00 sys=0.00, real=0.00 secs] 
2023-11-16T03:49:46.980+0000: 62.269: [GC (Allocation Failure) 2023-11-16T03:49:46.980+0000: 62.269: [DefNew: 69980K->8704K(78656K), 0.0147036 secs] 208746K->150156K(253440K), 0.0147768 secs] [Times: user=0.02 sys=0.00, real=0.01 secs] 
2023-11-16T03:49:47.054+0000: 62.344: [GC (Allocation Failure) 2023-11-16T03:49:47.054+0000: 62.344: [DefNew: 75929K->28K(78656K), 0.0004720 secs] 217381K->141481K(253440K), 0.0005319 secs] [Times: user=0.00 sys=0.00, real=0.00 secs] 
2023-11-16T03:49:47.114+0000: 62.403: [GC (Allocation Failure) 2023-11-16T03:49:47.114+0000: 62.403: [DefNew: 69980K->8704K(78656K), 0.0147596 secs] 211433K->152805K(253440K), 0.0148366 secs] [Times: user=0.01 sys=0.00, real=0.02 secs] 
2023-11-16T03:49:47.189+0000: 62.478: [GC (Allocation Failure) 2023-11-16T03:49:47.189+0000: 62.478: [DefNew: 75929K->28K(78656K), 0.0005870 secs] 220031K->144141K(253440K), 0.0006457 secs] [Times: user=0.00 sys=0.00, real=0.00 secs] 
2023-11-16T03:49:47.252+0000: 62.541: [GC (Allocation Failure) 2023-11-16T03:49:47.252+0000: 62.541: [DefNew: 69980K->8703K(78656K), 0.0148951 secs] 214093K->155490K(253440K), 0.0149806 secs] [Times: user=0.01 sys=0.00, real=0.02 secs] 
2023-11-16T03:49:47.327+0000: 62.616: [GC (Allocation Failure) 2023-11-16T03:49:47.327+0000: 62.616: [DefNew: 75929K->28K(78656K), 0.0004827 secs] 222715K->146815K(253440K), 0.0005462 secs] [Times: user=0.00 sys=0.00, real=0.00 secs] 
2023-11-16T03:49:47.385+0000: 62.674: [GC (Allocation Failure) 2023-11-16T03:49:47.385+0000: 62.674: [DefNew: 69980K->8704K(78656K), 0.0147150 secs] 216767K->158168K(253440K), 0.0147911 secs] [Times: user=0.01 sys=0.00, real=0.01 secs] 
2023-11-16T03:49:47.460+0000: 62.749: [GC (Allocation Failure) 2023-11-16T03:49:47.460+0000: 62.749: [DefNew: 75929K->28K(78656K), 0.0005144 secs] 225394K->149493K(253440K), 0.0005776 secs] [Times: user=0.01 sys=0.00, real=0.00 secs] 
2023-11-16T03:49:47.518+0000: 62.808: [GC (Allocation Failure) 2023-11-16T03:49:47.519+0000: 62.808: [DefNew: 69980K->8704K(78656K), 0.0149024 secs] 219445K->160856K(253440K), 0.0149794 secs] [Times: user=0.02 sys=0.00, real=0.01 secs] 
2023-11-16T03:49:47.595+0000: 62.884: [GC (Allocation Failure) 2023-11-16T03:49:47.595+0000: 62.884: [DefNew: 75929K->48K(78656K), 0.0004577 secs] 228081K->152201K(253440K), 0.0005192 secs] [Times: user=0.00 sys=0.00, real=0.00 secs] 
2023-11-16T03:49:47.653+0000: 62.942: [GC (Allocation Failure) 2023-11-16T03:49:47.653+0000: 62.942: [DefNew: 70000K->8704K(78656K), 0.0147849 secs] 222153K->163556K(253440K), 0.0148643 secs] [Times: user=0.01 sys=0.00, real=0.02 secs] 
2023-11-16T03:49:47.728+0000: 63.017: [GC (Allocation Failure) 2023-11-16T03:49:47.728+0000: 63.017: [DefNew: 75929K->28K(78656K), 0.0004765 secs] 230782K->154881K(253440K), 0.0005425 secs] [Times: user=0.00 sys=0.00, real=0.00 secs] 
2023-11-16T03:49:47.787+0000: 63.076: [GC (Allocation Failure) 2023-11-16T03:49:47.787+0000: 63.076: [DefNew: 69980K->8704K(78656K), 0.0147555 secs] 224833K->166234K(253440K), 0.0148323 secs] [Times: user=0.02 sys=0.00, real=0.01 secs] 
2023-11-16T03:49:47.862+0000: 63.151: [GC (Allocation Failure) 2023-11-16T03:49:47.862+0000: 63.152: [DefNew: 75929K->28K(78656K), 0.0004564 secs] 233459K->157559K(253440K), 0.0005155 secs] [Times: user=0.00 sys=0.00, real=0.00 secs] 
2023-11-16T03:49:47.921+0000: 63.210: [GC (Allocation Failure) 2023-11-16T03:49:47.921+0000: 63.210: [DefNew: 69980K->8704K(78656K), 0.0146907 secs] 227511K->168919K(253440K), 0.0147642 secs] [Times: user=0.01 sys=0.00, real=0.01 secs] 
2023-11-16T03:49:47.995+0000: 63.285: [GC (Allocation Failure) 2023-11-16T03:49:47.995+0000: 63.285: [DefNew: 75929K->28K(78656K), 0.0005015 secs] 236144K->160244K(253440K), 0.0005644 secs] [Times: user=0.00 sys=0.00, real=0.01 secs] 
2023-11-16T03:49:48.054+0000: 63.343: [GC (Allocation Failure) 2023-11-16T03:49:48.054+0000: 63.343: [DefNew: 69980K->8704K(78656K), 0.0146975 secs] 230196K->171605K(253440K), 0.0147707 secs] [Times: user=0.01 sys=0.00, real=0.02 secs] 
2023-11-16T03:49:48.128+0000: 63.418: [GC (Allocation Failure) 2023-11-16T03:49:48.128+0000: 63.418: [DefNew: 75929K->28K(78656K), 0.0004629 secs] 238830K->162930K(253440K), 0.0005252 secs] [Times: user=0.00 sys=0.00, real=0.00 secs] 
2023-11-16T03:49:48.187+0000: 63.477: [GC (Allocation Failure) 2023-11-16T03:49:48.187+0000: 63.477: [DefNew: 69980K->8704K(78656K), 0.0148098 secs] 232882K->174283K(253440K), 0.0148878 secs] [Times: user=0.02 sys=0.00, real=0.01 secs] 
2023-11-16T03:49:48.267+0000: 63.556: [GC (Allocation Failure) 2023-11-16T03:49:48.267+0000: 63.556: [DefNew: 77317K->70K(78656K), 0.0006026 secs] 242896K->165650K(253440K), 0.0006726 secs] [Times: user=0.00 sys=0.00, real=0.00 secs] 
2023-11-16T03:49:48.326+0000: 63.615: [GC (Allocation Failure) 2023-11-16T03:49:48.326+0000: 63.615: [DefNew: 70022K->8704K(78656K), 0.0146339 secs] 235602K->176883K(253440K), 0.0147133 secs] [Times: user=0.01 sys=0.00, real=0.01 secs] 
2023-11-16T03:49:48.401+0000: 63.691: [GC (Allocation Failure) 2023-11-16T03:49:48.401+0000: 63.691: [DefNew: 75934K->45K(78656K), 0.0005169 secs] 244114K->168228K(253440K), 0.0005775 secs] [Times: user=0.00 sys=0.00, real=0.00 secs] 
2023-11-16T03:49:48.461+0000: 63.751: [GC (Allocation Failure) 2023-11-16T03:49:48.461+0000: 63.751: [DefNew: 69997K->8704K(78656K), 0.0146984 secs] 238180K->179483K(253440K), 0.0147750 secs] [Times: user=0.01 sys=0.00, real=0.02 secs] 
2023-11-16T03:49:48.537+0000: 63.826: [GC (Allocation Failure) 2023-11-16T03:49:48.537+0000: 63.826: [DefNew: 75930K->75930K(78656K), 0.0000184 secs]2023-11-16T03:49:48.537+0000: 63.826: [Tenured: 170779K->2899K(174784K), 0.0925010 secs] 246710K->2899K(253440K), [Metaspace: 5985K->5985K(1056768K)], 0.0926222 secs] [Times: user=0.09 sys=0.00, real=0.09 secs] 
2023-11-16T03:49:48.688+0000: 63.978: [GC (Allocation Failure) 2023-11-16T03:49:48.689+0000: 63.978: [DefNew: 69952K->8703K(78656K), 0.0145296 secs] 72851K->14192K(253440K), 0.0146291 secs] [Times: user=0.02 sys=0.00, real=0.01 secs] 
2023-11-16T03:49:48.770+0000: 64.059: [GC (Allocation Failure) 2023-11-16T03:49:48.770+0000: 64.059: [DefNew: 75929K->61K(78656K), 0.0004084 secs] 81418K->5549K(253440K), 0.0004716 secs] [Times: user=0.00 sys=0.00, real=0.00 secs] 
2023-11-16T03:49:48.829+0000: 64.118: [GC (Allocation Failure) 2023-11-16T03:49:48.829+0000: 64.118: [DefNew: 70013K->8704K(78656K), 0.0144238 secs] 75501K->16801K(253440K), 0.0145023 secs] [Times: user=0.02 sys=0.00, real=0.01 secs] 
2023-11-16T03:49:48.905+0000: 64.194: [GC (Allocation Failure) 2023-11-16T03:49:48.905+0000: 64.194: [DefNew: 75926K->61K(78656K), 0.0004093 secs] 84024K->8159K(253440K), 0.0004697 secs] [Times: user=0.00 sys=0.00, real=0.00 secs] 
2023-11-16T03:49:48.964+0000: 64.253: [GC (Allocation Failure) 2023-11-16T03:49:48.964+0000: 64.253: [DefNew: 70013K->8704K(78656K), 0.0144671 secs] 78111K->19385K(253440K), 0.0145458 secs] [Times: user=0.01 sys=0.00, real=0.01 secs] 
2023-11-16T03:49:49.042+0000: 64.331: [GC (Allocation Failure) 2023-11-16T03:49:49.042+0000: 64.331: [DefNew: 75927K->45K(78656K), 0.0004289 secs] 86609K->10727K(253440K), 0.0004905 secs] [Times: user=0.01 sys=0.00, real=0.00 secs] 
2023-11-16T03:49:49.102+0000: 64.391: [GC (Allocation Failure) 2023-11-16T03:49:49.102+0000: 64.391: [DefNew: 69997K->8704K(78656K), 0.0144054 secs] 80679K->22005K(253440K), 0.0144835 secs] [Times: user=0.02 sys=0.00, real=0.02 secs] 
2023-11-16T03:49:49.181+0000: 64.471: [GC (Allocation Failure) 2023-11-16T03:49:49.181+0000: 64.471: [DefNew: 75926K->61K(78656K), 0.0004026 secs] 89228K->13363K(253440K), 0.0004653 secs] [Times: user=0.00 sys=0.00, real=0.00 secs] 
2023-11-16T03:49:49.245+0000: 64.534: [GC (Allocation Failure) 2023-11-16T03:49:49.245+0000: 64.534: [DefNew: 70013K->8704K(78656K), 0.0144897 secs] 83315K->24617K(253440K), 0.0145671 secs] [Times: user=0.01 sys=0.00, real=0.01 secs] 
2023-11-16T03:49:49.824+0000: 65.114: [GC (Allocation Failure) 2023-11-16T03:49:49.824+0000: 65.114: [DefNew: 78656K->5K(78656K), 0.0006430 secs] 94569K->15919K(253440K), 0.0006992 secs] [Times: user=0.00 sys=0.00, real=0.00 secs] 
Heap
 def new generation   total 78656K, used 1405K [0x00000000f0000000, 0x00000000f5550000, 0x00000000f5550000)
  eden space 69952K,   2% used [0x00000000f0000000, 0x00000000f015dc98, 0x00000000f4450000)
  from space 8704K,   0% used [0x00000000f4450000, 0x00000000f44517c8, 0x00000000f4cd0000)
  to   space 8704K,   0% used [0x00000000f4cd0000, 0x00000000f4cd0000, 0x00000000f5550000)
 tenured generation   total 174784K, used 15913K [0x00000000f5550000, 0x0000000100000000, 0x0000000100000000)
   the space 174784K,   9% used [0x00000000f5550000, 0x00000000f64da778, 0x00000000f64da800, 0x0000000100000000)
 Metaspace       used 6007K, capacity 6096K, committed 6272K, reserved 1056768K
  class space    used 614K, capacity 624K, committed 640K, reserved 1048576K
